Max length 500 | Current length 312 | Noises: 5
Max length 500 | Current length 413 | Noises: 10
Max length 500 | Current length 527 | Noises: 15
Num noises: 10

  0%|          | 0/1 [00:00<?, ?it/s]
100%|██████████| 1/1 [00:00<00:00, 602.72it/s]
Max length 131072 | Current length 816 | Noises: 10
Max length 131072 | Current length 1058 | Noises: 20
Max length 131072 | Current length 1298 | Noises: 30
Max length 131072 | Current length 1540 | Noises: 40
Max length 131072 | Current length 1776 | Noises: 50
Max length 131072 | Current length 2014 | Noises: 60
Max length 131072 | Current length 2254 | Noises: 70
Max length 131072 | Current length 2497 | Noises: 80
Max length 131072 | Current length 2741 | Noises: 90
Max length 131072 | Current length 2978 | Noises: 100
Max length 131072 | Current length 3216 | Noises: 110
Max length 131072 | Current length 3453 | Noises: 120
Max length 131072 | Current length 3700 | Noises: 130
Max length 131072 | Current length 3937 | Noises: 140
Max length 131072 | Current length 4177 | Noises: 150
Max length 131072 | Current length 4411 | Noises: 160
Max length 131072 | Current length 4653 | Noises: 170
Max length 131072 | Current length 4903 | Noises: 180
Max length 131072 | Current length 5136 | Noises: 190
Max length 131072 | Current length 5375 | Noises: 200
Max length 131072 | Current length 5615 | Noises: 210
Max length 131072 | Current length 5859 | Noises: 220
Max length 131072 | Current length 6097 | Noises: 230
Max length 131072 | Current length 6331 | Noises: 240
Max length 131072 | Current length 6570 | Noises: 250
Max length 131072 | Current length 6814 | Noises: 260
Max length 131072 | Current length 7055 | Noises: 270
Max length 131072 | Current length 7300 | Noises: 280
Max length 131072 | Current length 7537 | Noises: 290
Max length 131072 | Current length 7780 | Noises: 300
Max length 131072 | Current length 8014 | Noises: 310
Max length 131072 | Current length 8256 | Noises: 320
Max length 131072 | Current length 8501 | Noises: 330
Max length 131072 | Current length 8732 | Noises: 340
Max length 131072 | Current length 8972 | Noises: 350
Max length 131072 | Current length 9217 | Noises: 360
Max length 131072 | Current length 9459 | Noises: 370
Max length 131072 | Current length 9697 | Noises: 380
Max length 131072 | Current length 9931 | Noises: 390
Max length 131072 | Current length 10177 | Noises: 400
Max length 131072 | Current length 10414 | Noises: 410
Max length 131072 | Current length 10655 | Noises: 420
Max length 131072 | Current length 10891 | Noises: 430
Max length 131072 | Current length 11139 | Noises: 440
Max length 131072 | Current length 11376 | Noises: 450
Max length 131072 | Current length 11617 | Noises: 460
Max length 131072 | Current length 11854 | Noises: 470
Max length 131072 | Current length 12104 | Noises: 480
Max length 131072 | Current length 12334 | Noises: 490
Max length 131072 | Current length 12574 | Noises: 500
Max length 131072 | Current length 12814 | Noises: 510
Max length 131072 | Current length 13054 | Noises: 520
Max length 131072 | Current length 13299 | Noises: 530
Max length 131072 | Current length 13536 | Noises: 540
Max length 131072 | Current length 13778 | Noises: 550
Max length 131072 | Current length 14021 | Noises: 560
Max length 131072 | Current length 14257 | Noises: 570
Max length 131072 | Current length 14494 | Noises: 580
Max length 131072 | Current length 14740 | Noises: 590
Max length 131072 | Current length 14973 | Noises: 600
Max length 131072 | Current length 15217 | Noises: 610
Max length 131072 | Current length 15450 | Noises: 620
Max length 131072 | Current length 15694 | Noises: 630
Max length 131072 | Current length 15939 | Noises: 640
Max length 131072 | Current length 16177 | Noises: 650
Max length 131072 | Current length 16414 | Noises: 660
Max length 131072 | Current length 16657 | Noises: 670
Max length 131072 | Current length 16903 | Noises: 680
Max length 131072 | Current length 17137 | Noises: 690
Max length 131072 | Current length 17370 | Noises: 700
Max length 131072 | Current length 17614 | Noises: 710
Max length 131072 | Current length 17854 | Noises: 720
Max length 131072 | Current length 18098 | Noises: 730
Max length 131072 | Current length 18335 | Noises: 740
Max length 131072 | Current length 18580 | Noises: 750
Max length 131072 | Current length 18817 | Noises: 760
Max length 131072 | Current length 19057 | Noises: 770
Max length 131072 | Current length 19297 | Noises: 780
Max length 131072 | Current length 19538 | Noises: 790
Max length 131072 | Current length 19784 | Noises: 800
Max length 131072 | Current length 20014 | Noises: 810
Max length 131072 | Current length 20254 | Noises: 820
Max length 131072 | Current length 20493 | Noises: 830
Max length 131072 | Current length 20734 | Noises: 840
Max length 131072 | Current length 20977 | Noises: 850
Max length 131072 | Current length 21219 | Noises: 860
Max length 131072 | Current length 21454 | Noises: 870
Max length 131072 | Current length 21695 | Noises: 880
Max length 131072 | Current length 21931 | Noises: 890
Max length 131072 | Current length 22172 | Noises: 900
Max length 131072 | Current length 22420 | Noises: 910
Max length 131072 | Current length 22656 | Noises: 920
Max length 131072 | Current length 22896 | Noises: 930
Max length 131072 | Current length 23134 | Noises: 940
Max length 131072 | Current length 23377 | Noises: 950
Max length 131072 | Current length 23619 | Noises: 960
Max length 131072 | Current length 23854 | Noises: 970
Max length 131072 | Current length 24094 | Noises: 980
Max length 131072 | Current length 24335 | Noises: 990
Max length 131072 | Current length 24572 | Noises: 1000
Max length 131072 | Current length 24811 | Noises: 1010
Max length 131072 | Current length 25052 | Noises: 1020
Max length 131072 | Current length 25298 | Noises: 1030
Max length 131072 | Current length 25534 | Noises: 1040
Max length 131072 | Current length 25779 | Noises: 1050
Max length 131072 | Current length 26018 | Noises: 1060
Max length 131072 | Current length 26257 | Noises: 1070
Max length 131072 | Current length 26495 | Noises: 1080
Max length 131072 | Current length 26733 | Noises: 1090
Max length 131072 | Current length 26977 | Noises: 1100
Max length 131072 | Current length 27222 | Noises: 1110
Max length 131072 | Current length 27461 | Noises: 1120
Max length 131072 | Current length 27694 | Noises: 1130
Max length 131072 | Current length 27934 | Noises: 1140
Max length 131072 | Current length 28177 | Noises: 1150
Max length 131072 | Current length 28411 | Noises: 1160
Max length 131072 | Current length 28651 | Noises: 1170
Max length 131072 | Current length 28894 | Noises: 1180
Max length 131072 | Current length 29131 | Noises: 1190
Max length 131072 | Current length 29380 | Noises: 1200
Max length 131072 | Current length 29618 | Noises: 1210
Max length 131072 | Current length 29855 | Noises: 1220
Max length 131072 | Current length 30097 | Noises: 1230
Max length 131072 | Current length 30340 | Noises: 1240
Max length 131072 | Current length 30573 | Noises: 1250
Max length 131072 | Current length 30820 | Noises: 1260
Max length 131072 | Current length 31057 | Noises: 1270
Max length 131072 | Current length 31293 | Noises: 1280
Max length 131072 | Current length 31541 | Noises: 1290
Max length 131072 | Current length 31775 | Noises: 1300
Max length 131072 | Current length 32012 | Noises: 1310
Max length 131072 | Current length 32254 | Noises: 1320
Max length 131072 | Current length 32497 | Noises: 1330
Max length 131072 | Current length 32734 | Noises: 1340
Max length 131072 | Current length 32974 | Noises: 1350
Max length 131072 | Current length 33222 | Noises: 1360
Max length 131072 | Current length 33458 | Noises: 1370
Max length 131072 | Current length 33700 | Noises: 1380
Max length 131072 | Current length 33940 | Noises: 1390
Max length 131072 | Current length 34176 | Noises: 1400
Max length 131072 | Current length 34416 | Noises: 1410
Max length 131072 | Current length 34654 | Noises: 1420
Max length 131072 | Current length 34894 | Noises: 1430
Max length 131072 | Current length 35140 | Noises: 1440
Max length 131072 | Current length 35375 | Noises: 1450
Max length 131072 | Current length 35617 | Noises: 1460
Max length 131072 | Current length 35856 | Noises: 1470
Max length 131072 | Current length 36094 | Noises: 1480
Max length 131072 | Current length 36336 | Noises: 1490
Max length 131072 | Current length 36574 | Noises: 1500
Max length 131072 | Current length 36823 | Noises: 1510
Max length 131072 | Current length 37059 | Noises: 1520
Max length 131072 | Current length 37291 | Noises: 1530
Max length 131072 | Current length 37534 | Noises: 1540
Max length 131072 | Current length 37779 | Noises: 1550
Max length 131072 | Current length 38017 | Noises: 1560
Max length 131072 | Current length 38262 | Noises: 1570
Max length 131072 | Current length 38494 | Noises: 1580
Max length 131072 | Current length 38736 | Noises: 1590
Max length 131072 | Current length 38977 | Noises: 1600
Max length 131072 | Current length 39215 | Noises: 1610
Max length 131072 | Current length 39454 | Noises: 1620
Max length 131072 | Current length 39696 | Noises: 1630
Max length 131072 | Current length 39934 | Noises: 1640
Max length 131072 | Current length 40176 | Noises: 1650
Max length 131072 | Current length 40414 | Noises: 1660
Max length 131072 | Current length 40654 | Noises: 1670
Max length 131072 | Current length 40898 | Noises: 1680
Max length 131072 | Current length 41134 | Noises: 1690
Max length 131072 | Current length 41376 | Noises: 1700
Max length 131072 | Current length 41612 | Noises: 1710
Max length 131072 | Current length 41854 | Noises: 1720
Max length 131072 | Current length 42094 | Noises: 1730
Max length 131072 | Current length 42337 | Noises: 1740
Max length 131072 | Current length 42576 | Noises: 1750
Max length 131072 | Current length 42811 | Noises: 1760
Max length 131072 | Current length 43053 | Noises: 1770
Max length 131072 | Current length 43296 | Noises: 1780
Max length 131072 | Current length 43542 | Noises: 1790
Max length 131072 | Current length 43775 | Noises: 1800
Max length 131072 | Current length 44016 | Noises: 1810
Max length 131072 | Current length 44260 | Noises: 1820
Max length 131072 | Current length 44493 | Noises: 1830
Max length 131072 | Current length 44729 | Noises: 1840
Max length 131072 | Current length 44977 | Noises: 1850
Max length 131072 | Current length 45219 | Noises: 1860
Max length 131072 | Current length 45457 | Noises: 1870
Max length 131072 | Current length 45694 | Noises: 1880
Max length 131072 | Current length 45932 | Noises: 1890
Max length 131072 | Current length 46172 | Noises: 1900
Max length 131072 | Current length 46418 | Noises: 1910
Max length 131072 | Current length 46654 | Noises: 1920
Max length 131072 | Current length 46889 | Noises: 1930
Max length 131072 | Current length 47135 | Noises: 1940
Max length 131072 | Current length 47374 | Noises: 1950
Max length 131072 | Current length 47616 | Noises: 1960
Max length 131072 | Current length 47854 | Noises: 1970
Max length 131072 | Current length 48093 | Noises: 1980
Max length 131072 | Current length 48337 | Noises: 1990
Max length 131072 | Current length 48577 | Noises: 2000
Max length 131072 | Current length 48814 | Noises: 2010
Max length 131072 | Current length 49054 | Noises: 2020
Max length 131072 | Current length 49302 | Noises: 2030
Max length 131072 | Current length 49532 | Noises: 2040
Max length 131072 | Current length 49774 | Noises: 2050
Max length 131072 | Current length 50019 | Noises: 2060
Max length 131072 | Current length 50255 | Noises: 2070
Max length 131072 | Current length 50497 | Noises: 2080
Max length 131072 | Current length 50736 | Noises: 2090
Max length 131072 | Current length 50979 | Noises: 2100
Max length 131072 | Current length 51222 | Noises: 2110
Max length 131072 | Current length 51458 | Noises: 2120
Max length 131072 | Current length 51692 | Noises: 2130
Max length 131072 | Current length 51937 | Noises: 2140
Max length 131072 | Current length 52174 | Noises: 2150
Max length 131072 | Current length 52414 | Noises: 2160
Max length 131072 | Current length 52657 | Noises: 2170
Max length 131072 | Current length 52898 | Noises: 2180
Max length 131072 | Current length 53136 | Noises: 2190
Max length 131072 | Current length 53379 | Noises: 2200
Max length 131072 | Current length 53614 | Noises: 2210
Max length 131072 | Current length 53854 | Noises: 2220
Max length 131072 | Current length 54094 | Noises: 2230
Max length 131072 | Current length 54332 | Noises: 2240
Max length 131072 | Current length 54574 | Noises: 2250
Max length 131072 | Current length 54814 | Noises: 2260
Max length 131072 | Current length 55052 | Noises: 2270
Max length 131072 | Current length 55300 | Noises: 2280
Max length 131072 | Current length 55537 | Noises: 2290
Max length 131072 | Current length 55781 | Noises: 2300
Max length 131072 | Current length 56017 | Noises: 2310
Max length 131072 | Current length 56256 | Noises: 2320
Max length 131072 | Current length 56499 | Noises: 2330
Max length 131072 | Current length 56732 | Noises: 2340
Max length 131072 | Current length 56976 | Noises: 2350
Max length 131072 | Current length 57218 | Noises: 2360
Max length 131072 | Current length 57450 | Noises: 2370
Max length 131072 | Current length 57698 | Noises: 2380
Max length 131072 | Current length 57935 | Noises: 2390
Max length 131072 | Current length 58176 | Noises: 2400
Max length 131072 | Current length 58408 | Noises: 2410
Max length 131072 | Current length 58654 | Noises: 2420
Max length 131072 | Current length 58894 | Noises: 2430
Max length 131072 | Current length 59133 | Noises: 2440
Max length 131072 | Current length 59380 | Noises: 2450
Max length 131072 | Current length 59620 | Noises: 2460
Max length 131072 | Current length 59856 | Noises: 2470
Max length 131072 | Current length 60097 | Noises: 2480
Max length 131072 | Current length 60336 | Noises: 2490
Max length 131072 | Current length 60577 | Noises: 2500
Max length 131072 | Current length 60815 | Noises: 2510
Max length 131072 | Current length 61058 | Noises: 2520
Max length 131072 | Current length 61298 | Noises: 2530
Max length 131072 | Current length 61534 | Noises: 2540
Max length 131072 | Current length 61780 | Noises: 2550
Max length 131072 | Current length 62014 | Noises: 2560
Max length 131072 | Current length 62253 | Noises: 2570
Max length 131072 | Current length 62502 | Noises: 2580
Max length 131072 | Current length 62734 | Noises: 2590
Max length 131072 | Current length 62978 | Noises: 2600
Max length 131072 | Current length 63217 | Noises: 2610
Max length 131072 | Current length 63451 | Noises: 2620
Max length 131072 | Current length 63696 | Noises: 2630
Max length 131072 | Current length 63937 | Noises: 2640
Max length 131072 | Current length 64179 | Noises: 2650
Max length 131072 | Current length 64417 | Noises: 2660
Max length 131072 | Current length 64660 | Noises: 2670
Max length 131072 | Current length 64896 | Noises: 2680
Max length 131072 | Current length 65137 | Noises: 2690
Max length 131072 | Current length 65379 | Noises: 2700
Max length 131072 | Current length 65621 | Noises: 2710
Max length 131072 | Current length 65857 | Noises: 2720
Max length 131072 | Current length 66097 | Noises: 2730
Max length 131072 | Current length 66337 | Noises: 2740
Max length 131072 | Current length 66579 | Noises: 2750
Max length 131072 | Current length 66817 | Noises: 2760
Max length 131072 | Current length 67053 | Noises: 2770
Max length 131072 | Current length 67295 | Noises: 2780
Max length 131072 | Current length 67537 | Noises: 2790
Max length 131072 | Current length 67774 | Noises: 2800
Max length 131072 | Current length 68017 | Noises: 2810
Max length 131072 | Current length 68259 | Noises: 2820
Max length 131072 | Current length 68500 | Noises: 2830
Max length 131072 | Current length 68737 | Noises: 2840
Max length 131072 | Current length 68976 | Noises: 2850
Max length 131072 | Current length 69214 | Noises: 2860
Max length 131072 | Current length 69453 | Noises: 2870
Max length 131072 | Current length 69696 | Noises: 2880
Max length 131072 | Current length 69934 | Noises: 2890
Max length 131072 | Current length 70171 | Noises: 2900
Max length 131072 | Current length 70413 | Noises: 2910
Max length 131072 | Current length 70655 | Noises: 2920
Max length 131072 | Current length 70900 | Noises: 2930
Max length 131072 | Current length 71133 | Noises: 2940
Max length 131072 | Current length 71374 | Noises: 2950
Max length 131072 | Current length 71617 | Noises: 2960
Max length 131072 | Current length 71859 | Noises: 2970
Max length 131072 | Current length 72097 | Noises: 2980
Max length 131072 | Current length 72335 | Noises: 2990
Max length 131072 | Current length 72579 | Noises: 3000
Max length 131072 | Current length 72814 | Noises: 3010
Max length 131072 | Current length 73054 | Noises: 3020
Max length 131072 | Current length 73298 | Noises: 3030
Max length 131072 | Current length 73537 | Noises: 3040
Max length 131072 | Current length 73778 | Noises: 3050
Max length 131072 | Current length 74014 | Noises: 3060
Max length 131072 | Current length 74256 | Noises: 3070
Max length 131072 | Current length 74497 | Noises: 3080
Max length 131072 | Current length 74734 | Noises: 3090
Max length 131072 | Current length 74976 | Noises: 3100
Max length 131072 | Current length 75217 | Noises: 3110
Max length 131072 | Current length 75450 | Noises: 3120
Max length 131072 | Current length 75696 | Noises: 3130
Max length 131072 | Current length 75937 | Noises: 3140
Max length 131072 | Current length 76177 | Noises: 3150
Max length 131072 | Current length 76417 | Noises: 3160
Max length 131072 | Current length 76654 | Noises: 3170
Max length 131072 | Current length 76894 | Noises: 3180
Max length 131072 | Current length 77136 | Noises: 3190
Max length 131072 | Current length 77373 | Noises: 3200
Max length 131072 | Current length 77614 | Noises: 3210
Max length 131072 | Current length 77854 | Noises: 3220
Max length 131072 | Current length 78097 | Noises: 3230
Max length 131072 | Current length 78336 | Noises: 3240
Max length 131072 | Current length 78577 | Noises: 3250
Max length 131072 | Current length 78814 | Noises: 3260
Max length 131072 | Current length 79057 | Noises: 3270
Max length 131072 | Current length 79300 | Noises: 3280
Max length 131072 | Current length 79537 | Noises: 3290
Max length 131072 | Current length 79774 | Noises: 3300
Max length 131072 | Current length 80017 | Noises: 3310
Max length 131072 | Current length 80256 | Noises: 3320
Max length 131072 | Current length 80493 | Noises: 3330
Max length 131072 | Current length 80733 | Noises: 3340
Max length 131072 | Current length 80975 | Noises: 3350
Max length 131072 | Current length 81212 | Noises: 3360
Max length 131072 | Current length 81457 | Noises: 3370
Max length 131072 | Current length 81697 | Noises: 3380
Max length 131072 | Current length 81931 | Noises: 3390
Max length 131072 | Current length 82177 | Noises: 3400
Max length 131072 | Current length 82411 | Noises: 3410
Max length 131072 | Current length 82659 | Noises: 3420
Max length 131072 | Current length 82894 | Noises: 3430
Max length 131072 | Current length 83134 | Noises: 3440
Max length 131072 | Current length 83376 | Noises: 3450
Max length 131072 | Current length 83614 | Noises: 3460
Max length 131072 | Current length 83857 | Noises: 3470
Max length 131072 | Current length 84096 | Noises: 3480
Max length 131072 | Current length 84334 | Noises: 3490
Max length 131072 | Current length 84577 | Noises: 3500
Max length 131072 | Current length 84817 | Noises: 3510
Max length 131072 | Current length 85056 | Noises: 3520
Max length 131072 | Current length 85297 | Noises: 3530
Max length 131072 | Current length 85536 | Noises: 3540
Max length 131072 | Current length 85776 | Noises: 3550
Max length 131072 | Current length 86016 | Noises: 3560
Max length 131072 | Current length 86257 | Noises: 3570
Max length 131072 | Current length 86500 | Noises: 3580
Max length 131072 | Current length 86740 | Noises: 3590
Max length 131072 | Current length 86980 | Noises: 3600
Max length 131072 | Current length 87213 | Noises: 3610
Max length 131072 | Current length 87451 | Noises: 3620
Max length 131072 | Current length 87694 | Noises: 3630
Max length 131072 | Current length 87934 | Noises: 3640
Max length 131072 | Current length 88177 | Noises: 3650
Max length 131072 | Current length 88414 | Noises: 3660
Max length 131072 | Current length 88660 | Noises: 3670
Max length 131072 | Current length 88897 | Noises: 3680
Max length 131072 | Current length 89137 | Noises: 3690
Max length 131072 | Current length 89376 | Noises: 3700
Max length 131072 | Current length 89625 | Noises: 3710
Max length 131072 | Current length 89854 | Noises: 3720
Max length 131072 | Current length 90091 | Noises: 3730
Max length 131072 | Current length 90336 | Noises: 3740
Max length 131072 | Current length 90573 | Noises: 3750
Max length 131072 | Current length 90810 | Noises: 3760
Max length 131072 | Current length 91061 | Noises: 3770
Max length 131072 | Current length 91300 | Noises: 3780
Max length 131072 | Current length 91540 | Noises: 3790
Max length 131072 | Current length 91779 | Noises: 3800
Max length 131072 | Current length 92014 | Noises: 3810
Max length 131072 | Current length 92254 | Noises: 3820
Max length 131072 | Current length 92494 | Noises: 3830
Max length 131072 | Current length 92731 | Noises: 3840
Max length 131072 | Current length 92972 | Noises: 3850
Max length 131072 | Current length 93215 | Noises: 3860
Max length 131072 | Current length 93455 | Noises: 3870
Max length 131072 | Current length 93696 | Noises: 3880
Max length 131072 | Current length 93932 | Noises: 3890
Max length 131072 | Current length 94179 | Noises: 3900
Max length 131072 | Current length 94415 | Noises: 3910
Max length 131072 | Current length 94657 | Noises: 3920
Max length 131072 | Current length 94894 | Noises: 3930
Max length 131072 | Current length 95134 | Noises: 3940
Max length 131072 | Current length 95374 | Noises: 3950
Max length 131072 | Current length 95611 | Noises: 3960
Max length 131072 | Current length 95848 | Noises: 3970
Max length 131072 | Current length 96099 | Noises: 3980
Max length 131072 | Current length 96337 | Noises: 3990
Max length 131072 | Current length 96582 | Noises: 4000
Max length 131072 | Current length 96811 | Noises: 4010
Max length 131072 | Current length 97062 | Noises: 4020
Max length 131072 | Current length 97293 | Noises: 4030
Max length 131072 | Current length 97542 | Noises: 4040
Max length 131072 | Current length 97781 | Noises: 4050
Max length 131072 | Current length 98013 | Noises: 4060
Max length 131072 | Current length 98260 | Noises: 4070
Max length 131072 | Current length 98494 | Noises: 4080
Max length 131072 | Current length 98734 | Noises: 4090
Max length 131072 | Current length 98977 | Noises: 4100
Max length 131072 | Current length 99217 | Noises: 4110
Max length 131072 | Current length 99454 | Noises: 4120
Max length 131072 | Current length 99696 | Noises: 4130
Max length 131072 | Current length 99938 | Noises: 4140
Max length 131072 | Current length 100176 | Noises: 4150
Max length 131072 | Current length 100414 | Noises: 4160
Max length 131072 | Current length 100655 | Noises: 4170
Max length 131072 | Current length 100897 | Noises: 4180
Max length 131072 | Current length 101134 | Noises: 4190
Max length 131072 | Current length 101378 | Noises: 4200
Max length 131072 | Current length 101620 | Noises: 4210
Max length 131072 | Current length 101859 | Noises: 4220
Max length 131072 | Current length 102094 | Noises: 4230
Max length 131072 | Current length 102337 | Noises: 4240
Max length 131072 | Current length 102577 | Noises: 4250
Max length 131072 | Current length 102818 | Noises: 4260
Max length 131072 | Current length 103058 | Noises: 4270
Max length 131072 | Current length 103296 | Noises: 4280
Max length 131072 | Current length 103538 | Noises: 4290
Max length 131072 | Current length 103779 | Noises: 4300
Max length 131072 | Current length 104014 | Noises: 4310
Max length 131072 | Current length 104257 | Noises: 4320
Max length 131072 | Current length 104500 | Noises: 4330
Max length 131072 | Current length 104729 | Noises: 4340
Max length 131072 | Current length 104976 | Noises: 4350
Max length 131072 | Current length 105217 | Noises: 4360
Max length 131072 | Current length 105454 | Noises: 4370
Max length 131072 | Current length 105698 | Noises: 4380
Max length 131072 | Current length 105935 | Noises: 4390
Max length 131072 | Current length 106174 | Noises: 4400
Max length 131072 | Current length 106413 | Noises: 4410
Max length 131072 | Current length 106657 | Noises: 4420
Max length 131072 | Current length 106897 | Noises: 4430
Max length 131072 | Current length 107137 | Noises: 4440
Max length 131072 | Current length 107378 | Noises: 4450
Max length 131072 | Current length 107614 | Noises: 4460
Max length 131072 | Current length 107854 | Noises: 4470
Max length 131072 | Current length 108100 | Noises: 4480
Max length 131072 | Current length 108338 | Noises: 4490
Max length 131072 | Current length 108580 | Noises: 4500
Max length 131072 | Current length 108814 | Noises: 4510
Max length 131072 | Current length 109056 | Noises: 4520
Max length 131072 | Current length 109293 | Noises: 4530
Max length 131072 | Current length 109534 | Noises: 4540
Max length 131072 | Current length 109773 | Noises: 4550
Max length 131072 | Current length 110017 | Noises: 4560
Max length 131072 | Current length 110260 | Noises: 4570
Max length 131072 | Current length 110500 | Noises: 4580
Max length 131072 | Current length 110735 | Noises: 4590
Max length 131072 | Current length 110977 | Noises: 4600
Max length 131072 | Current length 111217 | Noises: 4610
Max length 131072 | Current length 111454 | Noises: 4620
Max length 131072 | Current length 111694 | Noises: 4630
Max length 131072 | Current length 111931 | Noises: 4640
Max length 131072 | Current length 112174 | Noises: 4650
Max length 131072 | Current length 112414 | Noises: 4660
Max length 131072 | Current length 112657 | Noises: 4670
Max length 131072 | Current length 112903 | Noises: 4680
Max length 131072 | Current length 113134 | Noises: 4690
Max length 131072 | Current length 113374 | Noises: 4700
Max length 131072 | Current length 113616 | Noises: 4710
Max length 131072 | Current length 113854 | Noises: 4720
Max length 131072 | Current length 114097 | Noises: 4730
Max length 131072 | Current length 114337 | Noises: 4740
Max length 131072 | Current length 114577 | Noises: 4750
Max length 131072 | Current length 114819 | Noises: 4760
Max length 131072 | Current length 115057 | Noises: 4770
Max length 131072 | Current length 115305 | Noises: 4780
Max length 131072 | Current length 115530 | Noises: 4790
Max length 131072 | Current length 115777 | Noises: 4800
Max length 131072 | Current length 116015 | Noises: 4810
Max length 131072 | Current length 116253 | Noises: 4820
Max length 131072 | Current length 116500 | Noises: 4830
Max length 131072 | Current length 116731 | Noises: 4840
Max length 131072 | Current length 116980 | Noises: 4850
Max length 131072 | Current length 117217 | Noises: 4860
Max length 131072 | Current length 117457 | Noises: 4870
Max length 131072 | Current length 117699 | Noises: 4880
Max length 131072 | Current length 117937 | Noises: 4890
Max length 131072 | Current length 118179 | Noises: 4900
Max length 131072 | Current length 118411 | Noises: 4910
Max length 131072 | Current length 118654 | Noises: 4920
Max length 131072 | Current length 118894 | Noises: 4930
Max length 131072 | Current length 119136 | Noises: 4940
Max length 131072 | Current length 119377 | Noises: 4950
Max length 131072 | Current length 119616 | Noises: 4960
Max length 131072 | Current length 119853 | Noises: 4970
Max length 131072 | Current length 120093 | Noises: 4980
Max length 131072 | Current length 120337 | Noises: 4990
Max length 131072 | Current length 120574 | Noises: 5000
Max length 131072 | Current length 120820 | Noises: 5010
Max length 131072 | Current length 121056 | Noises: 5020
Max length 131072 | Current length 121294 | Noises: 5030
Max length 131072 | Current length 121533 | Noises: 5040
Max length 131072 | Current length 121778 | Noises: 5050
Max length 131072 | Current length 122016 | Noises: 5060
Max length 131072 | Current length 122254 | Noises: 5070
Max length 131072 | Current length 122494 | Noises: 5080
Max length 131072 | Current length 122736 | Noises: 5090
Max length 131072 | Current length 122977 | Noises: 5100
Max length 131072 | Current length 123221 | Noises: 5110
Max length 131072 | Current length 123454 | Noises: 5120
Max length 131072 | Current length 123697 | Noises: 5130
Max length 131072 | Current length 123935 | Noises: 5140
Max length 131072 | Current length 124173 | Noises: 5150
Max length 131072 | Current length 124420 | Noises: 5160
Max length 131072 | Current length 124657 | Noises: 5170
Max length 131072 | Current length 124900 | Noises: 5180
Max length 131072 | Current length 125139 | Noises: 5190
Max length 131072 | Current length 125379 | Noises: 5200
Max length 131072 | Current length 125614 | Noises: 5210
Max length 131072 | Current length 125858 | Noises: 5220
Max length 131072 | Current length 126094 | Noises: 5230
Max length 131072 | Current length 126329 | Noises: 5240
Max length 131072 | Current length 126577 | Noises: 5250
Max length 131072 | Current length 126814 | Noises: 5260
Max length 131072 | Current length 127056 | Noises: 5270
Max length 131072 | Current length 127291 | Noises: 5280
Max length 131072 | Current length 127534 | Noises: 5290
Max length 131072 | Current length 127774 | Noises: 5300
Max length 131072 | Current length 128017 | Noises: 5310
Max length 131072 | Current length 128254 | Noises: 5320
Max length 131072 | Current length 128500 | Noises: 5330
Max length 131072 | Current length 128737 | Noises: 5340
Max length 131072 | Current length 128982 | Noises: 5350
Max length 131072 | Current length 129217 | Noises: 5360
Max length 131072 | Current length 129454 | Noises: 5370
Max length 131072 | Current length 129697 | Noises: 5380
Max length 131072 | Current length 129940 | Noises: 5390
Max length 131072 | Current length 130181 | Noises: 5400
Max length 131072 | Current length 130417 | Noises: 5410
Max length 131072 | Current length 130658 | Noises: 5420
Max length 131072 | Current length 130897 | Noises: 5430
Max length 131072 | Current length 131137 | Noises: 5440
Num noises: 5430

  0%|          | 0/5 [00:00<?, ?it/s]
 20%|██        | 1/5 [00:00<00:01,  2.06it/s]
 40%|████      | 2/5 [00:00<00:01,  2.15it/s]
 60%|██████    | 3/5 [00:01<00:00,  2.20it/s]
 80%|████████  | 4/5 [00:01<00:00,  2.22it/s]
100%|██████████| 5/5 [00:02<00:00,  2.17it/s]
100%|██████████| 5/5 [00:02<00:00,  2.17it/s]
