Skipping import of cpp extensions due to incompatible torch version. Please upgrade to torch >= 2.11.0 (found 2.8.0+cu128).
Loading checkpoint shards:   0%|          | 0/5 [00:00<?, ?it/s]Loading checkpoint shards:  20%|██        | 1/5 [00:06<00:27,  6.88s/it]Loading checkpoint shards:  40%|████      | 2/5 [00:13<00:19,  6.63s/it]Loading checkpoint shards:  60%|██████    | 3/5 [00:19<00:13,  6.54s/it]Loading checkpoint shards:  80%|████████  | 4/5 [00:24<00:06,  6.02s/it]Loading checkpoint shards: 100%|██████████| 5/5 [00:27<00:00,  4.61s/it]Loading checkpoint shards: 100%|██████████| 5/5 [00:27<00:00,  5.42s/it]
s0_l16_h8_qlast 1 1.0100003761033143
s0_l16_h8_qlast 3 1.006567137462515
s0_l16_h8_qlast 4 1.009261527695292
s0_l16_h8_qlast 5 1.0081297434245136
s0_l16_h8_qlast 6 1.009261527695292
s0_l16_h8_qlast 7 1.0223317645727754
s0_l16_h8_qlast 10 1.010289952452961
s0_l16_h8_qlast 12 1.013559938752978
s0_l16_h8_qlast 13 1.0151557303469294
s0_l16_h8_qlast 14 1.0065143180990168
s0_l16_h8_qlast 15 1.014493066582862
s0_l16_h8_qlast 16 1.0090516856624534
s0_l16_h8_qlast 19 1.016543145218112
s0_l16_h8_qlast 20 1.0037889130984055
s0_l16_h8_qlast 21 1.0134836792537307
s0_l16_h8_qlast 22 1.0100022433688103
s0_l16_h8_qlast 23 1.0134836792537307
s0_l16_h8_qlast 24 1.0105729047325709
s0_l16_h8_qlast 25 1.0130416204014885
s0_l16_h8_qlast 26 1.0130416204014885
s0_l16_h8_qlast 27 1.012052882692315
s0_l16_h8_qlast 28 1.004854003409295
s0_l16_h8_qlast 29 1.009261527695292
s0_l16_h8_qlast 31 1.009261527695292
s0_l16_h8_qlast 32 1.0134836792537307
s0_l16_h8_qlast 33 1.0134836792537307
s0_l16_h8_qlast 34 1.0183041883637067
s0_l16_h8_qlast 35 1.0067106569041522
s0_l16_h8_qlast 36 1.0133086084509946
s0_l16_h8_qlast 37 1.0106291389986486
s0_l16_h8_qlast 38 1.007995884690021
s0_l16_h8_qlast 39 1.009261527695292
s0_l16_h8_qlast 40 1.009261527695292
s0_l16_h8_qlast 41 1.00832442569129
s0_l16_h8_qlast 42 1.009261527695292
s0_l16_h8_qlast 43 1.013559938752978
s0_l16_h8_qlast 44 1.0087086462493176
s0_l16_h8_qlast 45 1.0115323047644127
s0_l16_h8_qlast 46 1.0063217087745526
s0_l16_h8_qlast 47 1.008927028625697
s0_l16_h8_qlast 48 1.009261527695292
s0_l16_h8_qlast 49 1.0149824563494834
s0_l16_h8_qlast 50 1.009929349203741
s0_l16_h8_qlast 51 1.0131112332778789
s0_l16_h8_qlast 52 1.0154524786339503
s0_l16_h8_qlast 57 1.0171357582309135
s0_l16_h8_qlast 58 1.009392750765882
s0_l16_h8_qlast 59 1.0116430719800333
s0_l16_h8_qlast 60 1.0121111558544322
s0_l16_h8_qlast 62 1.0124347117118864
s0_l16_h8_qlast 64 1.008028638907322
s0_l16_h8_qlast 66 1.0125015790384644
s0_l16_h8_qlast 67 1.0126809119796911
s0_l16_h8_qlast 68 1.0066427894429018
s0_l16_h8_qlast 69 1.0116631074008973
s0_l16_h8_qlast 74 1.0045244152414134
s0_l16_h8_qlast 75 1.0140348109613186
s0_l16_h8_qlast 76 1.0134836792537307
s0_l16_h8_qlast 77 1.0231495952606648
s0_l16_h8_qlast 78 1.0185650412510758
s0_l16_h8_qlast 79 1.0047433772690562
s0_l16_h8_qlast 80 1.0151280543350005
s0_l16_h8_qlast 81 1.0134836792537307
s0_l16_h8_qlast 82 1.0127955938109598
s0_l16_h8_qlast 83 1.0134836792537307
s0_l16_h8_qlast 84 1.009261527695292
s0_l16_h8_qlast 85 1.010087990569616
s0_l16_h8_qlast 86 1.010087990569616
s0_l16_h8_qlast 87 1.0101048313507797
s0_l16_h8_qlast 88 1.0056203614702885
s0_l16_h8_qlast 89 1.0109480282926908
s0_l16_h8_qlast 90 1.0132095737589955
s0_l16_h8_qlast 91 1.0089316751323503
s0_l16_h8_qlast 93 1.0130439409289471
s0_l16_h8_qlast 94 1.0110277403250465
s0_l16_h8_qlast 95 1.006762518431091
s0_l16_h8_qlast 96 1.010403720353121
s0_l16_h8_qlast 97 1.0134836792537307
s0_l16_h8_qlast 98 1.014811312338439
s0_l16_h8_qlast 105 1.00476491631031
s0_l16_h8_qlast 114 1.009417731759656
s0_l16_h8_qlast 115 1.009261527695292
s0_l16_h8_qlast 120 1.013768104655226
s0_l16_h8_qlast 121 1.0129234225096608
s0_l16_h8_qlast 122 1.010087990569616
s0_l16_h8_qlast 123 1.0134836792537307
s0_l16_h8_qlast 124 1.009261527695292
s0_l16_h8_qlast 125 1.0135247611551987
s0_l16_h8_qlast 126 1.0221006263102068
s0_l16_h8_qlast 129 1.009261527695292
s0_l16_h8_qlast 130 1.0062048392969236
s0_l16_h8_qlast 131 1.009261527695292
s0_l16_h8_qlast 132 1.0110613920057754
s0_l16_h8_qlast 133 1.009261527695292
s0_l16_h8_qlast 134 1.0098849436355202
s0_l16_h8_qlast 136 1.013016168949114
s0_l16_h8_qlast 138 1.013559938752978
s0_l16_h8_qlast 139 1.0137757086268484
s0_l16_h8_qlast 140 1.009261527695292
s0_l16_h8_qlast 141 1.009261527695292
s0_l16_h8_qlast 142 1.009261527695292
s0_l16_h8_qlast 143 1.009261527695292
s0_l16_h8_qlast 151 1.0036998088050382
s0_l16_h8_qlast 158 1.0190557701689769
s0_l16_h8_qlast 159 1.012805351914458
s0_l16_h8_qlast 160 1.0179420384072686
s0_l16_h8_qlast 161 1.007977787918962
s0_l16_h8_qlast 162 1.0190889063380526
s0_l16_h8_qlast 165 1.0145258174464764
s0_l16_h8_qlast 166 1.003488808909124
s0_l16_h8_qlast 167 1.0134836792537307
s0_l16_h8_qlast 168 1.0134836792537307
s0_l16_h8_qlast 169 1.0128696829091992
s0_l16_h8_qlast 170 1.0044498750256914
s0_l16_h8_qlast 171 1.0130416204014885
s0_l16_h8_qlast 172 1.0035083520174133
s0_l16_h8_qlast 174 1.009261527695292
s0_l16_h8_qlast 175 1.019140212638056
s0_l16_h8_qlast 176 1.0163653199272253
s0_l16_h8_qlast 177 1.009261527695292
s0_l16_h8_qlast 178 1.009261527695292
s0_l16_h8_qlast 179 1.0175598156366836
s0_l16_h8_qlast 180 0.999852576930142
s0_l16_h8_qlast 181 1.009261527695292
s0_l16_h8_qlast 182 1.0198152159434917
s0_l16_h8_qlast 183 1.0130416204014885
s0_l16_h8_qlast 184 1.009261527695292
s0_l16_h8_qlast 185 1.0134836792537307
s0_l16_h8_qlast 186 1.014886457522801
s0_l16_h8_qlast 187 1.0134836792537307
s0_l16_h8_qlast 188 1.0134836792537307
s0_l16_h8_qlast 189 1.0130416204014885
s0_l16_h8_qlast 196 1.0092931725284664
s0_l16_h8_qlast 198 1.0136577261483135
s0_l16_h8_qlast 206 1.0134836792537307
s0_l16_h8_qlast 213 1.008543181692377
s0_l16_h8_qlast 214 1.0161182735836498
s0_l16_h8_qlast 215 1.0142377029768594
s0_l16_h8_qlast 216 1.0093017400538222
s0_l16_h8_qlast 220 1.015526860995723
s0_l16_h8_qlast 221 1.0062331656912316
s0_l16_h8_qlast 222 1.0147904093729752
s0_l16_h8_qlast 223 1.009261527695292
s0_l16_h8_qlast 224 1.0139255995424399
s0_l16_h8_qlast 225 1.0142957209844574
s0_l16_h8_qlast 232 1.017441938989655
s0_l16_h8_qlast 233 1.0088038682776785
s0_l16_h8_qlast 258 1.0097206847741982
s0_l16_h8_qlast 259 1.0174139541758067
s0_l16_h8_qlast 260 1.0162912788267136
s0_l16_h8_qlast 261 1.0089441020675942
s0_l16_h8_qlast 262 1.0118853984665541
s0_l16_h8_qlast 265 1.0073661849925615
s0_l16_h8_qlast 266 1.0112917443849172
s0_l16_h8_qlast 267 1.009261527695292
s0_l16_h8_qlast 268 1.0173719614520669
s0_l16_h8_qlast 269 1.0035157775842911
s0_l16_h8_qlast 270 1.0177803819151967
s0_l16_h8_qlast 271 1.016279291831004
s0_l16_h8_qlast 277 1.0077658607693096
s0_l16_h8_qlast 278 1.0088413725691845
s0_l16_h8_qlast 279 1.0082066472017033
s0_l16_h8_qlast 280 1.0199791712672612
s0_l16_h8_qlast 303 1.0227003617306836
s0_l16_h8_qlast 304 1.008819906903713
s0_l16_h8_qlast 305 1.009768137617388
s0_l16_h8_qlast 306 1.0180520543377336
s0_l16_h8_qlast 307 1.000391621012444
s0_l16_h8_qlast 308 1.013559938752978
s0_l16_h8_qlast 313 1.0088828784387724
s0_l16_h8_qlast 314 1.013559938752978
s0_l16_h8_qlast 315 1.0134836792537307
s0_l16_h8_qlast 316 1.0118413903039347
s0_l16_h8_qlast 317 1.015148037765698
s0_l16_h8_qlast 318 1.0088874825050906
s0_l16_h8_qlast 320 1.0108833358056843
s0_l16_h8_qlast 321 1.0202754086852404
s0_l16_h8_qlast 322 1.0128421058784005
s0_l16_h8_qlast 323 1.0233077643330262
s0_l16_h8_qlast 324 1.0123922989219885
s0_l16_h8_qlast 325 1.0105253713835198
s0_l16_h8_qlast 349 1.0177852181147438
s0_l16_h8_qlast 351 1.0055858316607358
s0_l16_h8_qlast 352 1.008791082368333
s0_l16_h8_qlast 353 1.003939172377541
s0_l16_h8_qlast 358 1.0112339820894674
s0_l16_h8_qlast 359 1.0149675317504587
s0_l16_h8_qlast 360 1.0085272166792085
s0_l16_h8_qlast 361 1.0128236712679226
s0_l16_h8_qlast 362 1.009261527695292
s0_l16_h8_qlast 363 1.012589203696171
s0_l16_h8_qlast 366 1.009037416583014
s0_l16_h8_qlast 368 1.0207491788388396
s0_l16_h8_qlast 369 1.0181057795890225
s0_l16_h8_qlast 370 1.009261527695292
s0_l16_h8_qlast 397 1.0090298548070187
s0_l16_h8_qlast 398 1.0132898713585001
s0_l16_h8_qlast 399 1.0169150275569232
s0_l16_h8_qlast 404 1.009261527695292
s0_l16_h8_qlast 405 1.0139738951620167
s0_l16_h8_qlast 406 1.0112328491423221
s0_l16_h8_qlast 407 1.0112328491423221
s0_l16_h8_qlast 408 1.0209539960248486
s0_l16_h8_qlast 409 1.0151925040383234
s0_l16_h8_qlast 413 1.0207491788388396
s0_l16_h8_qlast 414 1.008715899893182
s0_l16_h8_qlast 416 1.015483376585957
s0_l16_h8_qlast 442 1.0144355135798548
s0_l16_h8_qlast 443 1.0072320999071849
s0_l16_h8_qlast 444 1.0112593244573675
s0_l16_h8_qlast 445 1.0086641724696945
s0_l16_h8_qlast 449 1.0047428482806942
s0_l16_h8_qlast 451 1.0096954797850464
s0_l16_h8_qlast 452 1.009261527695292
s0_l16_h8_qlast 453 1.009261527695292
s0_l16_h8_qlast 454 1.013559938752978
s0_l16_h8_qlast 458 1.009261527695292
s0_l16_h8_qlast 459 1.0193565913214633
s0_l16_h8_qlast 460 1.0056706433174982
s0_l16_h8_qlast 461 1.011996043069623
s0_l16_h8_qlast 462 1.0131798803860812
s0_l16_h8_qlast 487 1.009261527695292
s0_l16_h8_qlast 488 1.009261527695292
s0_l16_h8_qlast 489 1.009261527695292
s0_l16_h8_qlast 490 1.0148592705238932
s0_l16_h8_qlast 497 1.009261527695292
s0_l16_h8_qlast 498 1.009261527695292
s0_l16_h8_qlast 499 1.009261527695292
s0_l16_h8_qlast 500 1.0182674817562878
s0_l16_h8_qlast 505 1.0132745925694373
s0_l16_h8_qlast 506 1.009261527695292
s0_l16_h8_qlast 507 1.0168336717342599
s0_l16_h8_qlast 508 1.009261527695292
s0_l16_h8_qlast 535 1.0192940873749359
s0_l16_h8_qlast 542 1.0101193921073455
s0_l16_h8_qlast 543 1.0056706433174982
s0_l16_h8_qlast 544 1.009261527695292
s0_l16_h8_qlast 545 1.0147301464442855
s0_l16_h8_qlast 549 1.010320750321721
s0_l16_h8_qlast 550 1.009261527695292
s0_l16_h8_qlast 551 1.0108913611375747
s0_l16_h8_qlast 552 1.0094861066792837
s0_l16_h8_qlast 553 1.0101851703577929
s0_l16_h8_qlast 562 1.0088953588621465
s0_l16_h8_qlast 571 1.0049374324212863
s0_l16_h8_qlast 578 1.0207430664210413
s0_l16_h8_qlast 579 1.009261527695292
s0_l16_h8_qlast 580 1.0171535864741528
s0_l16_h8_qlast 581 1.0171535864741528
s0_l16_h8_qlast 583 1.0171535864741528
s0_l16_h8_qlast 586 1.0154138561287027
s0_l16_h8_qlast 587 1.0137003076255269
s0_l16_h8_qlast 588 1.009261527695292
s0_l16_h8_qlast 589 1.0207491788388396
s0_l16_h8_qlast 590 1.009261527695292
s0_l16_h8_qlast 591 1.0158989553249904
s0_l16_h8_qlast 592 1.0207491788388396
s0_l16_h8_qlast 593 1.0066825387249052
s0_l16_h8_qlast 594 1.009261527695292
s0_l16_h8_qlast 595 1.015522526323113
s0_l16_h8_qlast 596 1.016281226329914
s0_l16_h8_qlast 597 1.009261527695292
s0_l16_h8_qlast 598 1.0137003076255269
s0_l16_h8_qlast 599 1.0110847179893663
s0_l16_h8_qlast 600 1.0099778487998181
s0_l16_h8_qlast 605 1.009465114592677
s0_l16_h8_qlast 607 1.0070909436814708
s0_l16_h8_qlast 608 1.0120210183834735
s0_l16_h8_qlast 609 1.0157321842840732
s0_l16_h8_qlast 617 1.020788706040481
s0_l16_h8_qlast 623 1.006786390267166
s0_l16_h8_qlast 624 1.0039044811095024
s0_l16_h8_qlast 625 1.0143344346124545
s0_l16_h8_qlast 626 1.0150224836248987
s0_l16_h8_qlast 627 1.009137412427164
s0_l16_h8_qlast 628 1.0070908226167345
s0_l16_h8_qlast 631 1.009261527695292
s0_l16_h8_qlast 632 1.0089052478375244
s0_l16_h8_qlast 633 1.009261527695292
s0_l16_h8_qlast 634 1.009261527695292
s0_l16_h8_qlast 635 1.0207491788388396
s0_l16_h8_qlast 636 1.009261527695292
s0_l16_h8_qlast 638 1.0072876370052304
s0_l16_h8_qlast 640 1.0103522674090186
s0_l16_h8_qlast 641 1.01062782033044
s0_l16_h8_qlast 642 1.009261527695292
s0_l16_h8_qlast 643 1.0148750620134954
s0_l16_h8_qlast 644 1.0186443415314272
s0_l16_h8_qlast 645 1.0081104493034652
s0_l16_h8_qlast 646 1.00539056749041
s0_l16_h8_qlast 648 1.0104406999370523
s0_l16_h8_qlast 650 1.004655341695473
s0_l16_h8_qlast 651 1.0056706433174982
s0_l16_h8_qlast 652 1.009261527695292
s0_l16_h8_qlast 653 1.009261527695292
s0_l16_h8_qlast 662 1.0092687729439314
s0_l16_h8_qlast 669 1.0056706433174982
s0_l16_h8_qlast 670 1.0106125574333604
s0_l16_h8_qlast 671 1.0170087127053555
s0_l16_h8_qlast 672 1.007746521508254
s0_l16_h8_qlast 673 1.0056706433174982
s0_l16_h8_qlast 674 1.0056706433174982
s0_l16_h8_qlast 678 1.009261527695292
s0_l16_h8_qlast 679 1.009261527695292
s0_l16_h8_qlast 680 1.009261527695292
s0_l16_h8_qlast 681 1.0056706433174982
s0_l16_h8_qlast 682 1.009261527695292
s0_l16_h8_qlast 683 1.009261527695292
s0_l16_h8_qlast 686 1.0056706433174982
s0_l16_h8_qlast 687 1.013021555031429
s0_l16_h8_qlast 688 1.009261527695292
s0_l16_h8_qlast 689 1.009261527695292
s0_l16_h8_qlast 690 1.0092209549022497
s0_l16_h8_qlast 691 1.009261527695292
s0_l16_h8_qlast 698 1.0102054302249868
s0_l16_h8_qlast 717 1.011314124746628
s0_l16_h8_qlast 724 1.0056706433174982
s0_l16_h8_qlast 725 1.0056706433174982
s0_l16_h8_qlast 726 1.009261527695292
s0_l16_h8_qlast 727 1.0056706433174982
s0_l16_h8_qlast 728 1.0056706433174982
s0_l16_h8_qlast 729 1.0049655307935423
s0_l16_h8_qlast 730 1.0157423464430855
s0_l16_h8_qlast 731 1.0056706433174982
s0_l16_h8_qlast 732 1.009261527695292
s0_l16_h8_qlast 733 1.0122385513325194
s0_l16_h8_qlast 734 1.009261527695292
s0_l16_h8_qlast 735 1.0084921299852723
s0_l16_h8_qlast 736 1.009261527695292
s0_l16_h8_qlast 743 1.0056706433174982
s0_l16_h8_qlast 753 1.0079444979670702
s0_l16_h8_qlast 769 1.012517132317201
s0_l16_h8_qlast 770 1.016440993333726
s0_l16_h8_qlast 771 1.0081565580008436
s0_l16_h8_qlast 772 1.0029538975564378
s0_l16_h8_qlast 773 1.0127019978082656
s0_l16_h8_qlast 777 1.0192941182510977
s0_l16_h8_qlast 779 1.0171535864741528
s0_l16_h8_qlast 780 1.011314124746628
s0_l16_h8_qlast 781 1.011314124746628
s0_l16_h8_qlast 782 1.011314124746628
s0_l16_h8_qlast 791 1.0086962031901614
s0_l16_h8_qlast 808 1.011314124746628
s0_l16_h8_qlast 809 1.0189433665339502
s0_l16_h8_qlast 810 1.0138233739408675
s0_l16_h8_qlast 815 1.0189433665339502
s0_l16_h8_qlast 817 1.0110380050677825
s0_l16_h8_qlast 818 1.0056706433174982
s0_l16_h8_qlast 825 1.011314124746628
s0_l16_h8_qlast 826 1.0121115864646102
s0_l16_h8_qlast 827 1.011314124746628
s0_l16_h8_qlast 828 1.0093249664195127
s0_l16_h8_qlast 863 1.011314124746628
s0_l16_h8_qlast 865 1.0137177971053524
s0_l16_h8_qlast 870 1.0056706433174982
s0_l16_h8_qlast 872 1.009261527695292
s0_l16_h8_qlast 873 1.0081565580008436
s0_l16_h8_qlast 909 1.0087237624923815
s1_l16_h8_qlast 1 1.010778870522698
s1_l16_h8_qlast 3 1.014609185291284
s1_l16_h8_qlast 4 1.0110378750810105
s1_l16_h8_qlast 5 1.0181985710018195
s1_l16_h8_qlast 6 1.0217381978357685
s1_l16_h8_qlast 7 1.008541129292386
s1_l16_h8_qlast 12 1.008552176721608
s1_l16_h8_qlast 13 1.0111699392464948
s1_l16_h8_qlast 14 1.011503053612799
s1_l16_h8_qlast 15 1.0145256983832525
s1_l16_h8_qlast 19 1.0192616516855162
s1_l16_h8_qlast 20 1.0148266763569647
s1_l16_h8_qlast 21 1.0217381978357685
s1_l16_h8_qlast 22 1.0058187911684138
s1_l16_h8_qlast 23 1.0163556416720767
s1_l16_h8_qlast 24 1.018887086615206
s1_l16_h8_qlast 25 1.0181985710018195
s1_l16_h8_qlast 26 1.0073151547414172
s1_l16_h8_qlast 28 1.0168918557806743
s1_l16_h8_qlast 29 1.0105145485871274
s1_l16_h8_qlast 30 1.0217381978357685
s1_l16_h8_qlast 31 1.0160091659393296
s1_l16_h8_qlast 32 1.0105145485871274
s1_l16_h8_qlast 33 1.018887086615206
s1_l16_h8_qlast 34 1.0187384534556814
s1_l16_h8_qlast 35 1.0161161551517752
s1_l16_h8_qlast 36 1.0049825828061616
s1_l16_h8_qlast 37 1.0173879562875265
s1_l16_h8_qlast 38 1.0140266246939442
s1_l16_h8_qlast 39 1.0141031225354427
s1_l16_h8_qlast 40 1.0217381978357685
s1_l16_h8_qlast 41 1.0160091659393296
s1_l16_h8_qlast 42 1.0160091659393296
s1_l16_h8_qlast 43 1.018887086615206
s1_l16_h8_qlast 44 1.013767785175052
s1_l16_h8_qlast 45 1.008541129292386
s1_l16_h8_qlast 46 1.0160091659393296
s1_l16_h8_qlast 47 1.011121607074822
s1_l16_h8_qlast 48 1.0163849149820912
s1_l16_h8_qlast 49 1.0151965008013533
s1_l16_h8_qlast 50 1.0079667790970346
s1_l16_h8_qlast 51 1.0096333324699083
s1_l16_h8_qlast 52 1.0106639971108742
s1_l16_h8_qlast 55 1.0042240301941285
s1_l16_h8_qlast 56 1.015200300860255
s1_l16_h8_qlast 57 1.0131574693095267
s1_l16_h8_qlast 58 1.01434846354516
s1_l16_h8_qlast 59 1.013524079817313
s1_l16_h8_qlast 60 1.0130931402372867
s1_l16_h8_qlast 61 1.0181288068785634
s1_l16_h8_qlast 62 1.006420388536168
s1_l16_h8_qlast 64 1.0170640661978907
s1_l16_h8_qlast 65 1.0183910380931074
s1_l16_h8_qlast 66 1.0096955001674595
s1_l16_h8_qlast 67 1.0041469802546408
s1_l16_h8_qlast 68 1.007119762711484
s1_l16_h8_qlast 69 1.0160091659393296
s1_l16_h8_qlast 70 1.017151149649183
s1_l16_h8_qlast 74 1.0111708428166344
s1_l16_h8_qlast 75 1.0151395557444751
s1_l16_h8_qlast 76 1.011918088302101
s1_l16_h8_qlast 77 1.0181985710018195
s1_l16_h8_qlast 78 1.0160091659393296
s1_l16_h8_qlast 79 1.016858623775191
s1_l16_h8_qlast 80 1.0189962656261533
s1_l16_h8_qlast 81 1.0024764449150714
s1_l16_h8_qlast 82 1.0136059364305794
s1_l16_h8_qlast 83 1.0160091659393296
s1_l16_h8_qlast 84 1.0169908251644713
s1_l16_h8_qlast 85 1.0129091052256933
s1_l16_h8_qlast 86 1.0123587175850717
s1_l16_h8_qlast 87 1.0172175089263944
s1_l16_h8_qlast 88 1.014007794130318
s1_l16_h8_qlast 89 1.0116408328644233
s1_l16_h8_qlast 90 1.0204405686086837
s1_l16_h8_qlast 91 1.0108691761104893
s1_l16_h8_qlast 92 1.004299261231881
s1_l16_h8_qlast 93 1.0122259604773622
s1_l16_h8_qlast 94 1.0236310329861285
s1_l16_h8_qlast 95 1.0192857778837003
s1_l16_h8_qlast 96 1.0168665249765754
s1_l16_h8_qlast 97 1.0138562407067646
s1_l16_h8_qlast 98 1.012733524514011
s1_l16_h8_qlast 102 1.0082226429050343
s1_l16_h8_qlast 103 1.0148301411631697
s1_l16_h8_qlast 105 1.0110458987137398
s1_l16_h8_qlast 106 1.0168575469792387
s1_l16_h8_qlast 113 1.0083049683756038
s1_l16_h8_qlast 114 1.0188987605398125
s1_l16_h8_qlast 115 1.0072944299502522
s1_l16_h8_qlast 119 1.0111848396893117
s1_l16_h8_qlast 120 1.0086648996093766
s1_l16_h8_qlast 121 1.0160091659393296
s1_l16_h8_qlast 122 1.0177140787755534
s1_l16_h8_qlast 123 1.0163849149820912
s1_l16_h8_qlast 124 1.017013165476146
s1_l16_h8_qlast 125 1.0082324742363122
s1_l16_h8_qlast 126 1.017013165476146
s1_l16_h8_qlast 128 1.0104428536476242
s1_l16_h8_qlast 129 1.0160091659393296
s1_l16_h8_qlast 130 1.0111629424142359
s1_l16_h8_qlast 131 1.0160091659393296
s1_l16_h8_qlast 132 1.013237077712175
s1_l16_h8_qlast 133 1.0163849149820912
s1_l16_h8_qlast 134 1.0140932084231558
s1_l16_h8_qlast 136 1.0135167336876456
s1_l16_h8_qlast 137 1.0140223037374598
s1_l16_h8_qlast 138 1.0141816962882473
s1_l16_h8_qlast 139 1.006732068586022
s1_l16_h8_qlast 140 1.0117034048593803
s1_l16_h8_qlast 141 1.0166980884082257
s1_l16_h8_qlast 142 1.0181985710018195
s1_l16_h8_qlast 143 1.0160091659393296
s1_l16_h8_qlast 150 0.9969547973708718
s1_l16_h8_qlast 151 1.009265766987352
s1_l16_h8_qlast 158 1.0139452733090828
s1_l16_h8_qlast 159 1.0128597264669397
s1_l16_h8_qlast 160 1.0116784830366057
s1_l16_h8_qlast 161 1.0125700661088979
s1_l16_h8_qlast 167 1.0163849149820912
s1_l16_h8_qlast 168 1.018887086615206
s1_l16_h8_qlast 169 1.0105145485871274
s1_l16_h8_qlast 170 1.018887086615206
s1_l16_h8_qlast 174 1.0042717725465762
s1_l16_h8_qlast 175 1.019426113093489
s1_l16_h8_qlast 176 1.0160091659393296
s1_l16_h8_qlast 177 1.0163849149820912
s1_l16_h8_qlast 178 1.0163849149820912
s1_l16_h8_qlast 179 1.0160091659393296
s1_l16_h8_qlast 180 1.017255248726582
s1_l16_h8_qlast 181 1.0160091659393296
s1_l16_h8_qlast 184 1.0163849149820912
s1_l16_h8_qlast 185 1.008541129292386
s1_l16_h8_qlast 186 1.0089134623914733
s1_l16_h8_qlast 187 1.0161678169779136
s1_l16_h8_qlast 188 1.0181985710018195
s1_l16_h8_qlast 196 1.0098287865386404
s1_l16_h8_qlast 197 1.0152420172654488
s1_l16_h8_qlast 206 1.0073358463189626
s1_l16_h8_qlast 214 1.0145896458073365
s1_l16_h8_qlast 215 1.0137111682719961
s1_l16_h8_qlast 216 1.0116389342584065
s1_l16_h8_qlast 220 1.0127178048690488
s1_l16_h8_qlast 221 1.005658712856048
s1_l16_h8_qlast 222 1.0163849149820912
s1_l16_h8_qlast 223 1.0163849149820912
s1_l16_h8_qlast 224 1.0217381978357685
s1_l16_h8_qlast 225 1.0092479560859857
s1_l16_h8_qlast 232 1.0138954408955605
s1_l16_h8_qlast 233 1.0161987884595438
s1_l16_h8_qlast 242 1.0149347565997353
s1_l16_h8_qlast 258 1.0070041763996123
s1_l16_h8_qlast 259 1.0085161593693925
s1_l16_h8_qlast 260 1.0084599149460884
s1_l16_h8_qlast 261 1.0163556416720767
s1_l16_h8_qlast 265 1.0110125789753746
s1_l16_h8_qlast 266 1.0177096381988635
s1_l16_h8_qlast 267 1.0190068476192031
s1_l16_h8_qlast 268 1.0119185398485682
s1_l16_h8_qlast 269 1.0121757269274345
s1_l16_h8_qlast 270 1.0163849149820912
s1_l16_h8_qlast 271 1.0083459831966415
s1_l16_h8_qlast 277 1.0091892428033937
s1_l16_h8_qlast 278 1.016050366247321
s1_l16_h8_qlast 279 1.0108347125107455
s1_l16_h8_qlast 280 1.0176314863062108
s1_l16_h8_qlast 303 1.0173879562875265
s1_l16_h8_qlast 304 1.0119506094366244
s1_l16_h8_qlast 305 1.0101905497588681
s1_l16_h8_qlast 306 1.0181985710018195
s1_l16_h8_qlast 307 1.0115148982608468
s1_l16_h8_qlast 313 1.0140204764425922
s1_l16_h8_qlast 314 1.0161678169779136
s1_l16_h8_qlast 315 1.0163849149820912
s1_l16_h8_qlast 316 1.0125082731425734
s1_l16_h8_qlast 322 1.0181985710018195
s1_l16_h8_qlast 323 1.0049495123523051
s1_l16_h8_qlast 324 1.0153307944078152
s1_l16_h8_qlast 325 1.0024764449150714
s1_l16_h8_qlast 349 1.0085315603030667
s1_l16_h8_qlast 351 1.0084919050192553
s1_l16_h8_qlast 352 1.0041177931509369
s1_l16_h8_qlast 353 1.0199874238522633
s1_l16_h8_qlast 358 1.0136146879888293
s1_l16_h8_qlast 359 1.0143084372804338
s1_l16_h8_qlast 360 1.0172369676738462
s1_l16_h8_qlast 361 1.0087690978568624
s1_l16_h8_qlast 362 1.016179525296013
s1_l16_h8_qlast 363 1.0163849149820912
s1_l16_h8_qlast 366 1.0173218437010858
s1_l16_h8_qlast 368 1.0163849149820912
s1_l16_h8_qlast 369 1.0143053440523355
s1_l16_h8_qlast 370 1.0163849149820912
s1_l16_h8_qlast 380 1.0092180339227057
s1_l16_h8_qlast 397 1.0053507148664005
s1_l16_h8_qlast 398 1.0134957486561986
s1_l16_h8_qlast 404 1.016733640681556
s1_l16_h8_qlast 405 1.0048502227158698
s1_l16_h8_qlast 406 1.0114333131186235
s1_l16_h8_qlast 407 1.0110378750810105
s1_l16_h8_qlast 408 1.009557835473328
s1_l16_h8_qlast 413 1.011716643896843
s1_l16_h8_qlast 414 1.0135837876973595
s1_l16_h8_qlast 416 1.011127594535133
s1_l16_h8_qlast 425 1.0123698527319105
s1_l16_h8_qlast 442 1.0085920185197714
s1_l16_h8_qlast 443 1.0113318801930753
s1_l16_h8_qlast 444 1.0150871343575263
s1_l16_h8_qlast 449 1.0072944299502522
s1_l16_h8_qlast 451 1.0163849149820912
s1_l16_h8_qlast 452 1.0161678169779136
s1_l16_h8_qlast 453 1.0152734276107251
s1_l16_h8_qlast 454 1.0163849149820912
s1_l16_h8_qlast 459 1.0120038493908756
s1_l16_h8_qlast 460 1.009975132946066
s1_l16_h8_qlast 461 1.016179525296013
s1_l16_h8_qlast 462 1.016731362057332
s1_l16_h8_qlast 487 1.0181985710018195
s1_l16_h8_qlast 488 1.0137780490935326
s1_l16_h8_qlast 489 1.0181985710018195
s1_l16_h8_qlast 490 1.0163849149820912
s1_l16_h8_qlast 497 1.0181985710018195
s1_l16_h8_qlast 498 1.0163849149820912
s1_l16_h8_qlast 499 1.0163849149820912
s1_l16_h8_qlast 504 1.01349389628435
s1_l16_h8_qlast 505 1.013668601651384
s1_l16_h8_qlast 506 1.0163849149820912
s1_l16_h8_qlast 507 1.0181985710018195
s1_l16_h8_qlast 508 1.0163849149820912
s1_l16_h8_qlast 509 1.0165551283380139
s1_l16_h8_qlast 516 1.013731180159558
s1_l16_h8_qlast 535 1.0163849149820912
s1_l16_h8_qlast 540 1.0145106431528654
s1_l16_h8_qlast 541 1.0163849149820912
s1_l16_h8_qlast 542 1.0163849149820912
s1_l16_h8_qlast 543 1.0018009319874686
s1_l16_h8_qlast 544 1.0163849149820912
s1_l16_h8_qlast 545 1.0136750881223136
s1_l16_h8_qlast 549 1.0163849149820912
s1_l16_h8_qlast 550 1.0139421653691534
s1_l16_h8_qlast 551 1.0163849149820912
s1_l16_h8_qlast 552 1.0160091659393296
s1_l16_h8_qlast 553 1.0137331801458591
s1_l16_h8_qlast 554 1.0181985710018195
s1_l16_h8_qlast 561 1.0072517117338797
s1_l16_h8_qlast 562 1.002795023458183
s1_l16_h8_qlast 571 1.015816967611555
s1_l16_h8_qlast 578 1.0147460699257829
s1_l16_h8_qlast 579 1.0163849149820912
s1_l16_h8_qlast 580 1.0136092898447722
s1_l16_h8_qlast 581 1.0163849149820912
s1_l16_h8_qlast 586 1.0163849149820912
s1_l16_h8_qlast 587 1.0053656039427041
s1_l16_h8_qlast 588 1.0217381978357685
s1_l16_h8_qlast 589 1.0181985710018195
s1_l16_h8_qlast 590 1.0217381978357685
s1_l16_h8_qlast 591 1.0181985710018195
s1_l16_h8_qlast 595 1.0163849149820912
s1_l16_h8_qlast 596 1.0181985710018195
s1_l16_h8_qlast 597 1.0204585748235877
s1_l16_h8_qlast 598 1.0181985710018195
s1_l16_h8_qlast 599 1.018712697351386
s1_l16_h8_qlast 600 1.0163849149820912
s1_l16_h8_qlast 607 1.0163849149820912
s1_l16_h8_qlast 617 1.0163849149820912
s1_l16_h8_qlast 624 1.0163849149820912
s1_l16_h8_qlast 625 1.0108572844263881
s1_l16_h8_qlast 626 1.0181985710018195
s1_l16_h8_qlast 627 1.0181985710018195
s1_l16_h8_qlast 631 1.0163849149820912
s1_l16_h8_qlast 632 1.0140027297795031
s1_l16_h8_qlast 633 1.0163849149820912
s1_l16_h8_qlast 634 1.0141498896264174
s1_l16_h8_qlast 635 1.0181985710018195
s1_l16_h8_qlast 636 1.0181985710018195
s1_l16_h8_qlast 640 1.0152500729416403
s1_l16_h8_qlast 641 1.0142813054703856
s1_l16_h8_qlast 642 1.0204585748235877
s1_l16_h8_qlast 643 1.015809078646595
s1_l16_h8_qlast 644 1.0160673271238443
s1_l16_h8_qlast 645 1.0141498896264174
s1_l16_h8_qlast 650 1.0097631388389694
s1_l16_h8_qlast 652 1.016179525296013
s1_l16_h8_qlast 653 1.016179525296013
s1_l16_h8_qlast 662 1.016179525296013
s1_l16_h8_qlast 669 1.0204585748235877
s1_l16_h8_qlast 670 1.0163849149820912
s1_l16_h8_qlast 671 1.008204326148301
s1_l16_h8_qlast 672 1.0163849149820912
s1_l16_h8_qlast 673 1.017284112860134
s1_l16_h8_qlast 678 1.0163849149820912
s1_l16_h8_qlast 679 1.0163849149820912
s1_l16_h8_qlast 680 1.0181985710018195
s1_l16_h8_qlast 681 1.0181985710018195
s1_l16_h8_qlast 682 1.0181985710018195
s1_l16_h8_qlast 686 1.0217381978357685
s1_l16_h8_qlast 688 1.0140964324292023
s1_l16_h8_qlast 689 1.0141891553566984
s1_l16_h8_qlast 690 1.0128020811252894
s1_l16_h8_qlast 691 1.017824531689695
s1_l16_h8_qlast 698 1.0186297746483979
s1_l16_h8_qlast 707 1.012715765134242
s1_l16_h8_qlast 708 1.0155092328751492
s1_l16_h8_qlast 717 1.0082605522056773
s1_l16_h8_qlast 724 1.009684772047901
s1_l16_h8_qlast 725 1.0163849149820912
s1_l16_h8_qlast 726 1.0163849149820912
s1_l16_h8_qlast 727 1.0163849149820912
s1_l16_h8_qlast 728 1.0148701259688435
s1_l16_h8_qlast 729 1.018887086615206
s1_l16_h8_qlast 731 1.0163849149820912
s1_l16_h8_qlast 732 1.0163849149820912
s1_l16_h8_qlast 733 1.0163849149820912
s1_l16_h8_qlast 734 1.0217381978357685
s1_l16_h8_qlast 735 1.006302226172278
s1_l16_h8_qlast 736 1.009684772047901
s1_l16_h8_qlast 743 1.0163849149820912
s1_l16_h8_qlast 744 1.0078325813896887
s1_l16_h8_qlast 753 1.0167333867478396
s1_l16_h8_qlast 763 1.0069469953259238
s1_l16_h8_qlast 769 1.0225868333175792
s1_l16_h8_qlast 770 1.021457865408736
s1_l16_h8_qlast 771 1.005797405537339
s1_l16_h8_qlast 772 1.0064176735875092
s1_l16_h8_qlast 773 1.0078662356557906
s1_l16_h8_qlast 777 1.0217381978357685
s1_l16_h8_qlast 778 1.013714969072896
s1_l16_h8_qlast 779 1.0189754075220556
s1_l16_h8_qlast 780 1.016179525296013
s1_l16_h8_qlast 781 1.0187853045198885
s1_l16_h8_qlast 782 1.0072517117338797
s1_l16_h8_qlast 790 1.0060507544238133
s1_l16_h8_qlast 791 1.016934527848557
s1_l16_h8_qlast 808 1.0038885476226047
s1_l16_h8_qlast 809 1.0097631388389694
s1_l16_h8_qlast 810 1.007890039920533
s1_l16_h8_qlast 815 1.0050695400013334
s1_l16_h8_qlast 816 1.00983136068073
s1_l16_h8_qlast 817 1.010938637484203
s1_l16_h8_qlast 818 1.0163849149820912
s1_l16_h8_qlast 824 1.0163849149820912
s1_l16_h8_qlast 825 1.0011867603322238
s1_l16_h8_qlast 826 1.011299366199677
s1_l16_h8_qlast 827 1.0132646907488303
s1_l16_h8_qlast 828 1.0081528023195871
s1_l16_h8_qlast 832 1.017387524217589
s1_l16_h8_qlast 834 1.0156295896426533
s1_l16_h8_qlast 836 1.0116562177638144
s1_l16_h8_qlast 862 1.0163849149820912
s1_l16_h8_qlast 863 1.0163849149820912
s1_l16_h8_qlast 865 1.0163849149820912
s1_l16_h8_qlast 870 1.0163849149820912
s1_l16_h8_qlast 871 1.0163849149820912
s1_l16_h8_qlast 872 1.0163849149820912
s1_l16_h8_qlast 873 1.0126520335052644
s1_l16_h8_qlast 908 1.0175272508935107
s1_l16_h8_qlast 909 1.016179525296013
s1_l16_h8_qlast 918 1.0163849149820912
s2_l16_h8_qlast 1 1.0474054664319936
s2_l16_h8_qlast 3 1.0540326684488353
s2_l16_h8_qlast 4 1.0438268868680805
s2_l16_h8_qlast 5 1.0483097114335973
s2_l16_h8_qlast 6 1.0438268868680805
s2_l16_h8_qlast 7 1.0438268868680805
s2_l16_h8_qlast 11 1.0441634683520922
s2_l16_h8_qlast 12 1.0402795496352184
s2_l16_h8_qlast 13 1.0477948169971534
s2_l16_h8_qlast 14 1.0408303120343678
s2_l16_h8_qlast 15 1.052586897871705
s2_l16_h8_qlast 16 1.0403157622109713
