Skipping import of cpp extensions due to incompatible torch version. Please upgrade to torch >= 2.11.0 (found 2.8.0+cu128).
Loading checkpoint shards:   0%|          | 0/5 [00:00<?, ?it/s]Loading checkpoint shards:  20%|██        | 1/5 [00:02<00:08,  2.10s/it]Loading checkpoint shards:  40%|████      | 2/5 [00:04<00:06,  2.10s/it]Loading checkpoint shards:  60%|██████    | 3/5 [00:06<00:04,  2.09s/it]Loading checkpoint shards:  80%|████████  | 4/5 [00:07<00:01,  1.93s/it]Loading checkpoint shards: 100%|██████████| 5/5 [00:08<00:00,  1.47s/it]Loading checkpoint shards: 100%|██████████| 5/5 [00:08<00:00,  1.72s/it]
s0_l16_h8_qlast 5 1.0075353476150093
s0_l16_h8_qlast 6 1.0132015462746955
s0_l16_h8_qlast 7 1.0188107865603977
s0_l16_h8_qlast 8 1.0075637849558297
s0_l16_h8_qlast 10 1.0130361680894593
s0_l16_h8_qlast 13 1.0133298659825518
s0_l16_h8_qlast 14 1.0074258592360623
s0_l16_h8_qlast 15 1.0132970810017525
s0_l16_h8_qlast 16 1.0130068255831217
s0_l16_h8_qlast 17 1.0074270147764641
s0_l16_h8_qlast 18 1.0018450740335048
s0_l16_h8_qlast 19 1.0075362467862357
s0_l16_h8_qlast 20 1.0019710434054436
s0_l16_h8_qlast 21 1.0132405879234134
s0_l16_h8_qlast 22 0.9962446237761227
s0_l16_h8_qlast 23 1.0075243605658128
s0_l16_h8_qlast 24 1.0131029248660932
s0_l16_h8_qlast 25 1.0188844361113973
s0_l16_h8_qlast 26 1.0131702591647835
s0_l16_h8_qlast 27 1.007534329421604
s0_l16_h8_qlast 28 1.0075277212589577
s0_l16_h8_qlast 29 1.0131036673090121
s0_l16_h8_qlast 30 1.0076350036281176
s0_l16_h8_qlast 31 1.007534393286836
s0_l16_h8_qlast 32 1.007657271346863
s0_l16_h8_qlast 33 1.0075305369321705
s0_l16_h8_qlast 34 1.0188131614060218
s0_l16_h8_qlast 41 1.0076539853263748
s0_l16_h8_qlast 42 1.007554657091501
s0_l16_h8_qlast 43 1.0075316690772085
s0_l16_h8_qlast 44 1.0074550706625716
s0_l16_h8_qlast 46 1.0018206216451389
s0_l16_h8_qlast 47 0.9962949518320091
s0_l16_h8_qlast 48 1.0018754012997084
s0_l16_h8_qlast 49 1.007561797567051
s0_l16_h8_qlast 50 1.0018264195759885
s0_l16_h8_qlast 51 1.01314339255529
s0_l16_h8_qlast 52 1.0132883239968955
s0_l16_h8_qlast 53 0.9963544766994413
s0_l16_h8_qlast 54 1.0074149749022003
s0_l16_h8_qlast 55 1.0018211799886438
s0_l16_h8_qlast 56 1.0075324266120007
s0_l16_h8_qlast 57 1.0244576347360108
s0_l16_h8_qlast 58 1.007533901953216
s0_l16_h8_qlast 59 1.001868519387893
s0_l16_h8_qlast 60 1.018748660824979
s0_l16_h8_qlast 61 1.0076821822985096
s0_l16_h8_qlast 65 1.0075532660667597
s0_l16_h8_qlast 67 1.01874780068132
s0_l16_h8_qlast 75 1.0076733708055976
s0_l16_h8_qlast 76 1.007655766083125
s0_l16_h8_qlast 77 1.002079166754111
s0_l16_h8_qlast 78 1.0133205318865661
s0_l16_h8_qlast 79 1.013161723840979
s0_l16_h8_qlast 82 1.0130990706104384
s0_l16_h8_qlast 83 1.0076768556132678
s0_l16_h8_qlast 84 1.0130951701518918
s0_l16_h8_qlast 85 1.0076544967239416
s0_l16_h8_qlast 86 1.0076874496615227
s0_l16_h8_qlast 87 1.018814221348389
s0_l16_h8_qlast 88 1.0074978202852947
s0_l16_h8_qlast 93 1.0130959305235918
s0_l16_h8_qlast 94 1.0131296572467905
s0_l16_h8_qlast 110 1.0019465108662835
s0_l16_h8_qlast 111 1.0131070968064029
s0_l16_h8_qlast 112 1.0075278186880532
s0_l16_h8_qlast 113 0.9961981831223661
s0_l16_h8_qlast 114 1.0075279162539268
s0_l16_h8_qlast 115 1.0075296906281246
s0_l16_h8_qlast 117 1.0018442199083004
s0_l16_h8_qlast 119 1.0075628803982264
s0_l16_h8_qlast 120 1.0131061055339914
s0_l16_h8_qlast 121 1.0019584938247073
s0_l16_h8_qlast 129 1.013238805059222
s0_l16_h8_qlast 144 1.007449498682976
s0_l16_h8_qlast 145 1.0074571602486344
s0_l16_h8_qlast 146 1.0019706480556594
s0_l16_h8_qlast 147 1.0132115587562784
s0_l16_h8_qlast 148 1.0018542007578333
s0_l16_h8_qlast 151 1.007529461655237
s0_l16_h8_qlast 153 1.001968315835631
s0_l16_h8_qlast 156 1.0132132398144156
s0_l16_h8_qlast 179 1.0130315267633756
s0_l16_h8_qlast 180 1.0074233353957012
s0_l16_h8_qlast 181 1.0130984341791056
s0_l16_h8_qlast 182 1.0130759107547982
s0_l16_h8_qlast 184 1.0074539933171243
s0_l16_h8_qlast 208 1.0018443216838633
s0_l16_h8_qlast 216 1.0132039606645653
s1_l16_h8_qlast 1 1.0906418939389544
s1_l16_h8_qlast 5 1.0906607419591166
s1_l16_h8_qlast 14 1.090620770838752
s1_l16_h8_qlast 15 1.0965778024195323
s1_l16_h8_qlast 16 1.096497464404292
s1_l16_h8_qlast 17 1.0906314641062942
s1_l16_h8_qlast 18 1.096503654374823
s1_l16_h8_qlast 19 1.096607006039228
s1_l16_h8_qlast 20 1.0965751800547467
s1_l16_h8_qlast 21 1.0964410865720573
s1_l16_h8_qlast 22 1.0846769164731724
s1_l16_h8_qlast 23 1.108295210520907
s1_l16_h8_qlast 24 1.0907192855433747
s1_l16_h8_qlast 25 1.1083038970741383
s1_l16_h8_qlast 26 1.102408297777266
s1_l16_h8_qlast 27 1.0906336332870177
s1_l16_h8_qlast 28 1.0906353046458543
s1_l16_h8_qlast 29 1.10241921767356
s1_l16_h8_qlast 31 1.0907182879049493
s1_l16_h8_qlast 32 1.1024149637303713
s1_l16_h8_qlast 33 1.0965061621820813
s1_l16_h8_qlast 34 1.0965352373352149
s1_l16_h8_qlast 39 1.1024128314096515
s1_l16_h8_qlast 41 1.0906555031173617
s1_l16_h8_qlast 42 1.0964666237563292
s1_l16_h8_qlast 43 1.0965026034519627
s1_l16_h8_qlast 46 1.0964995357758818
s1_l16_h8_qlast 47 1.0846724615184886
s1_l16_h8_qlast 48 1.0788662697363818
s1_l16_h8_qlast 49 1.0906179929176343
s1_l16_h8_qlast 50 1.0965353212555902
s1_l16_h8_qlast 51 1.090617595719986
s1_l16_h8_qlast 52 1.096443032240907
s1_l16_h8_qlast 54 1.0966037759641172
s1_l16_h8_qlast 55 1.0965032118526412
s1_l16_h8_qlast 56 1.0906573972379594
s1_l16_h8_qlast 57 1.090613685461857
s1_l16_h8_qlast 58 1.0965061237646734
s1_l16_h8_qlast 59 1.0905904347564461
s1_l16_h8_qlast 60 1.0906337511641144
s1_l16_h8_qlast 61 1.0905565504946808
s1_l16_h8_qlast 62 1.0966087928545203
s1_l16_h8_qlast 66 1.0964402915813485
s1_l16_h8_qlast 67 1.0965334993279148
s1_l16_h8_qlast 69 1.0964903236358785
s1_l16_h8_qlast 70 1.0966168730578532
s1_l16_h8_qlast 74 1.096504125760727
s1_l16_h8_qlast 75 1.0848006954502505
s1_l16_h8_qlast 78 1.102416587158841
s1_l16_h8_qlast 79 1.0906204231392764
s1_l16_h8_qlast 80 1.0846728454853252
s1_l16_h8_qlast 82 1.1024137555633264
s1_l16_h8_qlast 83 1.0906402702956721
s1_l16_h8_qlast 84 1.090618374107651
s1_l16_h8_qlast 85 1.096507569141276
s1_l16_h8_qlast 86 1.0965307064590328
s1_l16_h8_qlast 87 1.0965442580251974
s1_l16_h8_qlast 88 1.096508404476646
s1_l16_h8_qlast 89 1.0846857567729324
s1_l16_h8_qlast 91 1.0965344143381377
s1_l16_h8_qlast 92 1.1024279309560687
s1_l16_h8_qlast 93 1.0905545089314814
s1_l16_h8_qlast 94 1.0905764254180375
s1_l16_h8_qlast 95 1.09650658720056
s1_l16_h8_qlast 96 1.0905503487249733
s1_l16_h8_qlast 97 1.0965887365872722
s1_l16_h8_qlast 98 1.0847957522043197
s1_l16_h8_qlast 100 1.1083015927922233
s1_l16_h8_qlast 101 1.0965320915990187
s1_l16_h8_qlast 102 1.0965008057054075
s1_l16_h8_qlast 103 1.0964819063294537
s1_l16_h8_qlast 104 1.096461002690848
s1_l16_h8_qlast 105 1.0965362256780844
s1_l16_h8_qlast 106 1.0965772571384813
s1_l16_h8_qlast 108 1.0906566773276831
s1_l16_h8_qlast 109 1.0905688340059079
s1_l16_h8_qlast 110 1.090551972081544
s1_l16_h8_qlast 111 1.090648795306709
s1_l16_h8_qlast 112 1.0965354219447958
s1_l16_h8_qlast 113 1.1023898012095834
s1_l16_h8_qlast 114 1.0906299605520005
s1_l16_h8_qlast 115 1.08479277793213
s1_l16_h8_qlast 119 1.09058594082896
s1_l16_h8_qlast 120 1.0847829675989233
s1_l16_h8_qlast 146 1.0965738231435689
s1_l16_h8_qlast 147 1.0906225211285638
s1_l16_h8_qlast 179 1.114280782231311
s1_l16_h8_qlast 180 1.0965452116704075
s1_l16_h8_qlast 182 1.0788870757129319
s2_l16_h8_qlast 5 0.9720547293428459
s2_l16_h8_qlast 6 0.960230189938566
s2_l16_h8_qlast 8 0.9840668887457663
s2_l16_h8_qlast 14 0.9721290729435912
s2_l16_h8_qlast 15 0.9602061887063046
s2_l16_h8_qlast 16 0.960284677959241
s2_l16_h8_qlast 17 0.9838510546222927
s2_l16_h8_qlast 18 0.9661090952553777
s2_l16_h8_qlast 19 0.9721106162528363
s2_l16_h8_qlast 20 0.960293387462174
s2_l16_h8_qlast 21 0.972153814110902
s2_l16_h8_qlast 22 0.966132934209791
s2_l16_h8_qlast 23 0.9720482643267642
s2_l16_h8_qlast 24 0.9839000024455407
s2_l16_h8_qlast 25 0.9721174965218283
s2_l16_h8_qlast 26 0.9721673299054059
s2_l16_h8_qlast 27 0.9721500383427435
s2_l16_h8_qlast 29 0.9838094805800576
s2_l16_h8_qlast 31 0.9780132884713358
s2_l16_h8_qlast 32 0.9722004601609436
s2_l16_h8_qlast 33 0.9602487474390129
s2_l16_h8_qlast 34 0.9662706989825294
s2_l16_h8_qlast 41 0.9720124264922926
s2_l16_h8_qlast 43 0.9602829849988295
s2_l16_h8_qlast 46 0.9780893686879757
s2_l16_h8_qlast 47 0.978000443619363
s2_l16_h8_qlast 48 0.9838548805315492
s2_l16_h8_qlast 49 0.977952173658335
s2_l16_h8_qlast 50 0.9661981781548589
s2_l16_h8_qlast 51 0.972085476677149
s2_l16_h8_qlast 52 0.9601801482976181
s2_l16_h8_qlast 53 0.9779488014832523
s2_l16_h8_qlast 55 0.9722431424643584
s2_l16_h8_qlast 57 0.9721878688496723
s2_l16_h8_qlast 58 0.972168623220383
s2_l16_h8_qlast 59 0.9838975675396934
s2_l16_h8_qlast 60 0.9661278904834476
s2_l16_h8_qlast 61 0.9837975353868612
s2_l16_h8_qlast 66 0.9781311345793697
s2_l16_h8_qlast 67 0.9839460616901747
s2_l16_h8_qlast 69 0.9839708501341027
s2_l16_h8_qlast 70 0.9838980892088771
s2_l16_h8_qlast 74 0.9720741224933208
s2_l16_h8_qlast 75 0.983918552773014
s2_l16_h8_qlast 76 0.9778551805376351
s2_l16_h8_qlast 77 0.9720061474642543
s2_l16_h8_qlast 78 0.9721749322797577
s2_l16_h8_qlast 79 0.9661750808353566
s2_l16_h8_qlast 80 0.972113512485709
s2_l16_h8_qlast 82 0.9838057418768263
s2_l16_h8_qlast 83 0.9780198127031031
s2_l16_h8_qlast 84 0.9721983003006512
s2_l16_h8_qlast 85 0.9720295597593308
s2_l16_h8_qlast 86 0.9779562668878347
s2_l16_h8_qlast 87 0.9780572255821347
s2_l16_h8_qlast 88 0.9601766746136152
s2_l16_h8_qlast 89 0.9661517249820731
s2_l16_h8_qlast 91 0.9662344968002158
s2_l16_h8_qlast 92 0.9662246765573971
s2_l16_h8_qlast 93 0.9720359144208918
s2_l16_h8_qlast 94 0.966130973363727
s2_l16_h8_qlast 95 0.9837196652320761
s2_l16_h8_qlast 96 0.9720900197494586
s2_l16_h8_qlast 101 0.9721539160860247
s2_l16_h8_qlast 102 0.9664056648304947
s2_l16_h8_qlast 103 0.9720684056756527
s2_l16_h8_qlast 106 0.9837521683986801
s2_l16_h8_qlast 109 0.9780224698790965
s2_l16_h8_qlast 110 0.9660650721086971
s2_l16_h8_qlast 111 0.9779081937868914
s2_l16_h8_qlast 112 0.9603397675324933
s2_l16_h8_qlast 113 0.9721228282950007
s2_l16_h8_qlast 114 0.9602669013571044
s2_l16_h8_qlast 115 0.972249085546963
s2_l16_h8_qlast 116 0.9661716938383255
s2_l16_h8_qlast 117 0.977954441003296
s2_l16_h8_qlast 118 0.9660974728950835
s2_l16_h8_qlast 119 0.9719973240286005
s2_l16_h8_qlast 120 0.9779202631233794
s2_l16_h8_qlast 121 0.9720221893441034
s2_l16_h8_qlast 127 0.9779941322563491
s2_l16_h8_qlast 129 0.9661733777999919
s2_l16_h8_qlast 138 0.9779493193518741
s2_l16_h8_qlast 139 0.977970496814046
s2_l16_h8_qlast 144 0.9838806036942349
s2_l16_h8_qlast 145 0.9779382032230723
s2_l16_h8_qlast 146 0.9779687357513832
s2_l16_h8_qlast 147 0.9603065581271059
s2_l16_h8_qlast 148 0.9839657787278078
s3_l16_h8_qlast 5 1.0773052567376311
s3_l16_h8_qlast 6 1.07695033675435
s3_l16_h8_qlast 7 1.0831336346341793
s3_l16_h8_qlast 8 1.0831892144262205
s3_l16_h8_qlast 10 1.0773359074165592
s3_l16_h8_qlast 14 1.0827483693977986
s3_l16_h8_qlast 15 1.0832635090448786
s3_l16_h8_qlast 16 1.0831051940276903
s3_l16_h8_qlast 17 1.0769239257416063
s3_l16_h8_qlast 18 1.0827701277466353
s3_l16_h8_qlast 19 1.0944543209248148
s3_l16_h8_qlast 20 1.0714492336115198
s3_l16_h8_qlast 21 1.0710860287725261
s3_l16_h8_qlast 22 1.0827856252086867
s3_l16_h8_qlast 23 1.076929675169012
s3_l16_h8_qlast 24 1.0714551744007632
s3_l16_h8_qlast 25 1.0832449207960668
s3_l16_h8_qlast 26 1.0885893529239423
s3_l16_h8_qlast 27 1.07135324437207
s3_l16_h8_qlast 28 1.083141238169443
s3_l16_h8_qlast 29 1.07145082333702
s3_l16_h8_qlast 31 1.082899573801495
s3_l16_h8_qlast 33 1.0774316113636488
s3_l16_h8_qlast 34 1.0651405056364172
s3_l16_h8_qlast 40 1.0885898213656247
s3_l16_h8_qlast 41 1.0826901465171677
s3_l16_h8_qlast 42 1.0829448546297906
s3_l16_h8_qlast 43 1.0773055143289594
s3_l16_h8_qlast 44 1.0708297339230295
s3_l16_h8_qlast 45 1.076793124751266
s3_l16_h8_qlast 46 1.0714691326865908
s3_l16_h8_qlast 47 1.077459621589146
s3_l16_h8_qlast 48 1.077274801081229
s3_l16_h8_qlast 49 1.0767868866228905
s3_l16_h8_qlast 50 1.0716697705365428
s3_l16_h8_qlast 51 1.0713447173347113
s3_l16_h8_qlast 52 1.0827003793750116
s3_l16_h8_qlast 53 1.0715072706543831
s3_l16_h8_qlast 55 1.0711704104225457
s3_l16_h8_qlast 57 1.0827739660959823
s3_l16_h8_qlast 58 1.071088389772466
s3_l16_h8_qlast 59 1.0886197250492966
s3_l16_h8_qlast 60 1.076890654248664
s3_l16_h8_qlast 65 1.0773506176126815
s3_l16_h8_qlast 67 1.0715029646376857
s3_l16_h8_qlast 69 1.0773381611425248
s3_l16_h8_qlast 70 1.0772343368977608
s3_l16_h8_qlast 74 1.0772907399604545
s3_l16_h8_qlast 75 1.0831271282263644
s3_l16_h8_qlast 76 1.0774330785485209
s3_l16_h8_qlast 77 1.0827517766240058
s3_l16_h8_qlast 78 1.0713964105085436
s3_l16_h8_qlast 79 1.0770833989603332
s3_l16_h8_qlast 80 1.0770046296993334
s3_l16_h8_qlast 81 1.0655146422599673
s3_l16_h8_qlast 82 1.077179803300444
s3_l16_h8_qlast 83 1.0831656988010827
s3_l16_h8_qlast 84 1.0769259449591269
s3_l16_h8_qlast 85 1.076847217040004
s3_l16_h8_qlast 86 1.0708442219752312
s3_l16_h8_qlast 87 1.082784877888876
s3_l16_h8_qlast 88 1.0768863956099466
s3_l16_h8_qlast 89 1.071029435245374
s3_l16_h8_qlast 91 1.070998606436944
s3_l16_h8_qlast 92 1.0716205923985733
s3_l16_h8_qlast 93 1.0713834007317737
s3_l16_h8_qlast 94 1.0826937907372416
s3_l16_h8_qlast 96 1.0827136994032482
s3_l16_h8_qlast 101 1.0711017574341233
s3_l16_h8_qlast 102 1.0832280749825842
s3_l16_h8_qlast 103 1.082694979393205
s3_l16_h8_qlast 110 1.0832451872570363
s3_l16_h8_qlast 111 1.0767909505604663
s3_l16_h8_qlast 112 1.0769218593287382
s3_l16_h8_qlast 113 1.077477198367229
s3_l16_h8_qlast 114 1.0773392540486295
s3_l16_h8_qlast 115 1.0769538562270744
s3_l16_h8_qlast 117 1.065529487969897
s3_l16_h8_qlast 119 1.0769837799042987
s3_l16_h8_qlast 120 1.0772872473358777
s3_l16_h8_qlast 121 1.0832029335369864
s3_l16_h8_qlast 129 1.0773388455435078
s3_l16_h8_qlast 144 1.0714624883623283
s3_l16_h8_qlast 146 1.0891320019854003
s3_l16_h8_qlast 147 1.077273220758394
s3_l16_h8_qlast 148 1.0773034452179726
s3_l16_h8_qlast 179 1.0828119241870144
s3_l16_h8_qlast 180 1.0774465770813613
s3_l16_h8_qlast 182 1.0766289682889838
s4_l16_h8_qlast 5 1.3365250536344402
s4_l16_h8_qlast 6 1.336529196000854
s4_l16_h8_qlast 7 1.3162134181852585
s4_l16_h8_qlast 8 1.3363093099007388
s4_l16_h8_qlast 14 1.3306887731158505
s4_l16_h8_qlast 15 1.3304821914039762
s4_l16_h8_qlast 16 1.3244269527529227
s4_l16_h8_qlast 17 1.3275952791258752
s4_l16_h8_qlast 18 1.3274056041267548
s4_l16_h8_qlast 19 1.318818306734881
s4_l16_h8_qlast 20 1.3277191341117451
s4_l16_h8_qlast 21 1.3365385592905035
s4_l16_h8_qlast 22 1.3159831687504873
s4_l16_h8_qlast 23 1.330951611152213
s4_l16_h8_qlast 24 1.3363194341193199
s4_l16_h8_qlast 25 1.3307209667490145
s4_l16_h8_qlast 26 1.3363160901030933
s4_l16_h8_qlast 27 1.3190631506711203
s4_l16_h8_qlast 29 1.3220263330220152
s4_l16_h8_qlast 31 1.3365292345350308
s4_l16_h8_qlast 32 1.3365156839928485
s4_l16_h8_qlast 33 1.3274929248589498
s4_l16_h8_qlast 34 1.3185739474478317
s4_l16_h8_qlast 43 1.3307148855600675
s4_l16_h8_qlast 48 1.330691528488896
s4_l16_h8_qlast 49 1.3218129454139667
s4_l16_h8_qlast 50 1.3217711260499974
s4_l16_h8_qlast 51 1.3306938975099443
s4_l16_h8_qlast 52 1.3336660035820915
s4_l16_h8_qlast 60 1.3190314990764849
s4_l16_h8_qlast 75 1.3306967888974162
s4_l16_h8_qlast 77 1.3217620506517536
s4_l16_h8_qlast 79 1.3362897731511414
s4_l16_h8_qlast 83 1.3365354512345864
s4_l16_h8_qlast 84 1.3187891368033577
s4_l16_h8_qlast 85 1.330716454582139
s4_l16_h8_qlast 86 1.333675891584757
s4_l16_h8_qlast 87 1.3362886295448417
s4_l16_h8_qlast 88 1.3276949857657923
s4_l16_h8_qlast 110 1.3336848666423062
s4_l16_h8_qlast 111 1.3277122688097522
s4_l16_h8_qlast 112 1.330684042965805
s4_l16_h8_qlast 113 1.3336589835379233
s4_l16_h8_qlast 115 1.3187991871674
s4_l16_h8_qlast 116 1.3365244747660099
s4_l16_h8_qlast 117 1.3336496319921147
s4_l16_h8_qlast 119 1.3363161066953326
s4_l16_h8_qlast 120 1.3333075312708738
s4_l16_h8_qlast 121 1.3304903921120197
s4_l16_h8_qlast 129 1.330468196097888
s4_l16_h8_qlast 138 1.3187831218000126
s4_l16_h8_qlast 139 1.3365629949350268
s4_l16_h8_qlast 143 1.3217652460879519
s4_l16_h8_qlast 144 1.3333454800664237
s4_l16_h8_qlast 145 1.333348090108562
s4_l16_h8_qlast 146 1.3304742208952283
s4_l16_h8_qlast 147 1.3396094258194047
s4_l16_h8_qlast 148 1.327741280903409
s4_l16_h8_qlast 149 1.3277446824180816
s4_l16_h8_qlast 151 1.3276018707725972
s4_l16_h8_qlast 152 1.324390928932664
s4_l16_h8_qlast 153 1.3273706802583587
s4_l16_h8_qlast 154 1.330695404453785
s4_l16_h8_qlast 155 1.336321319499092
s4_l16_h8_qlast 156 1.3274043831944766
s4_l16_h8_qlast 162 1.3185839837435853
s4_l16_h8_qlast 163 1.3335368125755922
s4_l16_h8_qlast 165 1.3185862265786008
s4_l16_h8_qlast 170 1.3365248530395708
s4_l16_h8_qlast 171 1.3365272464279756
s4_l16_h8_qlast 172 1.3339135338598798
s4_l16_h8_qlast 173 1.3276113951821742
s4_l16_h8_qlast 174 1.3335895728662295
s4_l16_h8_qlast 175 1.3188034820686068
s4_l16_h8_qlast 179 1.3246445639653495
s4_l16_h8_qlast 180 1.3215671262622462
s4_l16_h8_qlast 181 1.3277152491914854
s4_l16_h8_qlast 182 1.3363272040568925
s4_l16_h8_qlast 183 1.3365367951423204
s4_l16_h8_qlast 184 1.3334670801011603
s4_l16_h8_qlast 189 1.327640404594781
s4_l16_h8_qlast 190 1.3423616036545363
s4_l16_h8_qlast 191 1.318591166377116
s4_l16_h8_qlast 198 1.3217990281612935
s4_l16_h8_qlast 206 1.3362971708068514
s4_l16_h8_qlast 207 1.33068167940387
s4_l16_h8_qlast 215 1.3185931394730328
s4_l16_h8_qlast 216 1.3304543067144559
s4_l16_h8_qlast 217 1.3306921341947757
{
  "experiment": 3,
  "case_count": 5,
  "aggregates": {
    "initial_spearman": {
      "mean": -0.028683738864099927,
      "n_inputs": 5,
      "ci95": [
        -0.1282049857145901,
        0.06964451631971434
      ],
      "unit": "independent input; layers/heads/query rows averaged within input"
    },
    "learned_spearman": {
      "mean": -0.024722505958461018,
      "n_inputs": 5,
      "ci95": [
        -0.13749063670411987,
        0.07560435818862787
      ],
      "unit": "independent input; layers/heads/query rows averaged within input"
    },
    "spearman_gain": {
      "mean": 0.003961232905638913,
      "n_inputs": 5,
      "ci95": [
        -0.028216967015388263,
        0.03613943282666608
      ],
      "unit": "independent input; layers/heads/query rows averaged within input"
    }
  },
  "inference_scope": "conditional block utility for experiments3/4; full policy NLL for experiment5",
  "independence": "Inputs are bootstrap units; candidate blocks/layers/heads are not independent replicates",
  "data_sha256": "9ecc67d769b3a6b3198a9cd9062981d15b7b51d9543d80f4444d61f6a6ac950c",
  "weight_sha256": "8ec66437312b96d2fc15fc20d3f88a6b6bb2b0efb0609ce0e1fbe06617509223",
  "status": "complete"
}
