Skipping import of cpp extensions due to incompatible torch version. Please upgrade to torch >= 2.11.0 (found 2.8.0+cu128).
Loading checkpoint shards:   0%|          | 0/5 [00:00<?, ?it/s]Loading checkpoint shards:  20%|██        | 1/5 [00:02<00:09,  2.33s/it]Loading checkpoint shards:  40%|████      | 2/5 [00:04<00:06,  2.30s/it]Loading checkpoint shards:  60%|██████    | 3/5 [00:06<00:04,  2.23s/it]Loading checkpoint shards:  80%|████████  | 4/5 [00:08<00:02,  2.04s/it]Loading checkpoint shards: 100%|██████████| 5/5 [00:09<00:00,  1.55s/it]Loading checkpoint shards: 100%|██████████| 5/5 [00:09<00:00,  1.84s/it]
{
  "experiment": 5,
  "case_count": 1,
  "aggregates": {
    "initial_utility": {
      "mean": 0.0,
      "n_inputs": 1,
      "ci95": null,
      "unit": "independent input; layers/heads/query rows averaged within input"
    },
    "positive_1x1_utility": {
      "mean": 0.0,
      "n_inputs": 1,
      "ci95": null,
      "unit": "independent input; layers/heads/query rows averaged within input"
    },
    "fixed_vertical_diagonal_utility": {
      "mean": -0.10167464279623117,
      "n_inputs": 1,
      "ci95": null,
      "unit": "independent input; layers/heads/query rows averaged within input"
    },
    "learned_5000_utility": {
      "mean": -0.22606524543732576,
      "n_inputs": 1,
      "ci95": null,
      "unit": "independent input; layers/heads/query rows averaged within input"
    }
  },
  "inference_scope": "conditional block utility for experiments3/4; full policy NLL for experiment5",
  "independence": "Inputs are bootstrap units; candidate blocks/layers/heads are not independent replicates",
  "data_sha256": "0d55a60dbba8614a2a76a1fa1aaa68d011a721383b7a47612aa12ea4cfce1a90",
  "weight_sha256": "8ec66437312b96d2fc15fc20d3f88a6b6bb2b0efb0609ce0e1fbe06617509223",
  "status": "complete"
}
