Skipping import of cpp extensions due to incompatible torch version. Please upgrade to torch >= 2.11.0 (found 2.8.0+cu128).
Loading checkpoint shards:   0%|          | 0/4 [00:00<?, ?it/s]Loading checkpoint shards:  25%|██▌       | 1/4 [00:02<00:08,  2.69s/it]Loading checkpoint shards:  50%|█████     | 2/4 [00:05<00:05,  2.65s/it]Loading checkpoint shards:  75%|███████▌  | 3/4 [00:07<00:02,  2.62s/it]Loading checkpoint shards: 100%|██████████| 4/4 [00:08<00:00,  1.82s/it]Loading checkpoint shards: 100%|██████████| 4/4 [00:08<00:00,  2.12s/it]
s0_l16_h8_qlast 62 0.9068747107905272
s0_l16_h8_qlast 64 0.9096317022525578
s0_l16_h8_qlast 65 0.9087667856352213
s0_l16_h8_qlast 66 0.9072193663662553
s0_l16_h8_qlast 67 0.9077690975378077
s0_l16_h8_qlast 68 0.9092112211576684
s0_l16_h8_qlast 71 0.9095505277311365
s0_l16_h8_qlast 75 0.9082496034309522
s0_l16_h8_qlast 76 0.9059855858636596
s0_l16_h8_qlast 77 0.9104043156826678
s0_l16_h8_qlast 78 0.9045464267176364
s0_l16_h8_qlast 79 0.9041242885736707
s0_l16_h8_qlast 80 0.9084921522060706
s0_l16_h8_qlast 81 0.9078051624607972
s0_l16_h8_qlast 83 0.9070405786544804
s0_l16_h8_qlast 84 0.9128290586390491
s0_l16_h8_qlast 85 0.9129010692413431
s0_l16_h8_qlast 89 0.9076869415201311
s0_l16_h8_qlast 91 0.9082242948153924
s0_l16_h8_qlast 94 0.9039360924057704
s0_l16_h8_qlast 95 0.9066057136713591
s0_l16_h8_qlast 97 0.9120351173478412
s0_l16_h8_qlast 98 0.9089020279101202
s0_l16_h8_qlast 112 0.9086644819604275
s0_l16_h8_qlast 115 0.9031834916412745
s0_l16_h8_qlast 116 0.9082795425598637
s0_l16_h8_qlast 124 0.9095924708711788
s0_l16_h8_qlast 125 0.9048754843123871
s0_l16_h8_qlast 126 0.9126929589309095
s0_l16_h8_qlast 127 0.9112387565877395
s0_l16_h8_qlast 128 0.9091049138012088
s0_l16_h8_qlast 129 0.9056078047989021
s0_l16_h8_qlast 130 0.9054918145993724
s0_l16_h8_qlast 131 0.9118458336729831
s0_l16_h8_qlast 133 0.9063545520898928
s0_l16_h8_qlast 138 0.9105284064664209
s0_l16_h8_qlast 139 0.9107108338225358
s0_l16_h8_qlast 140 0.9071503997349116
s0_l16_h8_qlast 141 0.910973236636809
s0_l16_h8_qlast 142 0.9070587888127193
s0_l16_h8_qlast 143 0.9107068673249821
s0_l16_h8_qlast 156 0.9126927314752141
s0_l16_h8_qlast 281 0.9054421267832037
s0_l16_h8_qlast 290 0.9081974871038586
s0_l16_h8_qlast 291 0.9030978301836347
s0_l16_h8_qlast 293 0.9086853558110306
s0_l16_h8_qlast 294 0.9101500107247954
s0_l16_h8_qlast 295 0.9075038241333625
s0_l16_h8_qlast 296 0.9103010514954804
s0_l16_h8_qlast 297 0.9078667123182889
s0_l16_h8_qlast 298 0.910205570920053
s0_l16_h8_qlast 299 0.9070709859806811
s0_l16_h8_qlast 300 0.9069109231594749
s0_l16_h8_qlast 302 0.9102321306854719
s0_l16_h8_qlast 304 0.9065392150064739
s0_l16_h8_qlast 305 0.9110158443390074
s0_l16_h8_qlast 306 0.9092337489181029
s0_l16_h8_qlast 307 0.9116523847782942
s0_l16_h8_qlast 308 0.9071578342310122
s0_l16_h8_qlast 309 0.9059000251866316
s0_l16_h8_qlast 310 0.9079218905098969
s0_l16_h8_qlast 311 0.9071411378350934
s0_l16_h8_qlast 312 0.9090990443285343
s0_l16_h8_qlast 313 0.9031267028767616
s0_l16_h8_qlast 314 0.9098365625871917
s0_l16_h8_qlast 315 0.9088749133714539
s0_l16_h8_qlast 316 0.9060078851722541
s0_l16_h8_qlast 317 0.907638407280584
s0_l16_h8_qlast 318 0.906154614598067
s0_l16_h8_qlast 319 0.9102062624799807
s0_l16_h8_qlast 320 0.9040221912754615
s0_l16_h8_qlast 321 0.909800432872461
s0_l16_h8_qlast 322 0.9021203659159999
s0_l16_h8_qlast 323 0.9036951557526746
s0_l16_h8_qlast 324 0.9060462449243377
s0_l16_h8_qlast 325 0.904614993740159
s0_l16_h8_qlast 326 0.908846849358683
s0_l16_h8_qlast 327 0.9078964995119763
s0_l16_h8_qlast 328 0.9111334718208209
s0_l16_h8_qlast 329 0.9105902928329835
s0_l16_h8_qlast 330 0.9086559709791221
s0_l16_h8_qlast 331 0.9086714359582402
s0_l16_h8_qlast 332 0.9074969715174203
s0_l16_h8_qlast 333 0.9074111420142633
s0_l16_h8_qlast 334 0.9084149733640846
s0_l16_h8_qlast 335 0.9072703483808172
s0_l16_h8_qlast 336 0.90062864148058
s0_l16_h8_qlast 337 0.9067046565165087
s0_l16_h8_qlast 338 0.9069234187971399
s0_l16_h8_qlast 339 0.9109011852309447
s0_l16_h8_qlast 340 0.9070115598588018
s0_l16_h8_qlast 341 0.9090433427865553
s0_l16_h8_qlast 342 0.9098173547774256
s0_l16_h8_qlast 343 0.9063767438413131
s0_l16_h8_qlast 344 0.9037909916911634
s0_l16_h8_qlast 345 0.9104824587067758
s0_l16_h8_qlast 346 0.9084412585877792
s0_l16_h8_qlast 347 0.9098662044456102
s0_l16_h8_qlast 348 0.9054610787239984
s0_l16_h8_qlast 349 0.907862766286681
s0_l16_h8_qlast 350 0.9081817452745533
s0_l16_h8_qlast 351 0.9055284566023726
s0_l16_h8_qlast 352 0.9071446795080026
s0_l16_h8_qlast 353 0.9049013574734669
s0_l16_h8_qlast 354 0.9094279752859041
s0_l16_h8_qlast 355 0.905661511035181
s0_l16_h8_qlast 356 0.9084398649111708
s0_l16_h8_qlast 357 0.9095611792978492
s0_l16_h8_qlast 358 0.9112506010040472
s0_l16_h8_qlast 359 0.9065605226655449
s0_l16_h8_qlast 360 0.90907011233503
s0_l16_h8_qlast 361 0.9085258889681427
s0_l16_h8_qlast 362 0.9060309753112961
s0_l16_h8_qlast 363 0.9081764085038396
s0_l16_h8_qlast 364 0.9129054342761678
s0_l16_h8_qlast 365 0.9056480908025564
s0_l16_h8_qlast 366 0.9099282551826697
s0_l16_h8_qlast 367 0.9105418079231061
s0_l16_h8_qlast 368 0.9075418049720941
s0_l16_h8_qlast 369 0.9033794096579765
s0_l16_h8_qlast 370 0.905740813440802
s0_l16_h8_qlast 371 0.908714229329648
s0_l16_h8_qlast 372 0.9071965032556115
s0_l16_h8_qlast 373 0.9077031200305844
s0_l16_h8_qlast 374 0.9086624111514539
s0_l16_h8_qlast 375 0.9065684910958887
s0_l16_h8_qlast 376 0.9092553409017538
s0_l16_h8_qlast 377 0.9077958282392832
s0_l16_h8_qlast 378 0.9099710012749049
s0_l16_h8_qlast 379 0.9095147904445184
s0_l16_h8_qlast 380 0.9084135654252763
s0_l16_h8_qlast 381 0.9116411689802507
s0_l16_h8_qlast 382 0.9040035517007875
s0_l16_h8_qlast 383 0.9038420150424248
s0_l16_h8_qlast 384 0.9039830864838388
s0_l16_h8_qlast 385 0.90961952190661
s0_l16_h8_qlast 386 0.9094465154445391
s0_l16_h8_qlast 387 0.9109163826955906
s0_l16_h8_qlast 388 0.9114025564776966
s0_l16_h8_qlast 389 0.9085241226070635
s0_l16_h8_qlast 390 0.9064570184392241
s0_l16_h8_qlast 392 0.9092534870724194
s0_l16_h8_qlast 393 0.9076695342413256
s0_l16_h8_qlast 394 0.9081317074980523
s0_l16_h8_qlast 397 0.9031912803290073
s0_l16_h8_qlast 398 0.9105201471843016
s0_l16_h8_qlast 399 0.9074887865307656
s0_l16_h8_qlast 400 0.9050914247914492
s0_l16_h8_qlast 401 0.9033231565951031
s0_l16_h8_qlast 402 0.9043873382377735
s0_l16_h8_qlast 403 0.9054951081780018
s0_l16_h8_qlast 404 0.9086358625579372
s0_l16_h8_qlast 405 0.9078342293492327
s0_l16_h8_qlast 406 0.9059358492734397
s0_l16_h8_qlast 407 0.9072318171271366
s0_l16_h8_qlast 408 0.9022739298796462
s0_l16_h8_qlast 409 0.9096370072776071
s0_l16_h8_qlast 410 0.9062676841289927
s0_l16_h8_qlast 411 0.9060468149374091
s0_l16_h8_qlast 412 0.9079590116995281
s0_l16_h8_qlast 413 0.9084863092483085
s0_l16_h8_qlast 414 0.9080527621025051
s0_l16_h8_qlast 415 0.9079447415007796
s0_l16_h8_qlast 416 0.9085962594240713
s0_l16_h8_qlast 417 0.9085558355674782
s0_l16_h8_qlast 418 0.909368097969987
s0_l16_h8_qlast 419 0.9080805433027721
s0_l16_h8_qlast 420 0.9088495209262791
s0_l16_h8_qlast 421 0.9083099275647494
s0_l16_h8_qlast 422 0.9038556141710036
s0_l16_h8_qlast 423 0.9076437548977662
s0_l16_h8_qlast 424 0.9040178371558961
s0_l16_h8_qlast 426 0.900285681699064
s0_l16_h8_qlast 427 0.9075670380155895
s0_l16_h8_qlast 428 0.904559465449314
s0_l16_h8_qlast 429 0.9075163772332334
s0_l16_h8_qlast 430 0.9025424473392459
s0_l16_h8_qlast 431 0.9117652289992706
s0_l16_h8_qlast 432 0.9052375488562657
s0_l16_h8_qlast 433 0.9088494618693155
s0_l16_h8_qlast 434 0.9065250969843791
s0_l16_h8_qlast 447 0.9047713575128
s0_l16_h8_qlast 448 0.9038067217559067
s0_l16_h8_qlast 461 0.9069980421640635
s0_l16_h8_qlast 462 0.9120765008754627
s0_l16_h8_qlast 463 0.9053220021834766
s0_l16_h8_qlast 465 0.9095257105787327
s0_l16_h8_qlast 471 0.9080669506815453
s0_l16_h8_qlast 473 0.9037843128303806
s0_l16_h8_qlast 474 0.9057358593325427
s0_l16_h8_qlast 477 0.9082695999545236
s0_l16_h8_qlast 478 0.9095944106547077
s0_l16_h8_qlast 479 0.9076448316138174
s0_l16_h8_qlast 480 0.9077595667926786
s0_l16_h8_qlast 481 0.9073736312328203
s0_l16_h8_qlast 495 0.9054987611730625
s0_l16_h8_qlast 522 0.9039722109975462
s0_l16_h8_qlast 527 0.9027569589419396
s0_l16_h8_qlast 528 0.9081569325512233
s0_l16_h8_qlast 536 0.9076104274784236
s0_l16_h8_qlast 537 0.9080424048138824
s0_l16_h8_qlast 538 0.908363862029298
s0_l16_h8_qlast 539 0.9100150472632694
s0_l16_h8_qlast 540 0.9061571175023512
s0_l16_h8_qlast 541 0.9080723332325843
s0_l16_h8_qlast 542 0.9113610875501763
s0_l16_h8_qlast 553 0.9036343243959973
s0_l16_h8_qlast 554 0.9083125758215002
s0_l16_h8_qlast 555 0.9063449607294222
s0_l16_h8_qlast 568 0.9124838324073195
s0_l16_h8_qlast 569 0.9093395405917281
s0_l16_h8_qlast 570 0.9094542963694866
s0_l16_h8_qlast 571 0.9069423443923535
s0_l16_h8_qlast 572 0.9116020743928278
s0_l16_h8_qlast 573 0.908362708643174
s0_l16_h8_qlast 575 0.906989486418421
s0_l16_h8_qlast 576 0.9063382388452407
s0_l16_h8_qlast 577 0.9114025790477172
s0_l16_h8_qlast 578 0.9066637910516213
s0_l16_h8_qlast 579 0.901689516638395
s0_l16_h8_qlast 580 0.9093620575639018
s0_l16_h8_qlast 581 0.9039133530128641
s0_l16_h8_qlast 582 0.9076370513992681
s0_l16_h8_qlast 583 0.9016947146341078
s0_l16_h8_qlast 584 0.9082350661337841
s0_l16_h8_qlast 585 0.9049251095685494
s0_l16_h8_qlast 586 0.905135127533206
s0_l16_h8_qlast 587 0.907043764993432
s0_l16_h8_qlast 588 0.9073909389275783
s0_l16_h8_qlast 589 0.9039218122409445
s0_l16_h8_qlast 590 0.9109511432007739
s0_l16_h8_qlast 591 0.9058071349096611
s0_l16_h8_qlast 592 0.9061385063872546
s0_l16_h8_qlast 593 0.9060508561907971
s0_l16_h8_qlast 594 0.9047579880729741
s0_l16_h8_qlast 595 0.9118494778628122
s0_l16_h8_qlast 596 0.906836423887977
s0_l16_h8_qlast 597 0.910499744211186
s0_l16_h8_qlast 598 0.9049573609002188
s0_l16_h8_qlast 599 0.9051711708360183
s0_l16_h8_qlast 600 0.9087620327336481
s0_l16_h8_qlast 601 0.9023374144850426
s0_l16_h8_qlast 602 0.9064318083692342
s0_l16_h8_qlast 603 0.9069542460757393
s0_l16_h8_qlast 604 0.9060112177116522
s0_l16_h8_qlast 605 0.9065071883061054
s0_l16_h8_qlast 606 0.9105937176103577
s0_l16_h8_qlast 607 0.9064498561995358
s0_l16_h8_qlast 608 0.9051326285380955
s0_l16_h8_qlast 609 0.9074673060848991
s0_l16_h8_qlast 610 0.9040411962037482
s0_l16_h8_qlast 611 0.9067758884650009
s0_l16_h8_qlast 612 0.9098862878692505
s0_l16_h8_qlast 613 0.9088007384244438
s0_l16_h8_qlast 614 0.9065194004426964
s0_l16_h8_qlast 615 0.9050970204248601
s0_l16_h8_qlast 616 0.9042524554150243
s0_l16_h8_qlast 617 0.9064445432198805
s0_l16_h8_qlast 618 0.9117056664875814
s0_l16_h8_qlast 619 0.9074872344896324
s0_l16_h8_qlast 620 0.9081103372617773
s0_l16_h8_qlast 621 0.9084960067597091
s0_l16_h8_qlast 622 0.9117393007102443
s0_l16_h8_qlast 623 0.9046064419698351
s0_l16_h8_qlast 624 0.9113817604652881
s0_l16_h8_qlast 625 0.9070783207875635
s0_l16_h8_qlast 626 0.9077352168348046
s0_l16_h8_qlast 627 0.9116850585904269
s0_l16_h8_qlast 628 0.9060839509184007
s0_l16_h8_qlast 629 0.9072759958957746
s0_l16_h8_qlast 630 0.9073547460879623
s0_l16_h8_qlast 631 0.9083893697057978
s0_l16_h8_qlast 632 0.9069353437609441
s0_l16_h8_qlast 633 0.9102834242181747
s0_l16_h8_qlast 634 0.9059036895354935
s0_l16_h8_qlast 635 0.9083169668275249
s0_l16_h8_qlast 636 0.9071009426076092
s0_l16_h8_qlast 637 0.9074274038694884
s0_l16_h8_qlast 638 0.9073944295259108
s0_l16_h8_qlast 639 0.9070210509975865
s0_l16_h8_qlast 640 0.9124303831922589
s0_l16_h8_qlast 641 0.9079266089035876
s0_l16_h8_qlast 642 0.9098920919204829
s0_l16_h8_qlast 643 0.9044766138104023
s0_l16_h8_qlast 644 0.9146323398070474
s0_l16_h8_qlast 645 0.9050259335642543
s0_l16_h8_qlast 646 0.9042347038881747
s0_l16_h8_qlast 647 0.9047435773377814
s0_l16_h8_qlast 648 0.9041180237982189
s0_l16_h8_qlast 649 0.9098300280298148
s0_l16_h8_qlast 650 0.9112794054301709
s0_l16_h8_qlast 651 0.908229980383608
s0_l16_h8_qlast 652 0.9061684288224735
s0_l16_h8_qlast 653 0.9106811427535088
s0_l16_h8_qlast 654 0.9085165411273589
s0_l16_h8_qlast 655 0.9114173729665874
s0_l16_h8_qlast 656 0.9072835661665356
s0_l16_h8_qlast 657 0.9088292760504622
s0_l16_h8_qlast 658 0.9056163957601794
s0_l16_h8_qlast 659 0.9078368685917336
s0_l16_h8_qlast 660 0.9093822586331622
s0_l16_h8_qlast 661 0.9028309922703722
s0_l16_h8_qlast 662 0.9105576483852929
s0_l16_h8_qlast 663 0.9055728024779289
s0_l16_h8_qlast 664 0.906602964645241
s0_l16_h8_qlast 665 0.907760081656637
s0_l16_h8_qlast 666 0.9104085841179106
s0_l16_h8_qlast 667 0.9086238703338577
s0_l16_h8_qlast 668 0.9065559311579405
s0_l16_h8_qlast 669 0.9083075210219249
s0_l16_h8_qlast 670 0.9075934301231015
s0_l16_h8_qlast 671 0.9054899294556393
s0_l16_h8_qlast 673 0.9053731410055083
s0_l16_h8_qlast 674 0.9106100284407148
s0_l16_h8_qlast 675 0.9058915731161092
s0_l16_h8_qlast 676 0.9063264121862382
s0_l16_h8_qlast 677 0.9086301981984765
s0_l16_h8_qlast 678 0.9098932992756917
s0_l16_h8_qlast 679 0.9086716157193719
s0_l16_h8_qlast 680 0.9063773826624542
s0_l16_h8_qlast 681 0.9118160202395468
s0_l16_h8_qlast 682 0.909922883278341
s0_l16_h8_qlast 683 0.9056467291983691
s0_l16_h8_qlast 684 0.9075288584519347
s0_l16_h8_qlast 685 0.9083288122624666
s0_l16_h8_qlast 686 0.9093878819112433
s0_l16_h8_qlast 687 0.9117578486349719
s0_l16_h8_qlast 688 0.9091530753450404
s0_l16_h8_qlast 689 0.9101002437806032
s0_l16_h8_qlast 690 0.906579416607697
s0_l16_h8_qlast 691 0.9059586409923874
s0_l16_h8_qlast 692 0.9066909410255242
s0_l16_h8_qlast 693 0.9057857503675305
s0_l16_h8_qlast 694 0.9081629834465936
s0_l16_h8_qlast 695 0.9061485073933991
s0_l16_h8_qlast 696 0.9019242634286374
s0_l16_h8_qlast 697 0.9093643680971581
s0_l16_h8_qlast 698 0.9109704791877778
s0_l16_h8_qlast 699 0.9125729282201395
s0_l16_h8_qlast 700 0.9070479335377141
s0_l16_h8_qlast 701 0.9095245607935464
s0_l16_h8_qlast 702 0.9090620196352988
s0_l16_h8_qlast 703 0.9057472167637157
s0_l16_h8_qlast 704 0.9052847490635362
s0_l16_h8_qlast 705 0.9059769361443945
s0_l16_h8_qlast 706 0.9018460446214621
s0_l16_h8_qlast 707 0.9074768049454591
s0_l16_h8_qlast 708 0.9030426287380661
s0_l16_h8_qlast 709 0.9085571611358318
s0_l16_h8_qlast 710 0.9123039536921582
s0_l16_h8_qlast 711 0.9117575657807968
s0_l16_h8_qlast 874 0.9080581124475099
s0_l16_h8_qlast 875 0.9095522593839136
s0_l16_h8_qlast 876 0.9069821698159847
s0_l16_h8_qlast 877 0.9115160279550103
s0_l16_h8_qlast 878 0.9088145758882589
s0_l16_h8_qlast 892 0.9094083136085167
s1_l16_h8_qlast 62 1.0347878038512797
s1_l16_h8_qlast 64 1.041069822616092
s1_l16_h8_qlast 65 1.0393792290838477
s1_l16_h8_qlast 66 1.0360148038955892
s1_l16_h8_qlast 67 1.0397623397743287
s1_l16_h8_qlast 68 1.0315458461290374
s1_l16_h8_qlast 70 1.0425318792185863
s1_l16_h8_qlast 71 1.0393624315197072
s1_l16_h8_qlast 75 1.031794235361634
s1_l16_h8_qlast 76 1.0381170435469935
s1_l16_h8_qlast 77 1.0400991155501371
s1_l16_h8_qlast 78 1.0378418035754955
s1_l16_h8_qlast 81 1.035948274377998
s1_l16_h8_qlast 82 1.0411004136311186
s1_l16_h8_qlast 83 1.0364102985199266
s1_l16_h8_qlast 84 1.0308661542790518
s1_l16_h8_qlast 85 1.0387072415747256
s1_l16_h8_qlast 89 1.0406509742990073
s1_l16_h8_qlast 90 1.043097840735837
s1_l16_h8_qlast 91 1.0372797462544192
s1_l16_h8_qlast 92 1.0384482819830405
s1_l16_h8_qlast 93 1.0403377765786983
s1_l16_h8_qlast 94 1.032680056350893
s1_l16_h8_qlast 95 1.0368295405536296
s1_l16_h8_qlast 97 1.040653505984334
s1_l16_h8_qlast 98 1.0313121135814898
s1_l16_h8_qlast 112 1.032376838297668
s1_l16_h8_qlast 113 1.0329503600673475
s1_l16_h8_qlast 115 1.034343438185963
s1_l16_h8_qlast 116 1.0405994066049145
s1_l16_h8_qlast 117 1.0408102088662086
s1_l16_h8_qlast 123 1.0387385978842345
s1_l16_h8_qlast 124 1.0355442937513792
s1_l16_h8_qlast 125 1.0418083976308645
s1_l16_h8_qlast 126 1.0369823480961549
s1_l16_h8_qlast 127 1.0356933425236177
s1_l16_h8_qlast 128 1.0352374425340465
s1_l16_h8_qlast 129 1.0400391660540746
s1_l16_h8_qlast 130 1.0346911382022717
s1_l16_h8_qlast 131 1.031798493103865
s1_l16_h8_qlast 132 1.032421801925838
s1_l16_h8_qlast 133 1.038807252423298
s1_l16_h8_qlast 137 1.0375910003270044
s1_l16_h8_qlast 138 1.0347097594970942
s1_l16_h8_qlast 139 1.0341140796570636
s1_l16_h8_qlast 140 1.0359690644757145
s1_l16_h8_qlast 141 1.0335305903797483
s1_l16_h8_qlast 142 1.037094080439684
s1_l16_h8_qlast 143 1.034166254316171
s1_l16_h8_qlast 156 1.0369452582963277
s1_l16_h8_qlast 290 1.0311358634379841
s1_l16_h8_qlast 291 1.0375685539501402
s1_l16_h8_qlast 293 1.0313861628164886
s1_l16_h8_qlast 294 1.03727813909923
s1_l16_h8_qlast 295 1.030300857578616
s1_l16_h8_qlast 296 1.0366745489578038
s1_l16_h8_qlast 298 1.0322534565368022
s1_l16_h8_qlast 299 1.036517745567835
s1_l16_h8_qlast 300 1.0370891212382545
s1_l16_h8_qlast 302 1.04110491162547
s1_l16_h8_qlast 304 1.0404214163863799
s1_l16_h8_qlast 305 1.0398309183854673
s1_l16_h8_qlast 306 1.0356702969861957
s1_l16_h8_qlast 307 1.0334007222012256
s1_l16_h8_qlast 308 1.0341690306086093
s1_l16_h8_qlast 309 1.039909666182542
s1_l16_h8_qlast 310 1.0358120794632917
s1_l16_h8_qlast 311 1.0403924971502752
s1_l16_h8_qlast 312 1.0314328022743047
s1_l16_h8_qlast 313 1.038497418739346
s1_l16_h8_qlast 314 1.0295602037162594
s1_l16_h8_qlast 315 1.0372305601135436
s1_l16_h8_qlast 316 1.0330671437246068
s1_l16_h8_qlast 317 1.0386579787492254
s1_l16_h8_qlast 318 1.0394230447511126
s1_l16_h8_qlast 319 1.0366495871269514
s1_l16_h8_qlast 320 1.0363949029918083
s1_l16_h8_qlast 321 1.03321563326542
s1_l16_h8_qlast 322 1.0355571216522632
s1_l16_h8_qlast 323 1.039236475204234
s1_l16_h8_qlast 324 1.02893335501457
s1_l16_h8_qlast 325 1.0315878448957598
s1_l16_h8_qlast 326 1.0348882044292458
s1_l16_h8_qlast 327 1.037040231218932
s1_l16_h8_qlast 328 1.0390978054056177
s1_l16_h8_qlast 329 1.0373992457753047
s1_l16_h8_qlast 330 1.0318640978181397
s1_l16_h8_qlast 331 1.0335336964754704
s1_l16_h8_qlast 332 1.0386681807933862
s1_l16_h8_qlast 334 1.039009040515256
s1_l16_h8_qlast 335 1.0329097432616188
s1_l16_h8_qlast 336 1.0324219316422718
s1_l16_h8_qlast 337 1.0361677134682064
s1_l16_h8_qlast 338 1.0339569892451188
s1_l16_h8_qlast 339 1.032501014543496
s1_l16_h8_qlast 340 1.037417114537675
s1_l16_h8_qlast 341 1.03227218626919
s1_l16_h8_qlast 342 1.0356437655216062
s1_l16_h8_qlast 343 1.038351597425803
s1_l16_h8_qlast 344 1.0372638573879323
s1_l16_h8_qlast 345 1.0410065877341284
s1_l16_h8_qlast 346 1.034630933035673
s1_l16_h8_qlast 347 1.0370215333856654
s1_l16_h8_qlast 348 1.0315311235873112
s1_l16_h8_qlast 349 1.0307229155111022
s1_l16_h8_qlast 350 1.0412486423989653
s1_l16_h8_qlast 351 1.0359070665581385
s1_l16_h8_qlast 352 1.0339565906311194
s1_l16_h8_qlast 353 1.0378359789736515
s1_l16_h8_qlast 354 1.0320086434353883
s1_l16_h8_qlast 355 1.0337783431565517
s1_l16_h8_qlast 356 1.0383822241022822
s1_l16_h8_qlast 357 1.0402505423487376
s1_l16_h8_qlast 358 1.0382230395982994
s1_l16_h8_qlast 359 1.036145770629942
s1_l16_h8_qlast 360 1.0384208134584532
s1_l16_h8_qlast 361 1.0377152089032196
s1_l16_h8_qlast 362 1.036485953294852
s1_l16_h8_qlast 363 1.0344653498627436
s1_l16_h8_qlast 364 1.035114962111534
s1_l16_h8_qlast 365 1.0318041373023086
s1_l16_h8_qlast 366 1.0387476409450755
s1_l16_h8_qlast 367 1.033594339887548
s1_l16_h8_qlast 368 1.034098546941426
s1_l16_h8_qlast 369 1.0360151699463709
s1_l16_h8_qlast 370 1.0346042862193743
s1_l16_h8_qlast 371 1.0360777537240542
s1_l16_h8_qlast 372 1.041091321149989
s1_l16_h8_qlast 373 1.0319783799416407
s1_l16_h8_qlast 374 1.030246878098379
s1_l16_h8_qlast 375 1.041041273085284
s1_l16_h8_qlast 376 1.0356967729947593
s1_l16_h8_qlast 377 1.0326345702064414
s1_l16_h8_qlast 378 1.03498477769079
s1_l16_h8_qlast 379 1.0289781575907413
s1_l16_h8_qlast 380 1.0431500639917266
s1_l16_h8_qlast 381 1.0329927422347034
s1_l16_h8_qlast 382 1.0384752765014789
s1_l16_h8_qlast 383 1.0366546649033395
s1_l16_h8_qlast 384 1.0360195919334232
s1_l16_h8_qlast 385 1.038809728292108
s1_l16_h8_qlast 386 1.034050032552014
s1_l16_h8_qlast 387 1.0398888978114966
s1_l16_h8_qlast 388 1.0327025391928724
s1_l16_h8_qlast 389 1.0278868702139747
s1_l16_h8_qlast 390 1.0372481223431267
s1_l16_h8_qlast 391 1.0370632522588659
s1_l16_h8_qlast 392 1.0370865407563874
s1_l16_h8_qlast 393 1.0318518150505207
s1_l16_h8_qlast 394 1.0329716005084761
s1_l16_h8_qlast 395 1.0355785761897673
s1_l16_h8_qlast 396 1.0324063427092782
s1_l16_h8_qlast 397 1.0357772253509294
s1_l16_h8_qlast 398 1.034983149113197
s1_l16_h8_qlast 399 1.0327958744482286
s1_l16_h8_qlast 400 1.0376620747807797
s1_l16_h8_qlast 401 1.035607263045015
s1_l16_h8_qlast 402 1.0335559786505077
s1_l16_h8_qlast 403 1.0374877826398006
s1_l16_h8_qlast 404 1.0359540483775411
s1_l16_h8_qlast 405 1.0341247689052993
s1_l16_h8_qlast 406 1.035933486437319
s1_l16_h8_qlast 407 1.0326456799779076
s1_l16_h8_qlast 408 1.0396251828503658
s1_l16_h8_qlast 409 1.040171901834335
s1_l16_h8_qlast 410 1.0368666851288502
s1_l16_h8_qlast 411 1.0357178119970327
s1_l16_h8_qlast 412 1.0364898756504937
s1_l16_h8_qlast 413 1.0356873734563123
s1_l16_h8_qlast 414 1.0349675920098724
s1_l16_h8_qlast 415 1.0308105313028633
s1_l16_h8_qlast 416 1.0375198834530734
s1_l16_h8_qlast 417 1.0357484261714325
s1_l16_h8_qlast 418 1.034785048745107
s1_l16_h8_qlast 420 1.0401131213597679
s1_l16_h8_qlast 421 1.0363822859494989
s1_l16_h8_qlast 422 1.039155454102332
s1_l16_h8_qlast 423 1.0346737391208245
s1_l16_h8_qlast 424 1.0403047598440687
s1_l16_h8_qlast 425 1.0321973460853437
s1_l16_h8_qlast 426 1.0317666758115096
s1_l16_h8_qlast 427 1.0373894039988623
s1_l16_h8_qlast 428 1.0376198729010702
s1_l16_h8_qlast 429 1.0319029603269883
s1_l16_h8_qlast 430 1.0325669937274968
s1_l16_h8_qlast 431 1.0369665595446185
s1_l16_h8_qlast 432 1.0340561263080665
s1_l16_h8_qlast 433 1.0341784289286642
s1_l16_h8_qlast 434 1.033390013503694
s1_l16_h8_qlast 435 1.0345223525390876
s1_l16_h8_qlast 436 1.0366604286841308
s1_l16_h8_qlast 437 1.0384503756041257
s1_l16_h8_qlast 438 1.0386268502585485
s1_l16_h8_qlast 446 1.0294209023625378
s1_l16_h8_qlast 447 1.0374114524985834
s1_l16_h8_qlast 448 1.0349677341013872
s1_l16_h8_qlast 453 1.0349100992700022
s1_l16_h8_qlast 460 1.0354990825117882
s1_l16_h8_qlast 461 1.037330917848687
s1_l16_h8_qlast 462 1.0350876182505586
s1_l16_h8_qlast 463 1.0365915040787181
s1_l16_h8_qlast 464 1.0320441427545368
s1_l16_h8_qlast 465 1.035237870242616
s1_l16_h8_qlast 474 1.0356214405976722
s1_l16_h8_qlast 477 1.0377398501454578
s1_l16_h8_qlast 478 1.0365560182544868
s1_l16_h8_qlast 479 1.0386877217057522
s1_l16_h8_qlast 480 1.0320390936679111
s1_l16_h8_qlast 481 1.0340426395606217
s1_l16_h8_qlast 522 1.03690200699996
s1_l16_h8_qlast 527 1.0331178085160155
s1_l16_h8_qlast 528 1.037065525356659
s1_l16_h8_qlast 536 1.034537066362232
s1_l16_h8_qlast 537 1.0384971000312362
s1_l16_h8_qlast 538 1.0376872860559325
s1_l16_h8_qlast 539 1.0360979022800827
s1_l16_h8_qlast 540 1.0393395316416651
s1_l16_h8_qlast 541 1.043174476354166
s1_l16_h8_qlast 542 1.0299723105708836
s1_l16_h8_qlast 554 1.03306355257254
s1_l16_h8_qlast 568 1.0359160767706768
s1_l16_h8_qlast 569 1.0348687126309166
s1_l16_h8_qlast 571 1.0260224295171527
s1_l16_h8_qlast 572 1.036139878038243
s1_l16_h8_qlast 575 1.036600143970149
s1_l16_h8_qlast 581 1.0378335056600256
s1_l16_h8_qlast 582 1.0326929855761013
s1_l16_h8_qlast 583 1.0356976922180778
s1_l16_h8_qlast 584 1.03298836711937
s1_l16_h8_qlast 585 1.0397569429022206
s1_l16_h8_qlast 586 1.0380985744288245
s1_l16_h8_qlast 587 1.0347370649714405
s1_l16_h8_qlast 588 1.031790583525435
s1_l16_h8_qlast 589 1.036656244698282
s1_l16_h8_qlast 590 1.0386432623054134
s1_l16_h8_qlast 591 1.033357922589692
s1_l16_h8_qlast 592 1.038245290331278
s1_l16_h8_qlast 593 1.0315316638231955
s1_l16_h8_qlast 594 1.0371698508699245
s1_l16_h8_qlast 595 1.0376190601527924
s1_l16_h8_qlast 596 1.0341796376729193
s1_l16_h8_qlast 597 1.0381465931753733
s1_l16_h8_qlast 598 1.036094430417341
s1_l16_h8_qlast 599 1.0345634215601338
s1_l16_h8_qlast 600 1.0330915731332921
s1_l16_h8_qlast 601 1.0417381975593427
s1_l16_h8_qlast 602 1.0375113258791813
s1_l16_h8_qlast 603 1.0364174276473932
s1_l16_h8_qlast 604 1.0342028525033542
s1_l16_h8_qlast 605 1.0398767558574697
s1_l16_h8_qlast 606 1.034308291872466
s1_l16_h8_qlast 607 1.0346935936765724
s1_l16_h8_qlast 608 1.0359723005319459
s1_l16_h8_qlast 609 1.0372315104468726
s1_l16_h8_qlast 610 1.0288648663799078
s1_l16_h8_qlast 611 1.038861989313525
s1_l16_h8_qlast 612 1.0409000572028824
s1_l16_h8_qlast 613 1.0370960046037163
s1_l16_h8_qlast 614 1.0416736408382845
s1_l16_h8_qlast 615 1.0353453428000317
s1_l16_h8_qlast 616 1.0354569763056298
s1_l16_h8_qlast 617 1.0405566577021752
s1_l16_h8_qlast 618 1.0318650071924573
s1_l16_h8_qlast 619 1.0370923424263971
s1_l16_h8_qlast 620 1.0387142874850808
s1_l16_h8_qlast 621 1.0381688172849615
s1_l16_h8_qlast 622 1.0358655967006185
s1_l16_h8_qlast 623 1.035281490681386
s1_l16_h8_qlast 624 1.037967058603747
s1_l16_h8_qlast 625 1.0363358002730159
s1_l16_h8_qlast 626 1.0375708176176308
s1_l16_h8_qlast 627 1.0376431083158506
s1_l16_h8_qlast 628 1.0354362311839147
s1_l16_h8_qlast 629 1.0354954971077281
s1_l16_h8_qlast 630 1.0344356245980386
s1_l16_h8_qlast 631 1.0365853636798088
s1_l16_h8_qlast 632 1.0386081428547518
s1_l16_h8_qlast 633 1.0315659754467725
s1_l16_h8_qlast 634 1.0327146993090124
s1_l16_h8_qlast 635 1.0347304900893837
s1_l16_h8_qlast 636 1.032396233361479
s1_l16_h8_qlast 637 1.0415665942167502
s1_l16_h8_qlast 638 1.0434427968641764
s1_l16_h8_qlast 639 1.039585272778905
s1_l16_h8_qlast 640 1.0390988976750206
s1_l16_h8_qlast 641 1.0342312374718445
s1_l16_h8_qlast 642 1.0324869580191178
s1_l16_h8_qlast 643 1.0368729417334015
s1_l16_h8_qlast 644 1.0336810761033453
s1_l16_h8_qlast 645 1.0385145161430542
s1_l16_h8_qlast 646 1.0380863180471351
s1_l16_h8_qlast 647 1.0355452173019082
s1_l16_h8_qlast 648 1.0372990879034412
s1_l16_h8_qlast 649 1.0371224332457958
s1_l16_h8_qlast 650 1.035910095578319
s1_l16_h8_qlast 651 1.0286060140907383
s1_l16_h8_qlast 652 1.034875693127767
s1_l16_h8_qlast 653 1.0339066563584227
s1_l16_h8_qlast 654 1.0299907112282447
s1_l16_h8_qlast 655 1.0333864859395279
s1_l16_h8_qlast 656 1.0374904332202277
s1_l16_h8_qlast 657 1.0387680045499688
s1_l16_h8_qlast 658 1.0360702071815135
s1_l16_h8_qlast 659 1.0342693844034907
s1_l16_h8_qlast 660 1.034515060098122
s1_l16_h8_qlast 661 1.0331754235257078
s1_l16_h8_qlast 662 1.0358244099638383
s1_l16_h8_qlast 663 1.0399510711233069
s1_l16_h8_qlast 664 1.0370715488719393
s1_l16_h8_qlast 665 1.0374375940498959
s1_l16_h8_qlast 666 1.0328355179266178
s1_l16_h8_qlast 667 1.0372400323275626
s1_l16_h8_qlast 668 1.040044584832768
s1_l16_h8_qlast 669 1.035834930907268
s1_l16_h8_qlast 670 1.0373581048049594
s1_l16_h8_qlast 671 1.0351310945883265
s1_l16_h8_qlast 673 1.0329379213058432
s1_l16_h8_qlast 674 1.0368458933927203
s1_l16_h8_qlast 675 1.037865211381524
s1_l16_h8_qlast 676 1.0369583309352906
s1_l16_h8_qlast 677 1.035788610944027
s1_l16_h8_qlast 678 1.0364273134473478
s1_l16_h8_qlast 679 1.03601944715245
s1_l16_h8_qlast 684 1.0291139220974979
s1_l16_h8_qlast 685 1.0364365680857603
s1_l16_h8_qlast 688 1.0370431541893843
s1_l16_h8_qlast 689 1.0350178845851175
s1_l16_h8_qlast 690 1.03709347600075
s1_l16_h8_qlast 691 1.0351500849653597
s1_l16_h8_qlast 692 1.0367765798000619
s1_l16_h8_qlast 693 1.0354552960766754
s1_l16_h8_qlast 694 1.0358868669440695
s1_l16_h8_qlast 695 1.0426774401064243
s1_l16_h8_qlast 696 1.0317175493176116
s1_l16_h8_qlast 697 1.0384445896025598
s1_l16_h8_qlast 699 1.0421773527897047
s1_l16_h8_qlast 701 1.0379305365482154
s1_l16_h8_qlast 702 1.0366792118253547
s1_l16_h8_qlast 703 1.031446902314201
s1_l16_h8_qlast 704 1.0401518104660104
s1_l16_h8_qlast 705 1.033736733818924
s1_l16_h8_qlast 706 1.0383562292250148
s1_l16_h8_qlast 707 1.0333245289988222
s1_l16_h8_qlast 708 1.0412961264849978
s1_l16_h8_qlast 709 1.0390092473680852
s1_l16_h8_qlast 710 1.0344802957829828
s1_l16_h8_qlast 711 1.0378685121163884
s1_l16_h8_qlast 717 1.038683458540287
s1_l16_h8_qlast 875 1.0356118918147827
s1_l16_h8_qlast 876 1.0358546142392284
s1_l16_h8_qlast 877 1.0322005915685706
s1_l16_h8_qlast 878 1.040903665113464
s1_l16_h8_qlast 884 1.0380185175791583
s1_l16_h8_qlast 892 1.0385318888246813
s1_l16_h8_qlast 919 1.0376051526770673
s1_l16_h8_qlast 924 1.029544788555623
s1_l16_h8_qlast 925 1.038055500434976
s2_l16_h8_qlast 62 0.970644691103524
s2_l16_h8_qlast 63 0.9722708902562246
s2_l16_h8_qlast 64 0.9736575252050228
s2_l16_h8_qlast 65 0.971996110589029
s2_l16_h8_qlast 66 0.9710136337418686
s2_l16_h8_qlast 67 0.9701039281996935
s2_l16_h8_qlast 68 0.9674318442978945
s2_l16_h8_qlast 69 0.9648206883920418
s2_l16_h8_qlast 70 0.9699354288198887
s2_l16_h8_qlast 71 0.9672529547280743
s2_l16_h8_qlast 74 0.9719379077662444
s2_l16_h8_qlast 75 0.968286688788794
s2_l16_h8_qlast 76 0.9674899265871653
s2_l16_h8_qlast 77 0.9743260092455832
s2_l16_h8_qlast 78 0.9688924861203352
s2_l16_h8_qlast 79 0.9739373013580916
s2_l16_h8_qlast 80 0.9681963971425399
s2_l16_h8_qlast 81 0.9699580379299158
s2_l16_h8_qlast 82 0.9639795776877834
s2_l16_h8_qlast 85 0.9672310921741882
s2_l16_h8_qlast 86 0.9740631601085433
s2_l16_h8_qlast 88 0.9704833610464304
s2_l16_h8_qlast 89 0.9727490897417547
s2_l16_h8_qlast 90 0.9675832635525454
s2_l16_h8_qlast 91 0.9716416840735627
s2_l16_h8_qlast 92 0.9694795655101954
s2_l16_h8_qlast 93 0.9686926427782868
s2_l16_h8_qlast 94 0.9690737780834561
s2_l16_h8_qlast 95 0.9720829021006419
s2_l16_h8_qlast 96 0.9699806051311929
s2_l16_h8_qlast 97 0.9723907679497068
s2_l16_h8_qlast 98 0.9672667240190908
s2_l16_h8_qlast 99 0.975017891404844
s2_l16_h8_qlast 110 0.9727174284076012
s2_l16_h8_qlast 111 0.9711153754377799
s2_l16_h8_qlast 113 0.9697447767983632
s2_l16_h8_qlast 115 0.9703381744176639
s2_l16_h8_qlast 116 0.9694913204653667
s2_l16_h8_qlast 117 0.9716822583661844
s2_l16_h8_qlast 123 0.9690557174219162
s2_l16_h8_qlast 124 0.9733903415770712
s2_l16_h8_qlast 125 0.972193449738705
s2_l16_h8_qlast 126 0.9722196356918797
s2_l16_h8_qlast 127 0.9725760726854021
s2_l16_h8_qlast 128 0.9678739617911082
s2_l16_h8_qlast 129 0.9687738284333854
s2_l16_h8_qlast 130 0.9723637519208225
s2_l16_h8_qlast 131 0.9694382748857606
s2_l16_h8_qlast 132 0.9726470209233843
s2_l16_h8_qlast 133 0.9680559496651098
s2_l16_h8_qlast 138 0.9734699512720046
s2_l16_h8_qlast 139 0.9667139465416671
s2_l16_h8_qlast 140 0.9662896601772732
s2_l16_h8_qlast 141 0.9666417544664766
s2_l16_h8_qlast 142 0.9693820609674347
s2_l16_h8_qlast 156 0.9696084228237037
s2_l16_h8_qlast 157 0.9727233159953214
s2_l16_h8_qlast 248 0.9709753230486776
s2_l16_h8_qlast 249 0.9731009332608664
s2_l16_h8_qlast 264 0.972265240964541
s2_l16_h8_qlast 266 0.9725563196973924
s2_l16_h8_qlast 278 0.9696888139327424
s2_l16_h8_qlast 279 0.9666598224752019
s2_l16_h8_qlast 280 0.9681123736579473
s2_l16_h8_qlast 281 0.9712631742448522
s2_l16_h8_qlast 289 0.9661377896631357
s2_l16_h8_qlast 290 0.9734410254375114
s2_l16_h8_qlast 291 0.9653715094893031
s2_l16_h8_qlast 292 0.9697048827174034
s2_l16_h8_qlast 293 0.9702413564112871
s2_l16_h8_qlast 294 0.9704459156093531
s2_l16_h8_qlast 295 0.9702841040370435
s2_l16_h8_qlast 296 0.9736584514014938
s2_l16_h8_qlast 297 0.9677210714756879
s2_l16_h8_qlast 298 0.9696985236430344
s2_l16_h8_qlast 299 0.9733186905604702
s2_l16_h8_qlast 300 0.9744127775775269
s2_l16_h8_qlast 301 0.969623317469469
s2_l16_h8_qlast 302 0.9691574537711475
s2_l16_h8_qlast 303 0.9691200579622282
s2_l16_h8_qlast 304 0.9694831331557667
s2_l16_h8_qlast 305 0.9693887029172498
s2_l16_h8_qlast 306 0.9744161892564367
s2_l16_h8_qlast 307 0.970969220846248
s2_l16_h8_qlast 308 0.9687967537741459
s2_l16_h8_qlast 309 0.9701298494037474
s2_l16_h8_qlast 310 0.9679229126509439
s2_l16_h8_qlast 311 0.9701521015591233
s2_l16_h8_qlast 312 0.9716718312357491
s2_l16_h8_qlast 313 0.971936905343012
s2_l16_h8_qlast 314 0.9713559746658
s2_l16_h8_qlast 315 0.9712891199106755
s2_l16_h8_qlast 316 0.9728909741855827
s2_l16_h8_qlast 317 0.970721933822221
s2_l16_h8_qlast 318 0.9730968268804167
s2_l16_h8_qlast 319 0.9719532939443046
s2_l16_h8_qlast 320 0.9724073932915129
s2_l16_h8_qlast 321 0.9702331967924501
s2_l16_h8_qlast 322 0.9630989627514378
s2_l16_h8_qlast 323 0.9743541844815665
s2_l16_h8_qlast 324 0.9722750380460639
s2_l16_h8_qlast 325 0.9730260137171411
s2_l16_h8_qlast 326 0.9733813025867628
s2_l16_h8_qlast 327 0.9763047282544185
s2_l16_h8_qlast 328 0.9681794717793022
s2_l16_h8_qlast 329 0.9659876273362897
s2_l16_h8_qlast 330 0.9718786850012533
s2_l16_h8_qlast 331 0.9719902893634035
s2_l16_h8_qlast 332 0.9720085514808919
s2_l16_h8_qlast 333 0.9669912507149427
s2_l16_h8_qlast 334 0.9677491266514775
s2_l16_h8_qlast 335 0.9671652749208366
s2_l16_h8_qlast 336 0.9669810612747249
s2_l16_h8_qlast 337 0.9720038523396637
s2_l16_h8_qlast 338 0.9710614029938466
s2_l16_h8_qlast 339 0.9665778714605902
s2_l16_h8_qlast 340 0.9702902813618206
s2_l16_h8_qlast 341 0.9687363068116707
s2_l16_h8_qlast 342 0.9669434230140483
s2_l16_h8_qlast 343 0.9719890193358113
s2_l16_h8_qlast 344 0.9689457571780382
s2_l16_h8_qlast 345 0.9704222855492078
s2_l16_h8_qlast 346 0.9734060390397453
s2_l16_h8_qlast 347 0.9704330615564495
s2_l16_h8_qlast 348 0.9718808557066184
s2_l16_h8_qlast 349 0.9719709878485637
s2_l16_h8_qlast 350 0.9712535520827116
s2_l16_h8_qlast 351 0.9723590236466598
s2_l16_h8_qlast 352 0.9715319832351892
s2_l16_h8_qlast 353 0.9694329217278497
s2_l16_h8_qlast 354 0.969215718780393
s2_l16_h8_qlast 355 0.9717500916794004
s2_l16_h8_qlast 356 0.9720059629969335
s2_l16_h8_qlast 357 0.9724939483651389
s2_l16_h8_qlast 358 0.969207313623261
s2_l16_h8_qlast 359 0.9697938914997442
s2_l16_h8_qlast 360 0.9693854220355493
s2_l16_h8_qlast 361 0.971841052489349
s2_l16_h8_qlast 362 0.9720657329346164
s2_l16_h8_qlast 363 0.9720084175335758
s2_l16_h8_qlast 364 0.9724905562616186
s2_l16_h8_qlast 365 0.9702770838255099
s2_l16_h8_qlast 366 0.9630391496152457
s2_l16_h8_qlast 367 0.9732437044195218
s2_l16_h8_qlast 368 0.9724255875932469
s2_l16_h8_qlast 369 0.9733529709927481
s2_l16_h8_qlast 370 0.9739901356569087
s2_l16_h8_qlast 371 0.9672597910095263
s2_l16_h8_qlast 372 0.9736997909441063
s2_l16_h8_qlast 373 0.9690881010779107
s2_l16_h8_qlast 374 0.9721540647105461
s2_l16_h8_qlast 375 0.9743292934765219
s2_l16_h8_qlast 376 0.9668198759555755
s2_l16_h8_qlast 377 0.9683427934138117
s2_l16_h8_qlast 378 0.9688282094085527
s2_l16_h8_qlast 379 0.9707595538041603
s2_l16_h8_qlast 382 0.9713910912955486
s2_l16_h8_qlast 383 0.9688681619522149
s2_l16_h8_qlast 384 0.9746557510761226
s2_l16_h8_qlast 386 0.969619701281006
s2_l16_h8_qlast 387 0.9748405488093053
s2_l16_h8_qlast 388 0.9700236331761851
s2_l16_h8_qlast 400 0.9712555130153258
s2_l16_h8_qlast 401 0.9705124690540528
s2_l16_h8_qlast 402 0.9729726508935288
s2_l16_h8_qlast 403 0.9709534170397092
s2_l16_h8_qlast 404 0.9724949743678352
s2_l16_h8_qlast 405 0.9737057277647851
s2_l16_h8_qlast 406 0.9759002317977751
s2_l16_h8_qlast 408 0.9743567005230274
s2_l16_h8_qlast 411 0.9727330697220934
s2_l16_h8_qlast 412 0.9734892059695037
s2_l16_h8_qlast 413 0.9719424212372886
s2_l16_h8_qlast 414 0.969010073388314
s2_l16_h8_qlast 417 0.9720762151769841
s2_l16_h8_qlast 418 0.9657455219153475
s2_l16_h8_qlast 419 0.9674050403233483
s2_l16_h8_qlast 420 0.9733589405904671
s2_l16_h8_qlast 421 0.9675204998493427
s2_l16_h8_qlast 422 0.9719172457752345
s2_l16_h8_qlast 423 0.9673308539035803
s2_l16_h8_qlast 424 0.971132286985123
s2_l16_h8_qlast 426 0.9728400508603571
s2_l16_h8_qlast 427 0.969426837834793
s2_l16_h8_qlast 428 0.9716256742678141
s2_l16_h8_qlast 429 0.9696184575640425
s2_l16_h8_qlast 430 0.9716544545471583
s2_l16_h8_qlast 431 0.9707720368245837
s2_l16_h8_qlast 432 0.9690573562517162
s2_l16_h8_qlast 433 0.9740263820092782
s2_l16_h8_qlast 434 0.9660421583103016
s2_l16_h8_qlast 436 0.9729121723196984
s2_l16_h8_qlast 445 0.9689049267816652
s2_l16_h8_qlast 447 0.9727449476669886
s2_l16_h8_qlast 448 0.9729810331995586
s2_l16_h8_qlast 454 0.972844003468421
s2_l16_h8_qlast 455 0.9644154684754443
s2_l16_h8_qlast 460 0.9699397424586718
s2_l16_h8_qlast 461 0.9697603244551972
s2_l16_h8_qlast 462 0.9733097076907717
s2_l16_h8_qlast 463 0.965625108988637
s2_l16_h8_qlast 464 0.9680588104973523
s2_l16_h8_qlast 475 0.9676115933214436
s2_l16_h8_qlast 476 0.9749544618259135
s2_l16_h8_qlast 477 0.9700883221896794
s2_l16_h8_qlast 478 0.9718864560556156
s2_l16_h8_qlast 479 0.9724819970816545
s2_l16_h8_qlast 480 0.9687189806381388
s2_l16_h8_qlast 481 0.9679953454477456
s2_l16_h8_qlast 495 0.9694192923236283
s2_l16_h8_qlast 521 0.9714023168757864
s2_l16_h8_qlast 522 0.9723056278269627
s2_l16_h8_qlast 524 0.973003233071435
s2_l16_h8_qlast 526 0.9693009151608414
s2_l16_h8_qlast 527 0.9705788210397402
s2_l16_h8_qlast 528 0.9710409718590152
s2_l16_h8_qlast 530 0.9690445698146696
s2_l16_h8_qlast 535 0.9744927408985524
s2_l16_h8_qlast 536 0.9743747952888953
s2_l16_h8_qlast 537 0.9701099448008647
s2_l16_h8_qlast 538 0.9744325943871732
s2_l16_h8_qlast 539 0.9744204105334479
s2_l16_h8_qlast 540 0.9723229847770295
s2_l16_h8_qlast 541 0.9677839635803952
s2_l16_h8_qlast 542 0.9687464807855002
s2_l16_h8_qlast 543 0.9696184095028959
s2_l16_h8_qlast 545 0.9673149529239469
s2_l16_h8_qlast 552 0.9710797925194798
s2_l16_h8_qlast 553 0.9723307375266144
s2_l16_h8_qlast 554 0.9736507459310815
s2_l16_h8_qlast 555 0.9702516892751814
s2_l16_h8_qlast 556 0.9698883114332076
s2_l16_h8_qlast 557 0.9740705224348379
s2_l16_h8_qlast 562 0.9714228411566613
s2_l16_h8_qlast 563 0.9728955895935589
s2_l16_h8_qlast 566 0.9724352841233332
s2_l16_h8_qlast 567 0.9683340144325293
s2_l16_h8_qlast 568 0.9709439120947776
s2_l16_h8_qlast 569 0.9734089219801765
s2_l16_h8_qlast 570 0.9701881588154816
s2_l16_h8_qlast 571 0.9684645142000303
s2_l16_h8_qlast 572 0.9726396058019753
s2_l16_h8_qlast 573 0.9612828023635206
s2_l16_h8_qlast 575 0.9712210997531656
s2_l16_h8_qlast 576 0.9713392348900303
s2_l16_h8_qlast 577 0.9717742769563827
s2_l16_h8_qlast 578 0.9676515465911698
s2_l16_h8_qlast 579 0.9741366430443075
s2_l16_h8_qlast 580 0.9700436645928819
s2_l16_h8_qlast 581 0.9728560470324928
s2_l16_h8_qlast 582 0.9644102461515056
s2_l16_h8_qlast 583 0.9697678997112426
s2_l16_h8_qlast 584 0.9702939093166558
s2_l16_h8_qlast 585 0.9715406263084764
s2_l16_h8_qlast 586 0.9679954235991892
s2_l16_h8_qlast 587 0.9721327276653794
s2_l16_h8_qlast 588 0.9697087944920273
s2_l16_h8_qlast 589 0.9727816102447258
s2_l16_h8_qlast 590 0.9712590641590252
s2_l16_h8_qlast 591 0.9703183589184559
s2_l16_h8_qlast 592 0.9728416721397815
s2_l16_h8_qlast 593 0.9651988925263715
s2_l16_h8_qlast 594 0.9717135002122775
s2_l16_h8_qlast 595 0.9685509720997958
s2_l16_h8_qlast 596 0.9699283090142815
s2_l16_h8_qlast 597 0.9738856495348859
s2_l16_h8_qlast 598 0.9743251629490834
s2_l16_h8_qlast 599 0.9663579739939642
s2_l16_h8_qlast 600 0.9747648670278355
s2_l16_h8_qlast 601 0.9730194743943253
s2_l16_h8_qlast 602 0.9737972555656023
s2_l16_h8_qlast 603 0.9694679075496664
s2_l16_h8_qlast 604 0.967132074342532
s2_l16_h8_qlast 605 0.9732775179834693
s2_l16_h8_qlast 606 0.9715237379423343
s2_l16_h8_qlast 607 0.9720790826288163
s2_l16_h8_qlast 608 0.9705087327456567
s2_l16_h8_qlast 609 0.9728214386467651
s2_l16_h8_qlast 610 0.9715629991214404
s2_l16_h8_qlast 611 0.9712182157856756
s2_l16_h8_qlast 612 0.9713420564665668
s2_l16_h8_qlast 614 0.9724751078496123
s2_l16_h8_qlast 615 0.9738315810804794
s2_l16_h8_qlast 616 0.9724302463069571
s2_l16_h8_qlast 617 0.9695128985507548
s2_l16_h8_qlast 618 0.9699679701114196
s2_l16_h8_qlast 619 0.9703281259809093
s2_l16_h8_qlast 620 0.9699985401484331
s2_l16_h8_qlast 623 0.9697200037633976
s2_l16_h8_qlast 624 0.9713545661476306
s2_l16_h8_qlast 625 0.9744389908078838
s2_l16_h8_qlast 626 0.9690785307098658
s2_l16_h8_qlast 627 0.9697397959963908
s2_l16_h8_qlast 628 0.966799894989603
s2_l16_h8_qlast 629 0.9732759170108597
s2_l16_h8_qlast 630 0.9694792867881724
s2_l16_h8_qlast 631 0.9731398321616181
s2_l16_h8_qlast 632 0.9757163516976441
s2_l16_h8_qlast 633 0.9691209304337941
s2_l16_h8_qlast 634 0.9693091659098986
s2_l16_h8_qlast 635 0.9732395817623719
s2_l16_h8_qlast 636 0.969519449548036
s2_l16_h8_qlast 637 0.9731253470527008
s2_l16_h8_qlast 638 0.9725274548591666
s2_l16_h8_qlast 639 0.9671235153609335
s2_l16_h8_qlast 640 0.9751294027457909
s2_l16_h8_qlast 641 0.9662915757967552
s2_l16_h8_qlast 642 0.9719910184388649
s2_l16_h8_qlast 643 0.973500101701479
s2_l16_h8_qlast 644 0.9706435941993014
s2_l16_h8_qlast 645 0.9707931245931448
s2_l16_h8_qlast 646 0.969369812139408
s2_l16_h8_qlast 647 0.9718038256404199
s2_l16_h8_qlast 648 0.9697139811507537
s2_l16_h8_qlast 649 0.97191492944579
s2_l16_h8_qlast 650 0.9708208190874613
s2_l16_h8_qlast 651 0.9675689084106125
s2_l16_h8_qlast 652 0.9733921388634419
s2_l16_h8_qlast 653 0.9689905296262097
s2_l16_h8_qlast 654 0.9721770013849508
s2_l16_h8_qlast 655 0.970725690561506
s2_l16_h8_qlast 656 0.9706269212114612
s2_l16_h8_qlast 657 0.9723465057736336
s2_l16_h8_qlast 658 0.9696077103121512
s2_l16_h8_qlast 659 0.9691869405988224
s2_l16_h8_qlast 660 0.9742535874201598
s2_l16_h8_qlast 661 0.9721954751853206
s2_l16_h8_qlast 662 0.9700897368112285
s2_l16_h8_qlast 663 0.9706951943999708
s2_l16_h8_qlast 664 0.9717335679344711
s2_l16_h8_qlast 665 0.9731924551888369
s2_l16_h8_qlast 667 0.9729168238325081
s2_l16_h8_qlast 668 0.9695542647294995
s2_l16_h8_qlast 670 0.9729529818853878
s2_l16_h8_qlast 676 0.9688933113525549
s2_l16_h8_qlast 677 0.9709725621880927
s2_l16_h8_qlast 678 0.9665086978953026
s2_l16_h8_qlast 691 0.9683721533043641
s2_l16_h8_qlast 692 0.9673868824274426
s2_l16_h8_qlast 693 0.9739134871649041
s2_l16_h8_qlast 694 0.971412979672957
s2_l16_h8_qlast 695 0.9744460632025852
s2_l16_h8_qlast 696 0.9745361677525676
s2_l16_h8_qlast 703 0.9719328075887844
s2_l16_h8_qlast 704 0.970000903806833
s2_l16_h8_qlast 705 0.9725698090784901
s2_l16_h8_qlast 706 0.9693765839443873
s2_l16_h8_qlast 707 0.9673683570826573
s2_l16_h8_qlast 708 0.9679755020394958
s2_l16_h8_qlast 709 0.9711367859854363
s2_l16_h8_qlast 860 0.9742354870081487
s2_l16_h8_qlast 874 0.9742195911584484
s2_l16_h8_qlast 875 0.9691957030361089
s2_l16_h8_qlast 876 0.9721336815595063
s2_l16_h8_qlast 877 0.9757745043101941
s2_l16_h8_qlast 878 0.9691442103511164
s2_l16_h8_qlast 892 0.9705778549059209
s3_l16_h8_qlast 62 0.8838401228682702
s3_l16_h8_qlast 63 0.8827808977604084
s3_l16_h8_qlast 64 0.8851967527313575
s3_l16_h8_qlast 65 0.8821991936956214
s3_l16_h8_qlast 66 0.8824466438320662
s3_l16_h8_qlast 67 0.8838358627476018
s3_l16_h8_qlast 68 0.8904521465064088
s3_l16_h8_qlast 69 0.8833826880390437
s3_l16_h8_qlast 70 0.8844024431907057
s3_l16_h8_qlast 71 0.8843647823776241
s3_l16_h8_qlast 75 0.8875883203566589
s3_l16_h8_qlast 76 0.8918082373550676
s3_l16_h8_qlast 77 0.879580593788935
s3_l16_h8_qlast 78 0.8810715826617334
s3_l16_h8_qlast 79 0.8860967336421661
s3_l16_h8_qlast 80 0.8856548081155204
s3_l16_h8_qlast 81 0.8836484498430142
s3_l16_h8_qlast 82 0.8824659749332472
s3_l16_h8_qlast 83 0.8824271179466067
s3_l16_h8_qlast 84 0.8839095543432784
s3_l16_h8_qlast 85 0.8876020730025821
s3_l16_h8_qlast 89 0.8803540032960498
s3_l16_h8_qlast 90 0.8814726419314913
s3_l16_h8_qlast 91 0.8910857493649115
s3_l16_h8_qlast 92 0.8840230295456039
s3_l16_h8_qlast 93 0.8872266924514215
s3_l16_h8_qlast 94 0.8874686778405081
s3_l16_h8_qlast 95 0.8873564804027985
s3_l16_h8_qlast 97 0.8843056360308669
s3_l16_h8_qlast 98 0.886653890753606
s3_l16_h8_qlast 99 0.8855130578296283
s3_l16_h8_qlast 108 0.882376884626482
s3_l16_h8_qlast 109 0.8837552464323571
s3_l16_h8_qlast 110 0.8815692665934636
s3_l16_h8_qlast 111 0.8869854465025894
s3_l16_h8_qlast 112 0.888196981792326
s3_l16_h8_qlast 117 0.8877724324916735
s3_l16_h8_qlast 118 0.8832041096619306
s3_l16_h8_qlast 125 0.8840646675640815
s3_l16_h8_qlast 126 0.8920794187518033
s3_l16_h8_qlast 127 0.8826443463346406
s3_l16_h8_qlast 128 0.88264993294663
s3_l16_h8_qlast 129 0.8878854069993586
s3_l16_h8_qlast 130 0.8849070861347412
s3_l16_h8_qlast 131 0.8841474943834137
s3_l16_h8_qlast 133 0.8835670112878832
s3_l16_h8_qlast 138 0.8817237893113328
s3_l16_h8_qlast 139 0.8882049116073176
s3_l16_h8_qlast 140 0.8850985040511372
s3_l16_h8_qlast 141 0.8838509374503414
s3_l16_h8_qlast 142 0.8860117175270141
s3_l16_h8_qlast 157 0.8812196111033891
s3_l16_h8_qlast 158 0.8819139189711821
s3_l16_h8_qlast 246 0.8824766430365056
s3_l16_h8_qlast 248 0.883715351998322
s3_l16_h8_qlast 249 0.8918552348699641
s3_l16_h8_qlast 266 0.8872353751916977
s3_l16_h8_qlast 280 0.8789449291132194
s3_l16_h8_qlast 281 0.8855991939750598
s3_l16_h8_qlast 282 0.8805348787787616
s3_l16_h8_qlast 290 0.8834684772040131
s3_l16_h8_qlast 291 0.8842655133531049
s3_l16_h8_qlast 292 0.8861170026587053
s3_l16_h8_qlast 293 0.8821650912884108
s3_l16_h8_qlast 294 0.8875656984777092
s3_l16_h8_qlast 295 0.8814960436238356
s3_l16_h8_qlast 296 0.8832443186991824
s3_l16_h8_qlast 298 0.8813480260371427
s3_l16_h8_qlast 299 0.8820483921153937
s3_l16_h8_qlast 300 0.8885552014689893
s3_l16_h8_qlast 302 0.8843021264819024
s3_l16_h8_qlast 303 0.8834060183128857
s3_l16_h8_qlast 304 0.8819984431090568
s3_l16_h8_qlast 305 0.8891168220740694
s3_l16_h8_qlast 306 0.8825756592391132
s3_l16_h8_qlast 307 0.8865524767315947
s3_l16_h8_qlast 308 0.8894018800216911
s3_l16_h8_qlast 309 0.8812008577224333
s3_l16_h8_qlast 310 0.8822837575280573
s3_l16_h8_qlast 311 0.8837025848823894
s3_l16_h8_qlast 312 0.886069653436272
s3_l16_h8_qlast 313 0.8882798572793897
s3_l16_h8_qlast 314 0.8823311330312495
s3_l16_h8_qlast 315 0.8859871023420343
s3_l16_h8_qlast 317 0.881214500651511
s3_l16_h8_qlast 318 0.8833232789735408
s3_l16_h8_qlast 319 0.891311518515546
s3_l16_h8_qlast 320 0.8829701932922226
s3_l16_h8_qlast 321 0.8870220172791864
s3_l16_h8_qlast 322 0.8856185727529106
s3_l16_h8_qlast 323 0.8858353933403698
s3_l16_h8_qlast 324 0.8819569116136623
s3_l16_h8_qlast 325 0.8851542059886637
s3_l16_h8_qlast 326 0.8881433656834384
s3_l16_h8_qlast 329 0.8806955592919717
s3_l16_h8_qlast 331 0.8823987145656965
s3_l16_h8_qlast 332 0.887103836943616
s3_l16_h8_qlast 333 0.8847134806059521
s3_l16_h8_qlast 334 0.8873480403608961
s3_l16_h8_qlast 335 0.8888633415979137
s3_l16_h8_qlast 336 0.8830929553966455
s3_l16_h8_qlast 337 0.8890914401119133
s3_l16_h8_qlast 338 0.8884125883494945
s3_l16_h8_qlast 339 0.8832647134412056
s3_l16_h8_qlast 340 0.8880149792285489
s3_l16_h8_qlast 341 0.8836314670931499
s3_l16_h8_qlast 342 0.8801090959597403
s3_l16_h8_qlast 343 0.8880050000949077
s3_l16_h8_qlast 344 0.8789844378985244
s3_l16_h8_qlast 345 0.8817724384900526
s3_l16_h8_qlast 346 0.883067008294012
s3_l16_h8_qlast 347 0.8832440413549959
s3_l16_h8_qlast 348 0.8831994881942304
s3_l16_h8_qlast 349 0.8809197492971036
s3_l16_h8_qlast 350 0.8843041812299481
s3_l16_h8_qlast 351 0.8814255905071102
s3_l16_h8_qlast 352 0.882407107839275
s3_l16_h8_qlast 353 0.8883004943843269
s3_l16_h8_qlast 354 0.887068120558979
s3_l16_h8_qlast 355 0.8861704425546219
s3_l16_h8_qlast 356 0.8825412369754447
s3_l16_h8_qlast 357 0.8806535639956373
s3_l16_h8_qlast 358 0.882960210580342
s3_l16_h8_qlast 359 0.8891438784860504
s3_l16_h8_qlast 360 0.887212829898712
s3_l16_h8_qlast 361 0.8817960273613847
s3_l16_h8_qlast 362 0.8797988009449144
s3_l16_h8_qlast 363 0.8853293346994753
s3_l16_h8_qlast 364 0.8843214573433599
s3_l16_h8_qlast 365 0.8810706249833425
s3_l16_h8_qlast 366 0.8840376996223839
s3_l16_h8_qlast 367 0.8860851004704416
s3_l16_h8_qlast 368 0.8851200209955048
s3_l16_h8_qlast 369 0.8843880230423039
s3_l16_h8_qlast 370 0.8845914560171015
s3_l16_h8_qlast 371 0.8839755635968973
s3_l16_h8_qlast 372 0.8824886191991697
s3_l16_h8_qlast 373 0.8842092415572168
s3_l16_h8_qlast 374 0.8818579057666571
s3_l16_h8_qlast 375 0.8826081189143128
s3_l16_h8_qlast 376 0.8815075686633416
s3_l16_h8_qlast 379 0.8847987539055268
s3_l16_h8_qlast 380 0.8830318908210182
s3_l16_h8_qlast 381 0.8867379838652836
s3_l16_h8_qlast 382 0.8859476894630414
s3_l16_h8_qlast 383 0.8825396762342854
s3_l16_h8_qlast 384 0.8799757912362877
s3_l16_h8_qlast 385 0.8806165056915856
s3_l16_h8_qlast 386 0.881443358325908
s3_l16_h8_qlast 387 0.8834117333371021
s3_l16_h8_qlast 388 0.8859980140994977
s3_l16_h8_qlast 389 0.8808922923597396
s3_l16_h8_qlast 390 0.8862279296184792
s3_l16_h8_qlast 392 0.8856793256066005
s3_l16_h8_qlast 394 0.88742705434331
s3_l16_h8_qlast 398 0.8879409538915896
s3_l16_h8_qlast 399 0.8845265445094188
s3_l16_h8_qlast 400 0.8848662689530389
s3_l16_h8_qlast 401 0.8801376930480872
s3_l16_h8_qlast 402 0.8848698728864914
s3_l16_h8_qlast 403 0.8808596426717582
s3_l16_h8_qlast 404 0.8831825037594075
s3_l16_h8_qlast 405 0.8858705784790034
s3_l16_h8_qlast 406 0.8836536320879148
s3_l16_h8_qlast 407 0.8857221214221729
s3_l16_h8_qlast 408 0.8807588849909065
s3_l16_h8_qlast 409 0.8840219373722855
s3_l16_h8_qlast 410 0.8854413914768405
s3_l16_h8_qlast 411 0.8886639515725332
s3_l16_h8_qlast 412 0.8839453274773214
s3_l16_h8_qlast 413 0.8858372909981929
s3_l16_h8_qlast 414 0.8860458607944709
s3_l16_h8_qlast 415 0.8878155271078484
s3_l16_h8_qlast 416 0.8844744614846269
s3_l16_h8_qlast 417 0.8827993811328748
s3_l16_h8_qlast 418 0.8828233094934962
s3_l16_h8_qlast 419 0.8840755928050432
s3_l16_h8_qlast 420 0.8871719210537298
s3_l16_h8_qlast 421 0.8832538596440205
s3_l16_h8_qlast 422 0.884865561630393
s3_l16_h8_qlast 423 0.8813773514304654
s3_l16_h8_qlast 424 0.8861722450360263
s3_l16_h8_qlast 426 0.8834137955969996
s3_l16_h8_qlast 427 0.8828251412380365
s3_l16_h8_qlast 428 0.8831041947215501
s3_l16_h8_qlast 429 0.8826890672743933
s3_l16_h8_qlast 430 0.8834803831215188
s3_l16_h8_qlast 431 0.8823455538291264
s3_l16_h8_qlast 432 0.8830026247635129
s3_l16_h8_qlast 433 0.8828582915976815
s3_l16_h8_qlast 434 0.8870911708478448
s3_l16_h8_qlast 445 0.8837800305995379
s3_l16_h8_qlast 447 0.8840692100225409
s3_l16_h8_qlast 448 0.885041675300607
s3_l16_h8_qlast 455 0.8819841561528033
s3_l16_h8_qlast 460 0.8844092586315175
s3_l16_h8_qlast 461 0.8824060172498177
s3_l16_h8_qlast 462 0.8880037439460131
s3_l16_h8_qlast 463 0.8847354847928631
s3_l16_h8_qlast 464 0.8831210824091135
s3_l16_h8_qlast 465 0.8833483419944778
s3_l16_h8_qlast 469 0.8832563045572513
s3_l16_h8_qlast 473 0.8845172093485751
s3_l16_h8_qlast 474 0.8839711261910117
s3_l16_h8_qlast 477 0.8901005567566148
s3_l16_h8_qlast 478 0.883306801530508
s3_l16_h8_qlast 479 0.8808649035904397
s3_l16_h8_qlast 480 0.8842933063087434
s3_l16_h8_qlast 481 0.8866406477126906
s3_l16_h8_qlast 495 0.8823218534051097
s3_l16_h8_qlast 521 0.888684223991157
s3_l16_h8_qlast 522 0.8880227676778113
s3_l16_h8_qlast 524 0.8836571545827226
s3_l16_h8_qlast 527 0.882827553270066
s3_l16_h8_qlast 528 0.8877588825860968
s3_l16_h8_qlast 536 0.8846603215129826
s3_l16_h8_qlast 537 0.8858003609792305
s3_l16_h8_qlast 538 0.882231131454893
s3_l16_h8_qlast 539 0.883721634451496
s3_l16_h8_qlast 540 0.8812830540976536
s3_l16_h8_qlast 542 0.8846435354299549
s3_l16_h8_qlast 554 0.8836048080104918
s3_l16_h8_qlast 555 0.8843593708473858
s3_l16_h8_qlast 563 0.8813607376758131
s3_l16_h8_qlast 567 0.8813111101090295
s3_l16_h8_qlast 568 0.884757412269736
s3_l16_h8_qlast 569 0.8853814081919967
s3_l16_h8_qlast 570 0.8832443085174371
s3_l16_h8_qlast 571 0.8831175699153008
s3_l16_h8_qlast 572 0.8830599542485097
s3_l16_h8_qlast 573 0.8828188636995803
s3_l16_h8_qlast 575 0.8832118007749638
s3_l16_h8_qlast 576 0.8820288943978468
s3_l16_h8_qlast 577 0.8834277757958166
s3_l16_h8_qlast 578 0.8821153446624521
s3_l16_h8_qlast 579 0.8815584108202816
s3_l16_h8_qlast 583 0.883939616305533
s3_l16_h8_qlast 584 0.8895131782054179
s3_l16_h8_qlast 585 0.8832474713317903
s3_l16_h8_qlast 586 0.8819281805220893
s3_l16_h8_qlast 587 0.8828883965401665
s3_l16_h8_qlast 588 0.884595484823589
s3_l16_h8_qlast 589 0.8851220580568464
s3_l16_h8_qlast 590 0.8869373847770284
s3_l16_h8_qlast 591 0.882554753086113
s3_l16_h8_qlast 592 0.8794711249571073
s3_l16_h8_qlast 593 0.8855787021503171
s3_l16_h8_qlast 594 0.8858686794961901
s3_l16_h8_qlast 595 0.8866047454909054
s3_l16_h8_qlast 596 0.8834912826530757
s3_l16_h8_qlast 597 0.8824052506763684
s3_l16_h8_qlast 598 0.8822228751653854
s3_l16_h8_qlast 599 0.8841079406939618
s3_l16_h8_qlast 600 0.8915446541704066
s3_l16_h8_qlast 601 0.8829370482141569
s3_l16_h8_qlast 602 0.882845217712824
s3_l16_h8_qlast 603 0.8830817250632926
s3_l16_h8_qlast 604 0.8818316838449775
s3_l16_h8_qlast 605 0.8879002461433533
s3_l16_h8_qlast 606 0.8848281959148344
s3_l16_h8_qlast 607 0.888163712476901
s3_l16_h8_qlast 608 0.8825490119863963
s3_l16_h8_qlast 609 0.880730676153785
s3_l16_h8_qlast 610 0.8832876875837284
s3_l16_h8_qlast 611 0.8865041569699411
s3_l16_h8_qlast 612 0.8817544824805258
s3_l16_h8_qlast 613 0.8827471331889299
s3_l16_h8_qlast 614 0.8790790854361962
s3_l16_h8_qlast 615 0.8796675643794802
s3_l16_h8_qlast 616 0.8835311381997982
s3_l16_h8_qlast 617 0.8866838598271563
s3_l16_h8_qlast 618 0.8828146070131639
s3_l16_h8_qlast 619 0.881787191731794
s3_l16_h8_qlast 620 0.8818698888001228
s3_l16_h8_qlast 623 0.8827222632458679
s3_l16_h8_qlast 625 0.8879012951112696
s3_l16_h8_qlast 626 0.8818955354983796
s3_l16_h8_qlast 627 0.887006439352837
s3_l16_h8_qlast 628 0.8912497304876237
s3_l16_h8_qlast 629 0.8862926482895426
s3_l16_h8_qlast 630 0.889138051180022
s3_l16_h8_qlast 631 0.8872664677856894
s3_l16_h8_qlast 632 0.8831738779676686
s3_l16_h8_qlast 633 0.8834376460275196
s3_l16_h8_qlast 634 0.8819208580090688
s3_l16_h8_qlast 635 0.8872049867219941
s3_l16_h8_qlast 636 0.8904883767337244
s3_l16_h8_qlast 637 0.8824465648121029
s3_l16_h8_qlast 638 0.8827318663105345
s3_l16_h8_qlast 639 0.8813641602449168
s3_l16_h8_qlast 640 0.887142437101207
s3_l16_h8_qlast 641 0.887982334051661
s3_l16_h8_qlast 642 0.8817591849380589
s3_l16_h8_qlast 643 0.8837707613910377
s3_l16_h8_qlast 644 0.8827357676491374
s3_l16_h8_qlast 645 0.8827933677086165
s3_l16_h8_qlast 646 0.881626677644243
s3_l16_h8_qlast 647 0.8864397097051168
s3_l16_h8_qlast 648 0.8820369566674344
s3_l16_h8_qlast 649 0.8871450384368041
s3_l16_h8_qlast 650 0.8820758950544252
s3_l16_h8_qlast 651 0.8822195390943977
s3_l16_h8_qlast 652 0.8876455690907804
s3_l16_h8_qlast 653 0.888911517983376
s3_l16_h8_qlast 654 0.8809576906542612
s3_l16_h8_qlast 655 0.8848322712062662
s3_l16_h8_qlast 656 0.8868987547006997
s3_l16_h8_qlast 657 0.8910041052517236
s3_l16_h8_qlast 658 0.8823265797829279
s3_l16_h8_qlast 659 0.8849925034362394
s3_l16_h8_qlast 660 0.8839736469564837
s3_l16_h8_qlast 661 0.8817845219148838
s3_l16_h8_qlast 662 0.8843699010490367
s3_l16_h8_qlast 663 0.8836765017691314
s3_l16_h8_qlast 664 0.8807085856234679
s3_l16_h8_qlast 665 0.8836983703061522
s3_l16_h8_qlast 666 0.8820309782152579
s3_l16_h8_qlast 667 0.8854296478231461
s3_l16_h8_qlast 668 0.8870323753002786
s3_l16_h8_qlast 670 0.8835535260824192
s3_l16_h8_qlast 674 0.8827971703155383
s3_l16_h8_qlast 675 0.8830741109743127
s3_l16_h8_qlast 676 0.8874246970471608
s3_l16_h8_qlast 677 0.8853695976278303
s3_l16_h8_qlast 678 0.8811122783426024
s3_l16_h8_qlast 679 0.8858475802055756
s3_l16_h8_qlast 684 0.885327412884707
s3_l16_h8_qlast 685 0.8821171343014086
s3_l16_h8_qlast 687 0.889153765053427
s3_l16_h8_qlast 688 0.8818085085344807
s3_l16_h8_qlast 689 0.8874359593074156
s3_l16_h8_qlast 690 0.8867543422139103
s3_l16_h8_qlast 691 0.8811214756822568
s3_l16_h8_qlast 692 0.888188921066773
s3_l16_h8_qlast 693 0.8867458391576196
s3_l16_h8_qlast 694 0.8811604651457042
s3_l16_h8_qlast 695 0.8843324200210382
s3_l16_h8_qlast 696 0.8864135193005879
s3_l16_h8_qlast 697 0.8856064079162408
s3_l16_h8_qlast 699 0.8825913303161016
s3_l16_h8_qlast 700 0.8818321677696842
s3_l16_h8_qlast 701 0.8823557995607476
s3_l16_h8_qlast 702 0.8905408720908637
s3_l16_h8_qlast 703 0.8802497264589061
s3_l16_h8_qlast 704 0.8866667787676162
s3_l16_h8_qlast 705 0.8854739198738427
s3_l16_h8_qlast 706 0.882856536866472
s3_l16_h8_qlast 707 0.88280374269571
s3_l16_h8_qlast 708 0.8809023316762729
s3_l16_h8_qlast 709 0.8858269179579924
s3_l16_h8_qlast 710 0.8900208615278212
s3_l16_h8_qlast 711 0.8821424918240058
s3_l16_h8_qlast 875 0.8834900414604865
s3_l16_h8_qlast 876 0.8887613166420794
s3_l16_h8_qlast 877 0.881366720251543
s3_l16_h8_qlast 878 0.8821709763969442
s3_l16_h8_qlast 892 0.88367195343323
s4_l16_h8_qlast 49 0.6131935509329196
s4_l16_h8_qlast 50 0.6086652087898174
s4_l16_h8_qlast 62 0.6033781720664896
s4_l16_h8_qlast 63 0.6163954178854409
s4_l16_h8_qlast 64 0.6107868559645593
s4_l16_h8_qlast 65 0.6175572768196516
s4_l16_h8_qlast 66 0.6146738066405911
s4_l16_h8_qlast 67 0.6093411463613544
s4_l16_h8_qlast 68 0.6090346707804
s4_l16_h8_qlast 69 0.6112912627350953
s4_l16_h8_qlast 70 0.610890830268747
s4_l16_h8_qlast 71 0.6032522723706077
s4_l16_h8_qlast 72 0.6097991154238116
s4_l16_h8_qlast 73 0.6032739052785069
s4_l16_h8_qlast 74 0.6059080549603095
s4_l16_h8_qlast 75 0.6097539515321841
s4_l16_h8_qlast 76 0.6179315624548407
s4_l16_h8_qlast 77 0.6081344291871775
s4_l16_h8_qlast 80 0.6109942181841083
s4_l16_h8_qlast 81 0.6211958900983316
s4_l16_h8_qlast 82 0.6046816769958241
s4_l16_h8_qlast 83 0.6107509964026071
s4_l16_h8_qlast 84 0.6100208107980305
s4_l16_h8_qlast 85 0.6071535690684363
s4_l16_h8_qlast 89 0.6144254106879493
s4_l16_h8_qlast 90 0.6131831175185248
s4_l16_h8_qlast 91 0.6170504030047191
s4_l16_h8_qlast 92 0.6098526752466569
s4_l16_h8_qlast 93 0.613987241616188
s4_l16_h8_qlast 94 0.6083788842046892
s4_l16_h8_qlast 95 0.6045716083948113
s4_l16_h8_qlast 96 0.6100141390019821
s4_l16_h8_qlast 97 0.6063053142424906
s4_l16_h8_qlast 98 0.6122675681706622
s4_l16_h8_qlast 99 0.609114297431208
s4_l16_h8_qlast 105 0.6135127259783784
s4_l16_h8_qlast 106 0.6180910972034326
s4_l16_h8_qlast 107 0.610722923766136
s4_l16_h8_qlast 108 0.6158974741912162
s4_l16_h8_qlast 109 0.6042593319369998
s4_l16_h8_qlast 110 0.6060926135348078
s4_l16_h8_qlast 111 0.607100088849418
s4_l16_h8_qlast 112 0.6130670151146155
