Max length 500 | Current length 296 | Noises: 5
Max length 500 | Current length 397 | Noises: 10
Max length 500 | Current length 511 | Noises: 15
Num noises: 10

  0%|          | 0/1 [00:00<?, ?it/s]
100%|██████████| 1/1 [00:00<00:00, 1078.23it/s]
Max length 131072 | Current length 779 | Noises: 10
Max length 131072 | Current length 1021 | Noises: 20
Max length 131072 | Current length 1261 | Noises: 30
Max length 131072 | Current length 1503 | Noises: 40
Max length 131072 | Current length 1739 | Noises: 50
Max length 131072 | Current length 1977 | Noises: 60
Max length 131072 | Current length 2217 | Noises: 70
Max length 131072 | Current length 2460 | Noises: 80
Max length 131072 | Current length 2704 | Noises: 90
Max length 131072 | Current length 2941 | Noises: 100
Max length 131072 | Current length 3179 | Noises: 110
Max length 131072 | Current length 3416 | Noises: 120
Max length 131072 | Current length 3663 | Noises: 130
Max length 131072 | Current length 3900 | Noises: 140
Max length 131072 | Current length 4140 | Noises: 150
Max length 131072 | Current length 4374 | Noises: 160
Max length 131072 | Current length 4616 | Noises: 170
Max length 131072 | Current length 4866 | Noises: 180
Max length 131072 | Current length 5099 | Noises: 190
Max length 131072 | Current length 5338 | Noises: 200
Max length 131072 | Current length 5576 | Noises: 210
Max length 131072 | Current length 5822 | Noises: 220
Max length 131072 | Current length 6060 | Noises: 230
Max length 131072 | Current length 6294 | Noises: 240
Max length 131072 | Current length 6533 | Noises: 250
Max length 131072 | Current length 6777 | Noises: 260
Max length 131072 | Current length 7018 | Noises: 270
Max length 131072 | Current length 7260 | Noises: 280
Max length 131072 | Current length 7500 | Noises: 290
Max length 131072 | Current length 7743 | Noises: 300
Max length 131072 | Current length 7977 | Noises: 310
Max length 131072 | Current length 8219 | Noises: 320
Max length 131072 | Current length 8464 | Noises: 330
Max length 131072 | Current length 8695 | Noises: 340
Max length 131072 | Current length 8935 | Noises: 350
Max length 131072 | Current length 9180 | Noises: 360
Max length 131072 | Current length 9422 | Noises: 370
Max length 131072 | Current length 9660 | Noises: 380
Max length 131072 | Current length 9894 | Noises: 390
Max length 131072 | Current length 10140 | Noises: 400
Max length 131072 | Current length 10377 | Noises: 410
Max length 131072 | Current length 10618 | Noises: 420
Max length 131072 | Current length 10854 | Noises: 430
Max length 131072 | Current length 11102 | Noises: 440
Max length 131072 | Current length 11339 | Noises: 450
Max length 131072 | Current length 11580 | Noises: 460
Max length 131072 | Current length 11817 | Noises: 470
Max length 131072 | Current length 12067 | Noises: 480
Max length 131072 | Current length 12297 | Noises: 490
Max length 131072 | Current length 12537 | Noises: 500
Max length 131072 | Current length 12777 | Noises: 510
Max length 131072 | Current length 13017 | Noises: 520
Max length 131072 | Current length 13259 | Noises: 530
Max length 131072 | Current length 13499 | Noises: 540
Max length 131072 | Current length 13741 | Noises: 550
Max length 131072 | Current length 13984 | Noises: 560
Max length 131072 | Current length 14220 | Noises: 570
Max length 131072 | Current length 14457 | Noises: 580
Max length 131072 | Current length 14703 | Noises: 590
Max length 131072 | Current length 14936 | Noises: 600
Max length 131072 | Current length 15180 | Noises: 610
Max length 131072 | Current length 15413 | Noises: 620
Max length 131072 | Current length 15657 | Noises: 630
Max length 131072 | Current length 15902 | Noises: 640
Max length 131072 | Current length 16140 | Noises: 650
Max length 131072 | Current length 16377 | Noises: 660
Max length 131072 | Current length 16620 | Noises: 670
Max length 131072 | Current length 16866 | Noises: 680
Max length 131072 | Current length 17100 | Noises: 690
Max length 131072 | Current length 17333 | Noises: 700
Max length 131072 | Current length 17577 | Noises: 710
Max length 131072 | Current length 17817 | Noises: 720
Max length 131072 | Current length 18061 | Noises: 730
Max length 131072 | Current length 18298 | Noises: 740
Max length 131072 | Current length 18543 | Noises: 750
Max length 131072 | Current length 18780 | Noises: 760
Max length 131072 | Current length 19020 | Noises: 770
Max length 131072 | Current length 19260 | Noises: 780
Max length 131072 | Current length 19501 | Noises: 790
Max length 131072 | Current length 19747 | Noises: 800
Max length 131072 | Current length 19977 | Noises: 810
Max length 131072 | Current length 20217 | Noises: 820
Max length 131072 | Current length 20456 | Noises: 830
Max length 131072 | Current length 20697 | Noises: 840
Max length 131072 | Current length 20940 | Noises: 850
Max length 131072 | Current length 21182 | Noises: 860
Max length 131072 | Current length 21417 | Noises: 870
Max length 131072 | Current length 21658 | Noises: 880
Max length 131072 | Current length 21894 | Noises: 890
Max length 131072 | Current length 22135 | Noises: 900
Max length 131072 | Current length 22383 | Noises: 910
Max length 131072 | Current length 22619 | Noises: 920
Max length 131072 | Current length 22859 | Noises: 930
Max length 131072 | Current length 23097 | Noises: 940
Max length 131072 | Current length 23339 | Noises: 950
Max length 131072 | Current length 23582 | Noises: 960
Max length 131072 | Current length 23817 | Noises: 970
Max length 131072 | Current length 24057 | Noises: 980
Max length 131072 | Current length 24298 | Noises: 990
Max length 131072 | Current length 24535 | Noises: 1000
Max length 131072 | Current length 24774 | Noises: 1010
Max length 131072 | Current length 25015 | Noises: 1020
Max length 131072 | Current length 25261 | Noises: 1030
Max length 131072 | Current length 25497 | Noises: 1040
Max length 131072 | Current length 25742 | Noises: 1050
Max length 131072 | Current length 25979 | Noises: 1060
Max length 131072 | Current length 26220 | Noises: 1070
Max length 131072 | Current length 26458 | Noises: 1080
Max length 131072 | Current length 26696 | Noises: 1090
Max length 131072 | Current length 26940 | Noises: 1100
Max length 131072 | Current length 27185 | Noises: 1110
Max length 131072 | Current length 27424 | Noises: 1120
Max length 131072 | Current length 27657 | Noises: 1130
Max length 131072 | Current length 27897 | Noises: 1140
Max length 131072 | Current length 28140 | Noises: 1150
Max length 131072 | Current length 28374 | Noises: 1160
Max length 131072 | Current length 28614 | Noises: 1170
Max length 131072 | Current length 28857 | Noises: 1180
Max length 131072 | Current length 29094 | Noises: 1190
Max length 131072 | Current length 29343 | Noises: 1200
Max length 131072 | Current length 29581 | Noises: 1210
Max length 131072 | Current length 29818 | Noises: 1220
Max length 131072 | Current length 30060 | Noises: 1230
Max length 131072 | Current length 30303 | Noises: 1240
Max length 131072 | Current length 30536 | Noises: 1250
Max length 131072 | Current length 30782 | Noises: 1260
Max length 131072 | Current length 31019 | Noises: 1270
Max length 131072 | Current length 31256 | Noises: 1280
Max length 131072 | Current length 31504 | Noises: 1290
Max length 131072 | Current length 31738 | Noises: 1300
Max length 131072 | Current length 31975 | Noises: 1310
Max length 131072 | Current length 32217 | Noises: 1320
Max length 131072 | Current length 32460 | Noises: 1330
Max length 131072 | Current length 32697 | Noises: 1340
Max length 131072 | Current length 32937 | Noises: 1350
Max length 131072 | Current length 33184 | Noises: 1360
Max length 131072 | Current length 33421 | Noises: 1370
Max length 131072 | Current length 33662 | Noises: 1380
Max length 131072 | Current length 33903 | Noises: 1390
Max length 131072 | Current length 34139 | Noises: 1400
Max length 131072 | Current length 34379 | Noises: 1410
Max length 131072 | Current length 34617 | Noises: 1420
Max length 131072 | Current length 34857 | Noises: 1430
Max length 131072 | Current length 35103 | Noises: 1440
Max length 131072 | Current length 35338 | Noises: 1450
Max length 131072 | Current length 35580 | Noises: 1460
Max length 131072 | Current length 35819 | Noises: 1470
Max length 131072 | Current length 36057 | Noises: 1480
Max length 131072 | Current length 36299 | Noises: 1490
Max length 131072 | Current length 36537 | Noises: 1500
Max length 131072 | Current length 36786 | Noises: 1510
Max length 131072 | Current length 37022 | Noises: 1520
Max length 131072 | Current length 37254 | Noises: 1530
Max length 131072 | Current length 37497 | Noises: 1540
Max length 131072 | Current length 37742 | Noises: 1550
Max length 131072 | Current length 37980 | Noises: 1560
Max length 131072 | Current length 38225 | Noises: 1570
Max length 131072 | Current length 38457 | Noises: 1580
Max length 131072 | Current length 38699 | Noises: 1590
Max length 131072 | Current length 38940 | Noises: 1600
Max length 131072 | Current length 39178 | Noises: 1610
Max length 131072 | Current length 39417 | Noises: 1620
Max length 131072 | Current length 39659 | Noises: 1630
Max length 131072 | Current length 39897 | Noises: 1640
Max length 131072 | Current length 40139 | Noises: 1650
Max length 131072 | Current length 40377 | Noises: 1660
Max length 131072 | Current length 40617 | Noises: 1670
Max length 131072 | Current length 40859 | Noises: 1680
Max length 131072 | Current length 41096 | Noises: 1690
Max length 131072 | Current length 41339 | Noises: 1700
Max length 131072 | Current length 41575 | Noises: 1710
Max length 131072 | Current length 41817 | Noises: 1720
Max length 131072 | Current length 42057 | Noises: 1730
Max length 131072 | Current length 42300 | Noises: 1740
Max length 131072 | Current length 42539 | Noises: 1750
Max length 131072 | Current length 42774 | Noises: 1760
Max length 131072 | Current length 43016 | Noises: 1770
Max length 131072 | Current length 43259 | Noises: 1780
Max length 131072 | Current length 43502 | Noises: 1790
Max length 131072 | Current length 43738 | Noises: 1800
Max length 131072 | Current length 43979 | Noises: 1810
Max length 131072 | Current length 44223 | Noises: 1820
Max length 131072 | Current length 44456 | Noises: 1830
Max length 131072 | Current length 44692 | Noises: 1840
Max length 131072 | Current length 44940 | Noises: 1850
Max length 131072 | Current length 45182 | Noises: 1860
Max length 131072 | Current length 45420 | Noises: 1870
Max length 131072 | Current length 45657 | Noises: 1880
Max length 131072 | Current length 45895 | Noises: 1890
Max length 131072 | Current length 46135 | Noises: 1900
Max length 131072 | Current length 46381 | Noises: 1910
Max length 131072 | Current length 46617 | Noises: 1920
Max length 131072 | Current length 46852 | Noises: 1930
Max length 131072 | Current length 47098 | Noises: 1940
Max length 131072 | Current length 47337 | Noises: 1950
Max length 131072 | Current length 47579 | Noises: 1960
Max length 131072 | Current length 47817 | Noises: 1970
Max length 131072 | Current length 48056 | Noises: 1980
Max length 131072 | Current length 48300 | Noises: 1990
Max length 131072 | Current length 48540 | Noises: 2000
Max length 131072 | Current length 48777 | Noises: 2010
Max length 131072 | Current length 49017 | Noises: 2020
Max length 131072 | Current length 49265 | Noises: 2030
Max length 131072 | Current length 49495 | Noises: 2040
Max length 131072 | Current length 49737 | Noises: 2050
Max length 131072 | Current length 49982 | Noises: 2060
Max length 131072 | Current length 50218 | Noises: 2070
Max length 131072 | Current length 50460 | Noises: 2080
Max length 131072 | Current length 50699 | Noises: 2090
Max length 131072 | Current length 50942 | Noises: 2100
Max length 131072 | Current length 51185 | Noises: 2110
Max length 131072 | Current length 51421 | Noises: 2120
Max length 131072 | Current length 51655 | Noises: 2130
Max length 131072 | Current length 51900 | Noises: 2140
Max length 131072 | Current length 52135 | Noises: 2150
Max length 131072 | Current length 52377 | Noises: 2160
Max length 131072 | Current length 52620 | Noises: 2170
Max length 131072 | Current length 52861 | Noises: 2180
Max length 131072 | Current length 53099 | Noises: 2190
Max length 131072 | Current length 53342 | Noises: 2200
Max length 131072 | Current length 53577 | Noises: 2210
Max length 131072 | Current length 53817 | Noises: 2220
Max length 131072 | Current length 54057 | Noises: 2230
Max length 131072 | Current length 54295 | Noises: 2240
Max length 131072 | Current length 54537 | Noises: 2250
Max length 131072 | Current length 54777 | Noises: 2260
Max length 131072 | Current length 55015 | Noises: 2270
Max length 131072 | Current length 55263 | Noises: 2280
Max length 131072 | Current length 55500 | Noises: 2290
Max length 131072 | Current length 55741 | Noises: 2300
Max length 131072 | Current length 55980 | Noises: 2310
Max length 131072 | Current length 56219 | Noises: 2320
Max length 131072 | Current length 56462 | Noises: 2330
Max length 131072 | Current length 56695 | Noises: 2340
Max length 131072 | Current length 56939 | Noises: 2350
Max length 131072 | Current length 57181 | Noises: 2360
Max length 131072 | Current length 57413 | Noises: 2370
Max length 131072 | Current length 57661 | Noises: 2380
Max length 131072 | Current length 57898 | Noises: 2390
Max length 131072 | Current length 58139 | Noises: 2400
Max length 131072 | Current length 58371 | Noises: 2410
Max length 131072 | Current length 58617 | Noises: 2420
Max length 131072 | Current length 58857 | Noises: 2430
Max length 131072 | Current length 59096 | Noises: 2440
Max length 131072 | Current length 59343 | Noises: 2450
Max length 131072 | Current length 59581 | Noises: 2460
Max length 131072 | Current length 59819 | Noises: 2470
Max length 131072 | Current length 60060 | Noises: 2480
Max length 131072 | Current length 60299 | Noises: 2490
Max length 131072 | Current length 60540 | Noises: 2500
Max length 131072 | Current length 60778 | Noises: 2510
Max length 131072 | Current length 61021 | Noises: 2520
Max length 131072 | Current length 61261 | Noises: 2530
Max length 131072 | Current length 61497 | Noises: 2540
Max length 131072 | Current length 61743 | Noises: 2550
Max length 131072 | Current length 61977 | Noises: 2560
Max length 131072 | Current length 62216 | Noises: 2570
Max length 131072 | Current length 62465 | Noises: 2580
Max length 131072 | Current length 62697 | Noises: 2590
Max length 131072 | Current length 62941 | Noises: 2600
Max length 131072 | Current length 63180 | Noises: 2610
Max length 131072 | Current length 63414 | Noises: 2620
Max length 131072 | Current length 63659 | Noises: 2630
Max length 131072 | Current length 63900 | Noises: 2640
Max length 131072 | Current length 64142 | Noises: 2650
Max length 131072 | Current length 64380 | Noises: 2660
Max length 131072 | Current length 64623 | Noises: 2670
Max length 131072 | Current length 64859 | Noises: 2680
Max length 131072 | Current length 65100 | Noises: 2690
Max length 131072 | Current length 65342 | Noises: 2700
Max length 131072 | Current length 65584 | Noises: 2710
Max length 131072 | Current length 65820 | Noises: 2720
Max length 131072 | Current length 66060 | Noises: 2730
Max length 131072 | Current length 66300 | Noises: 2740
Max length 131072 | Current length 66542 | Noises: 2750
Max length 131072 | Current length 66780 | Noises: 2760
Max length 131072 | Current length 67016 | Noises: 2770
Max length 131072 | Current length 67258 | Noises: 2780
Max length 131072 | Current length 67500 | Noises: 2790
Max length 131072 | Current length 67737 | Noises: 2800
Max length 131072 | Current length 67980 | Noises: 2810
Max length 131072 | Current length 68222 | Noises: 2820
Max length 131072 | Current length 68463 | Noises: 2830
Max length 131072 | Current length 68700 | Noises: 2840
Max length 131072 | Current length 68939 | Noises: 2850
Max length 131072 | Current length 69177 | Noises: 2860
Max length 131072 | Current length 69416 | Noises: 2870
Max length 131072 | Current length 69659 | Noises: 2880
Max length 131072 | Current length 69896 | Noises: 2890
Max length 131072 | Current length 70134 | Noises: 2900
Max length 131072 | Current length 70376 | Noises: 2910
Max length 131072 | Current length 70617 | Noises: 2920
Max length 131072 | Current length 70863 | Noises: 2930
Max length 131072 | Current length 71096 | Noises: 2940
Max length 131072 | Current length 71337 | Noises: 2950
Max length 131072 | Current length 71578 | Noises: 2960
Max length 131072 | Current length 71822 | Noises: 2970
Max length 131072 | Current length 72060 | Noises: 2980
Max length 131072 | Current length 72298 | Noises: 2990
Max length 131072 | Current length 72540 | Noises: 3000
Max length 131072 | Current length 72777 | Noises: 3010
Max length 131072 | Current length 73017 | Noises: 3020
Max length 131072 | Current length 73261 | Noises: 3030
Max length 131072 | Current length 73500 | Noises: 3040
Max length 131072 | Current length 73741 | Noises: 3050
Max length 131072 | Current length 73977 | Noises: 3060
Max length 131072 | Current length 74219 | Noises: 3070
Max length 131072 | Current length 74460 | Noises: 3080
Max length 131072 | Current length 74697 | Noises: 3090
Max length 131072 | Current length 74939 | Noises: 3100
Max length 131072 | Current length 75180 | Noises: 3110
Max length 131072 | Current length 75413 | Noises: 3120
Max length 131072 | Current length 75659 | Noises: 3130
Max length 131072 | Current length 75900 | Noises: 3140
Max length 131072 | Current length 76140 | Noises: 3150
Max length 131072 | Current length 76379 | Noises: 3160
Max length 131072 | Current length 76617 | Noises: 3170
Max length 131072 | Current length 76857 | Noises: 3180
Max length 131072 | Current length 77099 | Noises: 3190
Max length 131072 | Current length 77336 | Noises: 3200
Max length 131072 | Current length 77577 | Noises: 3210
Max length 131072 | Current length 77817 | Noises: 3220
Max length 131072 | Current length 78060 | Noises: 3230
Max length 131072 | Current length 78299 | Noises: 3240
Max length 131072 | Current length 78540 | Noises: 3250
Max length 131072 | Current length 78777 | Noises: 3260
Max length 131072 | Current length 79020 | Noises: 3270
Max length 131072 | Current length 79263 | Noises: 3280
Max length 131072 | Current length 79500 | Noises: 3290
Max length 131072 | Current length 79737 | Noises: 3300
Max length 131072 | Current length 79980 | Noises: 3310
Max length 131072 | Current length 80219 | Noises: 3320
Max length 131072 | Current length 80456 | Noises: 3330
Max length 131072 | Current length 80696 | Noises: 3340
Max length 131072 | Current length 80937 | Noises: 3350
Max length 131072 | Current length 81175 | Noises: 3360
Max length 131072 | Current length 81420 | Noises: 3370
Max length 131072 | Current length 81660 | Noises: 3380
Max length 131072 | Current length 81894 | Noises: 3390
Max length 131072 | Current length 82140 | Noises: 3400
Max length 131072 | Current length 82374 | Noises: 3410
Max length 131072 | Current length 82622 | Noises: 3420
Max length 131072 | Current length 82857 | Noises: 3430
Max length 131072 | Current length 83097 | Noises: 3440
Max length 131072 | Current length 83339 | Noises: 3450
Max length 131072 | Current length 83577 | Noises: 3460
Max length 131072 | Current length 83820 | Noises: 3470
Max length 131072 | Current length 84059 | Noises: 3480
Max length 131072 | Current length 84297 | Noises: 3490
Max length 131072 | Current length 84539 | Noises: 3500
Max length 131072 | Current length 84780 | Noises: 3510
Max length 131072 | Current length 85019 | Noises: 3520
Max length 131072 | Current length 85260 | Noises: 3530
Max length 131072 | Current length 85499 | Noises: 3540
Max length 131072 | Current length 85739 | Noises: 3550
Max length 131072 | Current length 85979 | Noises: 3560
Max length 131072 | Current length 86220 | Noises: 3570
Max length 131072 | Current length 86463 | Noises: 3580
Max length 131072 | Current length 86703 | Noises: 3590
Max length 131072 | Current length 86943 | Noises: 3600
Max length 131072 | Current length 87176 | Noises: 3610
Max length 131072 | Current length 87414 | Noises: 3620
Max length 131072 | Current length 87657 | Noises: 3630
Max length 131072 | Current length 87897 | Noises: 3640
Max length 131072 | Current length 88140 | Noises: 3650
Max length 131072 | Current length 88377 | Noises: 3660
Max length 131072 | Current length 88623 | Noises: 3670
Max length 131072 | Current length 88860 | Noises: 3680
Max length 131072 | Current length 89100 | Noises: 3690
Max length 131072 | Current length 89339 | Noises: 3700
Max length 131072 | Current length 89587 | Noises: 3710
Max length 131072 | Current length 89817 | Noises: 3720
Max length 131072 | Current length 90054 | Noises: 3730
Max length 131072 | Current length 90299 | Noises: 3740
Max length 131072 | Current length 90536 | Noises: 3750
Max length 131072 | Current length 90773 | Noises: 3760
Max length 131072 | Current length 91024 | Noises: 3770
Max length 131072 | Current length 91263 | Noises: 3780
Max length 131072 | Current length 91503 | Noises: 3790
Max length 131072 | Current length 91742 | Noises: 3800
Max length 131072 | Current length 91977 | Noises: 3810
Max length 131072 | Current length 92217 | Noises: 3820
Max length 131072 | Current length 92457 | Noises: 3830
Max length 131072 | Current length 92694 | Noises: 3840
Max length 131072 | Current length 92935 | Noises: 3850
Max length 131072 | Current length 93178 | Noises: 3860
Max length 131072 | Current length 93418 | Noises: 3870
Max length 131072 | Current length 93659 | Noises: 3880
Max length 131072 | Current length 93895 | Noises: 3890
Max length 131072 | Current length 94142 | Noises: 3900
Max length 131072 | Current length 94378 | Noises: 3910
Max length 131072 | Current length 94620 | Noises: 3920
Max length 131072 | Current length 94857 | Noises: 3930
Max length 131072 | Current length 95097 | Noises: 3940
Max length 131072 | Current length 95337 | Noises: 3950
Max length 131072 | Current length 95574 | Noises: 3960
Max length 131072 | Current length 95811 | Noises: 3970
Max length 131072 | Current length 96062 | Noises: 3980
Max length 131072 | Current length 96300 | Noises: 3990
Max length 131072 | Current length 96545 | Noises: 4000
Max length 131072 | Current length 96774 | Noises: 4010
Max length 131072 | Current length 97025 | Noises: 4020
Max length 131072 | Current length 97256 | Noises: 4030
Max length 131072 | Current length 97505 | Noises: 4040
Max length 131072 | Current length 97744 | Noises: 4050
Max length 131072 | Current length 97976 | Noises: 4060
Max length 131072 | Current length 98223 | Noises: 4070
Max length 131072 | Current length 98457 | Noises: 4080
Max length 131072 | Current length 98697 | Noises: 4090
Max length 131072 | Current length 98940 | Noises: 4100
Max length 131072 | Current length 99180 | Noises: 4110
Max length 131072 | Current length 99417 | Noises: 4120
Max length 131072 | Current length 99659 | Noises: 4130
Max length 131072 | Current length 99901 | Noises: 4140
Max length 131072 | Current length 100139 | Noises: 4150
Max length 131072 | Current length 100377 | Noises: 4160
Max length 131072 | Current length 100618 | Noises: 4170
Max length 131072 | Current length 100860 | Noises: 4180
Max length 131072 | Current length 101097 | Noises: 4190
Max length 131072 | Current length 101341 | Noises: 4200
Max length 131072 | Current length 101583 | Noises: 4210
Max length 131072 | Current length 101822 | Noises: 4220
Max length 131072 | Current length 102057 | Noises: 4230
Max length 131072 | Current length 102300 | Noises: 4240
Max length 131072 | Current length 102540 | Noises: 4250
Max length 131072 | Current length 102781 | Noises: 4260
Max length 131072 | Current length 103021 | Noises: 4270
Max length 131072 | Current length 103259 | Noises: 4280
Max length 131072 | Current length 103501 | Noises: 4290
Max length 131072 | Current length 103742 | Noises: 4300
Max length 131072 | Current length 103977 | Noises: 4310
Max length 131072 | Current length 104220 | Noises: 4320
Max length 131072 | Current length 104463 | Noises: 4330
Max length 131072 | Current length 104692 | Noises: 4340
Max length 131072 | Current length 104939 | Noises: 4350
Max length 131072 | Current length 105180 | Noises: 4360
Max length 131072 | Current length 105417 | Noises: 4370
Max length 131072 | Current length 105661 | Noises: 4380
Max length 131072 | Current length 105898 | Noises: 4390
Max length 131072 | Current length 106137 | Noises: 4400
Max length 131072 | Current length 106376 | Noises: 4410
Max length 131072 | Current length 106618 | Noises: 4420
Max length 131072 | Current length 106860 | Noises: 4430
Max length 131072 | Current length 107100 | Noises: 4440
Max length 131072 | Current length 107341 | Noises: 4450
Max length 131072 | Current length 107577 | Noises: 4460
Max length 131072 | Current length 107817 | Noises: 4470
Max length 131072 | Current length 108063 | Noises: 4480
Max length 131072 | Current length 108301 | Noises: 4490
Max length 131072 | Current length 108543 | Noises: 4500
Max length 131072 | Current length 108777 | Noises: 4510
Max length 131072 | Current length 109019 | Noises: 4520
Max length 131072 | Current length 109256 | Noises: 4530
Max length 131072 | Current length 109497 | Noises: 4540
Max length 131072 | Current length 109736 | Noises: 4550
Max length 131072 | Current length 109980 | Noises: 4560
Max length 131072 | Current length 110223 | Noises: 4570
Max length 131072 | Current length 110463 | Noises: 4580
Max length 131072 | Current length 110698 | Noises: 4590
Max length 131072 | Current length 110940 | Noises: 4600
Max length 131072 | Current length 111180 | Noises: 4610
Max length 131072 | Current length 111417 | Noises: 4620
Max length 131072 | Current length 111657 | Noises: 4630
Max length 131072 | Current length 111894 | Noises: 4640
Max length 131072 | Current length 112137 | Noises: 4650
Max length 131072 | Current length 112377 | Noises: 4660
Max length 131072 | Current length 112619 | Noises: 4670
Max length 131072 | Current length 112866 | Noises: 4680
Max length 131072 | Current length 113097 | Noises: 4690
Max length 131072 | Current length 113337 | Noises: 4700
Max length 131072 | Current length 113579 | Noises: 4710
Max length 131072 | Current length 113817 | Noises: 4720
Max length 131072 | Current length 114060 | Noises: 4730
Max length 131072 | Current length 114300 | Noises: 4740
Max length 131072 | Current length 114540 | Noises: 4750
Max length 131072 | Current length 114780 | Noises: 4760
Max length 131072 | Current length 115020 | Noises: 4770
Max length 131072 | Current length 115268 | Noises: 4780
Max length 131072 | Current length 115493 | Noises: 4790
Max length 131072 | Current length 115740 | Noises: 4800
Max length 131072 | Current length 115978 | Noises: 4810
Max length 131072 | Current length 116216 | Noises: 4820
Max length 131072 | Current length 116463 | Noises: 4830
Max length 131072 | Current length 116694 | Noises: 4840
Max length 131072 | Current length 116943 | Noises: 4850
Max length 131072 | Current length 117180 | Noises: 4860
Max length 131072 | Current length 117420 | Noises: 4870
Max length 131072 | Current length 117662 | Noises: 4880
Max length 131072 | Current length 117900 | Noises: 4890
Max length 131072 | Current length 118141 | Noises: 4900
Max length 131072 | Current length 118374 | Noises: 4910
Max length 131072 | Current length 118617 | Noises: 4920
Max length 131072 | Current length 118857 | Noises: 4930
Max length 131072 | Current length 119099 | Noises: 4940
Max length 131072 | Current length 119340 | Noises: 4950
Max length 131072 | Current length 119579 | Noises: 4960
Max length 131072 | Current length 119816 | Noises: 4970
Max length 131072 | Current length 120056 | Noises: 4980
Max length 131072 | Current length 120300 | Noises: 4990
Max length 131072 | Current length 120537 | Noises: 5000
Max length 131072 | Current length 120783 | Noises: 5010
Max length 131072 | Current length 121019 | Noises: 5020
Max length 131072 | Current length 121257 | Noises: 5030
Max length 131072 | Current length 121496 | Noises: 5040
Max length 131072 | Current length 121738 | Noises: 5050
Max length 131072 | Current length 121979 | Noises: 5060
Max length 131072 | Current length 122217 | Noises: 5070
Max length 131072 | Current length 122457 | Noises: 5080
Max length 131072 | Current length 122699 | Noises: 5090
Max length 131072 | Current length 122940 | Noises: 5100
Max length 131072 | Current length 123184 | Noises: 5110
Max length 131072 | Current length 123417 | Noises: 5120
Max length 131072 | Current length 123660 | Noises: 5130
Max length 131072 | Current length 123898 | Noises: 5140
Max length 131072 | Current length 124136 | Noises: 5150
Max length 131072 | Current length 124383 | Noises: 5160
Max length 131072 | Current length 124620 | Noises: 5170
Max length 131072 | Current length 124861 | Noises: 5180
Max length 131072 | Current length 125102 | Noises: 5190
Max length 131072 | Current length 125342 | Noises: 5200
Max length 131072 | Current length 125577 | Noises: 5210
Max length 131072 | Current length 125821 | Noises: 5220
Max length 131072 | Current length 126057 | Noises: 5230
Max length 131072 | Current length 126292 | Noises: 5240
Max length 131072 | Current length 126540 | Noises: 5250
Max length 131072 | Current length 126777 | Noises: 5260
Max length 131072 | Current length 127017 | Noises: 5270
Max length 131072 | Current length 127254 | Noises: 5280
Max length 131072 | Current length 127497 | Noises: 5290
Max length 131072 | Current length 127737 | Noises: 5300
Max length 131072 | Current length 127980 | Noises: 5310
Max length 131072 | Current length 128217 | Noises: 5320
Max length 131072 | Current length 128463 | Noises: 5330
Max length 131072 | Current length 128700 | Noises: 5340
Max length 131072 | Current length 128945 | Noises: 5350
Max length 131072 | Current length 129180 | Noises: 5360
Max length 131072 | Current length 129417 | Noises: 5370
Max length 131072 | Current length 129660 | Noises: 5380
Max length 131072 | Current length 129903 | Noises: 5390
Max length 131072 | Current length 130144 | Noises: 5400
Max length 131072 | Current length 130380 | Noises: 5410
Max length 131072 | Current length 130621 | Noises: 5420
Max length 131072 | Current length 130859 | Noises: 5430
Max length 131072 | Current length 131100 | Noises: 5440
Num noises: 5430

  0%|          | 0/5 [00:00<?, ?it/s]
 20%|██        | 1/5 [00:00<00:01,  2.68it/s]
 40%|████      | 2/5 [00:00<00:01,  2.68it/s]
 60%|██████    | 3/5 [00:01<00:00,  2.71it/s]
 80%|████████  | 4/5 [00:01<00:00,  2.75it/s]
100%|██████████| 5/5 [00:01<00:00,  2.79it/s]
100%|██████████| 5/5 [00:01<00:00,  2.76it/s]
